[INFO] Scanning for projects...
[INFO] 
[INFO] --------------< com.mimococo.marketops:marketops-server >---------------
[INFO] Building MarketOps Server 0.1.0-SNAPSHOT
[INFO]   from pom.xml
[INFO] --------------------------------[ jar ]---------------------------------
[INFO] 
[INFO] --- enforcer:3.6.3:enforce (enforce-toolchain-and-dependencies) @ marketops-server ---
[INFO] Rule 0: org.apache.maven.enforcer.rules.version.RequireJavaVersion passed
[INFO] Rule 1: org.apache.maven.enforcer.rules.version.RequireMavenVersion passed
[INFO] Rule 2: org.apache.maven.enforcer.rules.dependency.BannedDependencies passed
[INFO] Rule 3: org.apache.maven.enforcer.rules.dependency.DependencyConvergence passed
[INFO] 
[INFO] --- jacoco:0.8.15:prepare-agent (prepare-coverage) @ marketops-server ---
[INFO] argLine set to -javaagent:/Users/chzhengx/.m2/repository/org/jacoco/org.jacoco.agent/0.8.15/org.jacoco.agent-0.8.15-runtime.jar=destfile=/Users/chzhengx/Code/personal/marketops-platform/backend/marketops-server/target/jacoco.exec
[INFO] 
[INFO] --- spring-boot:4.1.0:build-info (build-info) @ marketops-server ---
[INFO] 
[INFO] --- resources:3.5.0:resources (default-resources) @ marketops-server ---
[INFO] Copying 5 resources from src/main/resources to target/classes
[INFO] Copying 66 resources from src/main/resources to target/classes
[INFO] 
[INFO] --- compiler:3.15.0:compile (default-compile) @ marketops-server ---
[INFO] Nothing to compile - all classes are up to date.
[INFO] 
[INFO] --- resources:3.5.0:testResources (default-testResources) @ marketops-server ---
[INFO] Copying 4 resources from src/test/resources to target/test-classes
[INFO] 
[INFO] --- compiler:3.15.0:testCompile (default-testCompile) @ marketops-server ---
[INFO] Recompiling the module because of changed source code.
[INFO] Compiling 270 source files with javac [debug deprecation parameters release 21] to target/test-classes
[INFO] Extracting Javadoc into /Users/chzhengx/Code/personal/marketops-platform/./build/generated-spring-modulith/javadoc.json.
[WARNING] /Users/chzhengx/Code/personal/marketops-platform/backend/marketops-server/src/test/java/com/mimococo/marketops/AdvertisingDisclosureIT.java:[83,65] asText() in tools.jackson.databind.JsonNode has been deprecated
[WARNING] /Users/chzhengx/Code/personal/marketops-platform/backend/marketops-server/src/test/java/com/mimococo/marketops/AdvertisingDisclosureIT.java:[86,74] asText() in tools.jackson.databind.JsonNode has been deprecated
[WARNING] /Users/chzhengx/Code/personal/marketops-platform/backend/marketops-server/src/test/java/com/mimococo/marketops/AdvertisingDisclosureIT.java:[90,83] asText() in tools.jackson.databind.JsonNode has been deprecated
[WARNING] /Users/chzhengx/Code/personal/marketops-platform/backend/marketops-server/src/test/java/com/mimococo/marketops/AdvertisingDisclosureIT.java:[113,49] asText() in tools.jackson.databind.JsonNode has been deprecated
[WARNING] /Users/chzhengx/Code/personal/marketops-platform/backend/marketops-server/src/test/java/com/mimococo/marketops/AdvertisingDisclosureIT.java:[162,53] asText() in tools.jackson.databind.JsonNode has been deprecated
[WARNING] /Users/chzhengx/Code/personal/marketops-platform/backend/marketops-server/src/test/java/com/mimococo/marketops/AdvertisingDisclosureIT.java:[205,52] asText() in tools.jackson.databind.JsonNode has been deprecated
[WARNING] /Users/chzhengx/Code/personal/marketops-platform/backend/marketops-server/src/test/java/com/mimococo/marketops/AdvertisingDisclosureIT.java:[285,40] asText() in tools.jackson.databind.JsonNode has been deprecated
[WARNING] /Users/chzhengx/Code/personal/marketops-platform/backend/marketops-server/src/test/java/com/mimococo/marketops/AdvertisingDisclosureIT.java:[287,53] asText() in tools.jackson.databind.JsonNode has been deprecated
[WARNING] /Users/chzhengx/Code/personal/marketops-platform/backend/marketops-server/src/test/java/com/mimococo/marketops/AdvertisingManualWorkflowIT.java:[263,69] asText() in tools.jackson.databind.JsonNode has been deprecated
[WARNING] /Users/chzhengx/Code/personal/marketops-platform/backend/marketops-server/src/test/java/com/mimococo/marketops/AdvertisingMaterialityIT.java:[31,46] asText() in tools.jackson.databind.JsonNode has been deprecated
[WARNING] /Users/chzhengx/Code/personal/marketops-platform/backend/marketops-server/src/test/java/com/mimococo/marketops/AdvertisingMaterialityIT.java:[72,40] asText() in tools.jackson.databind.JsonNode has been deprecated
[WARNING] /Users/chzhengx/Code/personal/marketops-platform/backend/marketops-server/src/test/java/com/mimococo/marketops/AdvertisingMaterialityIT.java:[77,46] asText() in tools.jackson.databind.JsonNode has been deprecated
[WARNING] /Users/chzhengx/Code/personal/marketops-platform/backend/marketops-server/src/test/java/com/mimococo/marketops/AdvertisingMaterialityIT.java:[83,40] asText() in tools.jackson.databind.JsonNode has been deprecated
[WARNING] /Users/chzhengx/Code/personal/marketops-platform/backend/marketops-server/src/test/java/com/mimococo/marketops/aicopilot/internal/application/OutputValidatorTest.java:[161,56] redundant cast to java.lang.String
[WARNING] /Users/chzhengx/Code/personal/marketops-platform/backend/marketops-server/src/test/java/com/mimococo/marketops/marketplaceintegration/adapter/http/PlatformHttpAdaptersTest.java:[103,70] unchecked generic array creation for varargs parameter of type java.util.Optional<java.lang.String>[]
[INFO] 
[INFO] --- surefire:3.5.6:test (default-test) @ marketops-server ---
[INFO] Using auto detected provider org.apache.maven.surefire.junitplatform.JUnitPlatformProvider
[INFO] 
[INFO] -------------------------------------------------------
[INFO]  T E S T S
[INFO] -------------------------------------------------------
[INFO] Running com.mimococo.marketops.advertisingefficiency.internal.application.AdvertisingVerticalPathIT
11:22:13.858 [main] INFO org.springframework.boot.test.context.SpringBootTestContextBootstrapper -- Found @SpringBootConfiguration com.mimococo.marketops.MarketOpsServerApplication for test class com.mimococo.marketops.advertisingefficiency.internal.application.AdvertisingVerticalPathIT
11:22:13.938 [main] INFO org.springframework.boot.test.context.SpringBootTestContextBootstrapper -- Found @SpringBootConfiguration com.mimococo.marketops.MarketOpsServerApplication for test class com.mimococo.marketops.advertisingefficiency.internal.application.AdvertisingVerticalPathIT
11:22:13.995 [main] INFO org.testcontainers.images.PullPolicy -- Image pull policy will be performed by: DefaultPullPolicy()
11:22:13.996 [main] INFO org.testcontainers.utility.ImageNameSubstitutor -- Image name substitution will be performed by: DefaultImageNameSubstitutor (composite of 'ConfigurationFileImageNameSubstitutor' and 'PrefixingImageNameSubstitutor')
11:22:14.007 [main] INFO org.testcontainers.DockerClientFactory -- Testcontainers version: 2.0.5
11:22:14.333 [main] INFO org.testcontainers.dockerclient.DockerClientProviderStrategy -- Loaded org.testcontainers.dockerclient.UnixSocketClientProviderStrategy from ~/.testcontainers.properties, will try it first
11:22:14.700 [main] INFO org.testcontainers.dockerclient.DockerClientProviderStrategy -- Found Docker environment with local Unix socket (unix:///var/run/docker.sock)
11:22:14.701 [main] INFO org.testcontainers.DockerClientFactory -- Docker host IP address is localhost
11:22:14.717 [main] INFO org.testcontainers.DockerClientFactory -- Connected to docker: 
  Server Version: 29.7.2
  API Version: 1.55
  Operating System: Docker Desktop
  Total Memory: 5922 MB
  Labels: 
    com.docker.desktop.address=unix:///Users/chzhengx/Library/Containers/com.docker.docker/Data/docker-cli.sock
11:22:14.980 [main] INFO tc.testcontainers/ryuk:0.14.0 -- Creating container for image: testcontainers/ryuk:0.14.0
11:22:15.157 [main] INFO org.testcontainers.utility.RegistryAuthLocator -- Credential helper/store (docker-credential-desktop) does not have credentials for https://index.docker.io/v1/
11:22:15.311 [main] INFO tc.testcontainers/ryuk:0.14.0 -- Container testcontainers/ryuk:0.14.0 is starting: 78d808a70eca1be1ed91df58aac54140733cfa64b3644528c2dfa8332035d0c3
11:22:15.616 [main] INFO tc.testcontainers/ryuk:0.14.0 -- Container testcontainers/ryuk:0.14.0 started in PT0.635938S
11:22:15.622 [main] INFO org.testcontainers.utility.RyukResourceReaper -- Ryuk started - will monitor and terminate Testcontainers containers on JVM exit
11:22:15.622 [main] INFO org.testcontainers.DockerClientFactory -- Checking the system...
11:22:15.623 [main] INFO org.testcontainers.DockerClientFactory -- ✔︎ Docker server version should be at least 1.6.0
11:22:15.654 [main] INFO tc.postgres:17.6-bookworm@sha256:f3bd19... -- Creating container for image: postgres:17.6-bookworm@sha256:f3bd19c606e442c3d7bdfa8002e03fe260a1023351e0ea4598032022b68dd6e3
11:22:15.791 [main] INFO tc.postgres:17.6-bookworm@sha256:f3bd19... -- Container postgres:17.6-bookworm@sha256:f3bd19c606e442c3d7bdfa8002e03fe260a1023351e0ea4598032022b68dd6e3 is starting: 28d4fa0c39b19f40477fe7983a59eaab31b4b1ab333ce96226ef4eda716a100c
11:22:17.435 [main] INFO tc.postgres:17.6-bookworm@sha256:f3bd19... -- Container postgres:17.6-bookworm@sha256:f3bd19c606e442c3d7bdfa8002e03fe260a1023351e0ea4598032022b68dd6e3 started in PT1.780174S
11:22:17.441 [main] INFO tc.postgres:17.6-bookworm@sha256:f3bd19... -- Container is started (JDBC URL: jdbc:postgresql://localhost:64393/marketops?loggerLevel=OFF)
{"@timestamp":"2026-09-05T03:22:17.835975Z","log":{"level":"INFO","logger":"com.mimococo.marketops.advertisingefficiency.internal.application.AdvertisingVerticalPathIT"},"process":{"pid":88379,"thread":{"name":"main"}},"service":{"name":"marketops-server","version":"0.1.0-SNAPSHOT","environment":"ci","node":{}},"message":"Starting AdvertisingVerticalPathIT v0.1.0-SNAPSHOT using Java 21.0.10 with PID 88379 (started by chzhengx in /Users/chzhengx/Code/personal/marketops-platform/backend/marketops-server)","ecs":{"version":"8.11"},"application":"marketops-server","environment":"ci","buildVersion":"0.1.0-SNAPSHOT","correlationId":"none"}
{"@timestamp":"2026-09-05T03:22:17.840047Z","log":{"level":"INFO","logger":"com.mimococo.marketops.advertisingefficiency.internal.application.AdvertisingVerticalPathIT"},"process":{"pid":88379,"thread":{"name":"main"}},"service":{"name":"marketops-server","version":"0.1.0-SNAPSHOT","environment":"ci","node":{}},"message":"The following 1 profile is active: \"ci\"","ecs":{"version":"8.11"},"application":"marketops-server","environment":"ci","buildVersion":"0.1.0-SNAPSHOT","correlationId":"none"}
{"@timestamp":"2026-09-05T03:22:24.447336Z","log":{"level":"INFO","logger":"com.mimococo.marketops.advertisingefficiency.internal.application.AdvertisingVerticalPathIT"},"process":{"pid":88379,"thread":{"name":"main"}},"service":{"name":"marketops-server","version":"0.1.0-SNAPSHOT","environment":"ci","node":{}},"message":"Started AdvertisingVerticalPathIT in 6.949 seconds (process running for 11.775)","ecs":{"version":"8.11"},"application":"marketops-server","environment":"ci","buildVersion":"0.1.0-SNAPSHOT","correlationId":"none"}
[ERROR] Tests run: 2, Failures: 0, Errors: 2, Skipped: 0, Time elapsed: 12.91 s <<< FAILURE! -- in com.mimococo.marketops.advertisingefficiency.internal.application.AdvertisingVerticalPathIT
[ERROR] com.mimococo.marketops.advertisingefficiency.internal.application.AdvertisingVerticalPathIT.acceptedFactsDriveRealHumanCommandFixtureReadbackAndMatureOutcomeHistory -- Time elapsed: 1.143 s <<< ERROR!
org.springframework.dao.DataIntegrityViolationException: 
PreparedStatementCallback; SQL [INSERT INTO ledger.return_quality_evidence_snapshot(id,organization_id,platform_listing_variant_id,report_window_start,report_window_end,
  completed_coverage,retained_coverage,return_coverage,qc_coverage,completed_source_updated_at,retained_source_updated_at,
  return_source_updated_at,qc_source_updated_at,evidence_reference,accepted_at,correlation_id)
VALUES(gen_random_uuid(),?,?,?,?,'COMPLETE','COMPLETE','COMPLETE','COMPLETE',?,?,?,?,
  'fixture://vertical/whole-window',?,'vertical')
]; ERROR: new row for relation "return_quality_evidence_snapshot" violates check constraint "return_quality_evidence_snapshot_return_ck"
  詳細：Failing row contains (b3157366-a24f-489a-804a-8d34655ddcd8, 026024e2-7b93-43de-9aa9-137620de1920, d0555b89-a76e-430a-9096-10dbeda92ee2, 2026-07-06 11:22:23.027741+08, 2026-09-05 11:27:23.027741+08, COMPLETE, COMPLETE, COMPLETE, COMPLETE, 2026-09-05 11:22:23.027741+08, 2026-09-05 11:22:23.027741+08, 2026-09-05 11:22:23.027741+08, 2026-09-05 11:22:23.027741+08, fixture://vertical/whole-window, 2026-09-05 11:22:23.027741+08, vertical, null).
	at org.springframework.jdbc.support.SQLStateSQLExceptionTranslator.doTranslate(SQLStateSQLExceptionTranslator.java:140)
	at org.springframework.jdbc.support.AbstractFallbackSQLExceptionTranslator.translate(AbstractFallbackSQLExceptionTranslator.java:102)
	at org.springframework.jdbc.support.AbstractFallbackSQLExceptionTranslator.translate(AbstractFallbackSQLExceptionTranslator.java:111)
	at org.springframework.jdbc.core.JdbcTemplate.translateException(JdbcTemplate.java:1549)
	at org.springframework.jdbc.core.JdbcTemplate.execute(JdbcTemplate.java:689)
	at org.springframework.jdbc.core.JdbcTemplate.update(JdbcTemplate.java:966)
	at org.springframework.jdbc.core.JdbcTemplate.update(JdbcTemplate.java:987)
	at org.springframework.jdbc.core.namedparam.NamedParameterJdbcTemplate.update(NamedParameterJdbcTemplate.java:339)
	at org.springframework.jdbc.core.simple.DefaultJdbcClient$DefaultStatementSpec.update(DefaultJdbcClient.java:281)
	at com.mimococo.marketops.advertisingefficiency.internal.application.AdvertisingVerticalPathIT.coverage(AdvertisingVerticalPathIT.java:253)
	at com.mimococo.marketops.advertisingefficiency.internal.application.AdvertisingVerticalPathIT.acceptPreActionFacts(AdvertisingVerticalPathIT.java:199)
	at com.mimococo.marketops.advertisingefficiency.internal.application.AdvertisingVerticalPathIT.acceptedFactsDriveRealHumanCommandFixtureReadbackAndMatureOutcomeHistory(AdvertisingVerticalPathIT.java:141)
Caused by: org.postgresql.util.PSQLException: ERROR: new row for relation "return_quality_evidence_snapshot" violates check constraint "return_quality_evidence_snapshot_return_ck"
  詳細：Failing row contains (b3157366-a24f-489a-804a-8d34655ddcd8, 026024e2-7b93-43de-9aa9-137620de1920, d0555b89-a76e-430a-9096-10dbeda92ee2, 2026-07-06 11:22:23.027741+08, 2026-09-05 11:27:23.027741+08, COMPLETE, COMPLETE, COMPLETE, COMPLETE, 2026-09-05 11:22:23.027741+08, 2026-09-05 11:22:23.027741+08, 2026-09-05 11:22:23.027741+08, 2026-09-05 11:22:23.027741+08, fixture://vertical/whole-window, 2026-09-05 11:22:23.027741+08, vertical, null).
	at org.postgresql.core.v3.QueryExecutorImpl.receiveErrorResponse(QueryExecutorImpl.java:2904)
	at org.postgresql.core.v3.QueryExecutorImpl.processResults(QueryExecutorImpl.java:2589)
	at org.postgresql.core.v3.QueryExecutorImpl.execute(QueryExecutorImpl.java:431)
	at org.postgresql.jdbc.PgStatement.executeInternal(PgStatement.java:534)
	at org.postgresql.jdbc.PgStatement.execute(PgStatement.java:437)
	at org.postgresql.jdbc.PgPreparedStatement.executeWithFlags(PgPreparedStatement.java:196)
	at org.postgresql.jdbc.PgPreparedStatement.executeUpdate(PgPreparedStatement.java:157)
	at org.springframework.jdbc.core.JdbcTemplate.lambda$update$0(JdbcTemplate.java:971)
	at org.springframework.jdbc.core.JdbcTemplate.execute(JdbcTemplate.java:670)
	... 7 more

[ERROR] com.mimococo.marketops.advertisingefficiency.internal.application.AdvertisingVerticalPathIT.missingEconomicsCreatesResponsibilityAndNeverAFabricatedCandidate -- Time elapsed: 0.531 s <<< ERROR!
org.springframework.dao.DataIntegrityViolationException: 
PreparedStatementCallback; SQL [INSERT INTO ledger.return_quality_evidence_snapshot(id,organization_id,platform_listing_variant_id,report_window_start,report_window_end,
  completed_coverage,retained_coverage,return_coverage,qc_coverage,completed_source_updated_at,retained_source_updated_at,
  return_source_updated_at,qc_source_updated_at,evidence_reference,accepted_at,correlation_id)
VALUES(gen_random_uuid(),?,?,?,?,'COMPLETE','COMPLETE','COMPLETE','COMPLETE',?,?,?,?,
  'fixture://vertical/whole-window',?,'vertical')
]; ERROR: new row for relation "return_quality_evidence_snapshot" violates check constraint "return_quality_evidence_snapshot_return_ck"
  詳細：Failing row contains (9ebc3861-3a1d-4d21-83b5-36705397a8a2, 991fc34e-90ca-4510-9456-119f8735edfc, 01e0bd1f-d660-483c-9d76-e10885d9b0ac, 2026-07-06 11:22:23.892304+08, 2026-09-05 11:27:23.892304+08, COMPLETE, COMPLETE, COMPLETE, COMPLETE, 2026-09-05 11:22:23.892304+08, 2026-09-05 11:22:23.892304+08, 2026-09-05 11:22:23.892304+08, 2026-09-05 11:22:23.892304+08, fixture://vertical/whole-window, 2026-09-05 11:22:23.892304+08, vertical, null).
	at org.springframework.jdbc.support.SQLStateSQLExceptionTranslator.doTranslate(SQLStateSQLExceptionTranslator.java:140)
	at org.springframework.jdbc.support.AbstractFallbackSQLExceptionTranslator.translate(AbstractFallbackSQLExceptionTranslator.java:102)
	at org.springframework.jdbc.support.AbstractFallbackSQLExceptionTranslator.translate(AbstractFallbackSQLExceptionTranslator.java:111)
	at org.springframework.jdbc.core.JdbcTemplate.translateException(JdbcTemplate.java:1549)
	at org.springframework.jdbc.core.JdbcTemplate.execute(JdbcTemplate.java:689)
	at org.springframework.jdbc.core.JdbcTemplate.update(JdbcTemplate.java:966)
	at org.springframework.jdbc.core.JdbcTemplate.update(JdbcTemplate.java:987)
	at org.springframework.jdbc.core.namedparam.NamedParameterJdbcTemplate.update(NamedParameterJdbcTemplate.java:339)
	at org.springframework.jdbc.core.simple.DefaultJdbcClient$DefaultStatementSpec.update(DefaultJdbcClient.java:281)
	at com.mimococo.marketops.advertisingefficiency.internal.application.AdvertisingVerticalPathIT.coverage(AdvertisingVerticalPathIT.java:253)
	at com.mimococo.marketops.advertisingefficiency.internal.application.AdvertisingVerticalPathIT.acceptPreActionFacts(AdvertisingVerticalPathIT.java:199)
	at com.mimococo.marketops.advertisingefficiency.internal.application.AdvertisingVerticalPathIT.missingEconomicsCreatesResponsibilityAndNeverAFabricatedCandidate(AdvertisingVerticalPathIT.java:128)
Caused by: org.postgresql.util.PSQLException: ERROR: new row for relation "return_quality_evidence_snapshot" violates check constraint "return_quality_evidence_snapshot_return_ck"
  詳細：Failing row contains (9ebc3861-3a1d-4d21-83b5-36705397a8a2, 991fc34e-90ca-4510-9456-119f8735edfc, 01e0bd1f-d660-483c-9d76-e10885d9b0ac, 2026-07-06 11:22:23.892304+08, 2026-09-05 11:27:23.892304+08, COMPLETE, COMPLETE, COMPLETE, COMPLETE, 2026-09-05 11:22:23.892304+08, 2026-09-05 11:22:23.892304+08, 2026-09-05 11:22:23.892304+08, 2026-09-05 11:22:23.892304+08, fixture://vertical/whole-window, 2026-09-05 11:22:23.892304+08, vertical, null).
	at org.postgresql.core.v3.QueryExecutorImpl.receiveErrorResponse(QueryExecutorImpl.java:2904)
	at org.postgresql.core.v3.QueryExecutorImpl.processResults(QueryExecutorImpl.java:2589)
	at org.postgresql.core.v3.QueryExecutorImpl.execute(QueryExecutorImpl.java:431)
	at org.postgresql.jdbc.PgStatement.executeInternal(PgStatement.java:534)
	at org.postgresql.jdbc.PgStatement.execute(PgStatement.java:437)
	at org.postgresql.jdbc.PgPreparedStatement.executeWithFlags(PgPreparedStatement.java:196)
	at org.postgresql.jdbc.PgPreparedStatement.executeUpdate(PgPreparedStatement.java:157)
	at org.springframework.jdbc.core.JdbcTemplate.lambda$update$0(JdbcTemplate.java:971)
	at org.springframework.jdbc.core.JdbcTemplate.execute(JdbcTemplate.java:670)
	... 7 more

[INFO] Running com.mimococo.marketops.advertisingefficiency.AdvertisingNonGoalsTest
[INFO] Tests run: 7, Failures: 0, Errors: 0, Skipped: 0, Time elapsed: 0.448 s -- in com.mimococo.marketops.advertisingefficiency.AdvertisingNonGoalsTest
[INFO] 
[INFO] Results:
[INFO] 
[ERROR] Errors: 
[ERROR]   AdvertisingVerticalPathIT.acceptedFactsDriveRealHumanCommandFixtureReadbackAndMatureOutcomeHistory:141->acceptPreActionFacts:199->coverage:253 » DataIntegrityViolation PreparedStatementCallback; SQL [INSERT INTO ledger.return_quality_evidence_snapshot(id,organization_id,platform_listing_variant_id,report_window_start,report_window_end,
  completed_coverage,retained_coverage,return_coverage,qc_coverage,completed_source_updated_at,retained_source_updated_at,
  return_source_updated_at,qc_source_updated_at,evidence_reference,accepted_at,correlation_id)
VALUES(gen_random_uuid(),?,?,?,?,'COMPLETE','COMPLETE','COMPLETE','COMPLETE',?,?,?,?,
  'fixture://vertical/whole-window',?,'vertical')
]; ERROR: new row for relation "return_quality_evidence_snapshot" violates check constraint "return_quality_evidence_snapshot_return_ck"
  詳細：Failing row contains (b3157366-a24f-489a-804a-8d34655ddcd8, 026024e2-7b93-43de-9aa9-137620de1920, d0555b89-a76e-430a-9096-10dbeda92ee2, 2026-07-06 11:22:23.027741+08, 2026-09-05 11:27:23.027741+08, COMPLETE, COMPLETE, COMPLETE, COMPLETE, 2026-09-05 11:22:23.027741+08, 2026-09-05 11:22:23.027741+08, 2026-09-05 11:22:23.027741+08, 2026-09-05 11:22:23.027741+08, fixture://vertical/whole-window, 2026-09-05 11:22:23.027741+08, vertical, null).
[ERROR]   AdvertisingVerticalPathIT.missingEconomicsCreatesResponsibilityAndNeverAFabricatedCandidate:128->acceptPreActionFacts:199->coverage:253 » DataIntegrityViolation PreparedStatementCallback; SQL [INSERT INTO ledger.return_quality_evidence_snapshot(id,organization_id,platform_listing_variant_id,report_window_start,report_window_end,
  completed_coverage,retained_coverage,return_coverage,qc_coverage,completed_source_updated_at,retained_source_updated_at,
  return_source_updated_at,qc_source_updated_at,evidence_reference,accepted_at,correlation_id)
VALUES(gen_random_uuid(),?,?,?,?,'COMPLETE','COMPLETE','COMPLETE','COMPLETE',?,?,?,?,
  'fixture://vertical/whole-window',?,'vertical')
]; ERROR: new row for relation "return_quality_evidence_snapshot" violates check constraint "return_quality_evidence_snapshot_return_ck"
  詳細：Failing row contains (9ebc3861-3a1d-4d21-83b5-36705397a8a2, 991fc34e-90ca-4510-9456-119f8735edfc, 01e0bd1f-d660-483c-9d76-e10885d9b0ac, 2026-07-06 11:22:23.892304+08, 2026-09-05 11:27:23.892304+08, COMPLETE, COMPLETE, COMPLETE, COMPLETE, 2026-09-05 11:22:23.892304+08, 2026-09-05 11:22:23.892304+08, 2026-09-05 11:22:23.892304+08, 2026-09-05 11:22:23.892304+08, fixture://vertical/whole-window, 2026-09-05 11:22:23.892304+08, vertical, null).
[INFO] 
[ERROR] Tests run: 9, Failures: 0, Errors: 2, Skipped: 0
[INFO] 
[INFO] ------------------------------------------------------------------------
[INFO] BUILD FAILURE
[INFO] ------------------------------------------------------------------------
[INFO] Total time:  22.761 s
[INFO] Finished at: 2026-09-05T11:22:26+08:00
[INFO] ------------------------------------------------------------------------
[ERROR] Failed to execute goal org.apache.maven.plugins:maven-surefire-plugin:3.5.6:test (default-test) on project marketops-server: 
[ERROR] 
[ERROR] See /Users/chzhengx/Code/personal/marketops-platform/backend/marketops-server/target/surefire-reports for the individual test results.
[ERROR] See dump files (if any exist) [date].dump, [date]-jvmRun[N].dump and [date].dumpstream.
[ERROR] -> [Help 1]
[ERROR] 
[ERROR] To see the full stack trace of the errors, re-run Maven with the -e switch.
[ERROR] Re-run Maven using the -X switch to enable full debug logging.
[ERROR] 
[ERROR] For more information about the errors and possible solutions, please read the following articles:
[ERROR] [Help 1] http://cwiki.apache.org/confluence/display/MAVEN/MojoFailureException
