08:33:52.065 [main] WARN com.mimococo.marketops.marketplaceintegration.internal.application.AdBidCommandWorker -- event=ad_bid_command_not_advanced commandId=3f2504e0-4f89-41d3-9a0c-0305e82c3301 state=PENDING failureType=DataIntegrityViolationException
08:33:52.847 [main] INFO org.testcontainers.images.PullPolicy -- Image pull policy will be performed by: DefaultPullPolicy()
08:33:52.852 [main] INFO org.testcontainers.utility.ImageNameSubstitutor -- Image name substitution will be performed by: DefaultImageNameSubstitutor (composite of 'ConfigurationFileImageNameSubstitutor' and 'PrefixingImageNameSubstitutor')
08:33:52.859 [main] INFO org.testcontainers.DockerClientFactory -- Testcontainers version: 2.0.5
08:33:53.003 [main] INFO org.testcontainers.dockerclient.DockerClientProviderStrategy -- Loaded org.testcontainers.dockerclient.UnixSocketClientProviderStrategy from ~/.testcontainers.properties, will try it first
08:33:53.282 [main] INFO org.testcontainers.dockerclient.DockerClientProviderStrategy -- Found Docker environment with local Unix socket (unix:///var/run/docker.sock)
08:33:53.283 [main] INFO org.testcontainers.DockerClientFactory -- Docker host IP address is localhost
08:33:53.297 [main] INFO org.testcontainers.DockerClientFactory -- Connected to docker: 
  Server Version: 29.7.2
  API Version: 1.55
  Operating System: Docker Desktop
  Total Memory: 5922 MB
  Labels: 
    com.docker.desktop.address=unix:///Users/chzhengx/Library/Containers/com.docker.docker/Data/docker-cli.sock
08:33:53.527 [main] INFO tc.testcontainers/ryuk:0.14.0 -- Creating container for image: testcontainers/ryuk:0.14.0
08:33:53.669 [main] INFO org.testcontainers.utility.RegistryAuthLocator -- Credential helper/store (docker-credential-desktop) does not have credentials for https://index.docker.io/v1/
08:33:53.806 [main] INFO tc.testcontainers/ryuk:0.14.0 -- Container testcontainers/ryuk:0.14.0 is starting: 771309bd88cfe92f145a4aa94837f0abae69b90d8319a22472f47d85809162ba
08:33:54.065 [main] INFO tc.testcontainers/ryuk:0.14.0 -- Container testcontainers/ryuk:0.14.0 started in PT0.537557S
08:33:54.071 [main] INFO org.testcontainers.utility.RyukResourceReaper -- Ryuk started - will monitor and terminate Testcontainers containers on JVM exit
08:33:54.071 [main] INFO org.testcontainers.DockerClientFactory -- Checking the system...
08:33:54.072 [main] INFO org.testcontainers.DockerClientFactory -- ✔︎ Docker server version should be at least 1.6.0
08:33:54.105 [main] INFO tc.postgres:17.6-bookworm@sha256:f3bd19... -- Creating container for image: postgres:17.6-bookworm@sha256:f3bd19c606e442c3d7bdfa8002e03fe260a1023351e0ea4598032022b68dd6e3
08:33:54.217 [main] INFO tc.postgres:17.6-bookworm@sha256:f3bd19... -- Container postgres:17.6-bookworm@sha256:f3bd19c606e442c3d7bdfa8002e03fe260a1023351e0ea4598032022b68dd6e3 is starting: b57d82064919305d38cae4e32e503a4927d695d6aae8d87693077886294a3ff3
08:33:55.334 [main] INFO tc.postgres:17.6-bookworm@sha256:f3bd19... -- Container postgres:17.6-bookworm@sha256:f3bd19c606e442c3d7bdfa8002e03fe260a1023351e0ea4598032022b68dd6e3 started in PT1.228738S
08:33:55.335 [main] INFO tc.postgres:17.6-bookworm@sha256:f3bd19... -- Container is started (JDBC URL: jdbc:postgresql://localhost:57554/marketops?loggerLevel=OFF)
08:33:55.669 [main] INFO org.flywaydb.core.FlywayExecutor -- Database: jdbc:postgresql://localhost:57554/marketops?loggerLevel=OFF (PostgreSQL 17.6)
08:33:55.797 [main] INFO org.flywaydb.core.internal.schemahistory.JdbcTableSchemaHistory -- Schema history table "public"."flyway_schema_history" does not exist yet
08:33:55.800 [main] INFO org.flywaydb.core.internal.command.DbValidate -- Successfully validated 64 migrations (execution time 00:00.064s)
08:33:55.814 [main] INFO org.flywaydb.core.internal.schemahistory.JdbcTableSchemaHistory -- Creating Schema History table "public"."flyway_schema_history" ...
08:33:55.864 [main] INFO org.flywaydb.core.internal.command.DbMigrate -- Current version of schema "public": << Empty Schema >>
08:33:55.872 [main] INFO org.flywaydb.core.internal.command.DbMigrate -- Migrating schema "public" to version "0001 - create foundation schemas"
08:33:55.893 [main] INFO org.flywaydb.core.internal.command.DbMigrate -- Migrating schema "public" to version "0002 - enable btree gist extension"
08:33:55.930 [main] INFO org.flywaydb.core.internal.command.DbMigrate -- Migrating schema "public" to version "0003 - create metadata audit event"
08:33:55.958 [main] INFO org.flywaydb.core.internal.command.DbMigrate -- Migrating schema "public" to version "0004 - create core organization metadata"
08:33:56.015 [main] INFO org.flywaydb.core.internal.command.DbMigrate -- Migrating schema "public" to version "0005 - create iam access metadata"
08:33:56.052 [main] INFO org.flywaydb.core.internal.command.DbMigrate -- Migrating schema "public" to version "0006 - create platform registry metadata"
08:33:56.128 [main] INFO org.flywaydb.core.internal.command.DbMigrate -- Migrating schema "public" to version "0007 - create ingestion control plane authority"
08:33:56.165 [main] INFO org.flywaydb.core.internal.command.DbMigrate -- Migrating schema "public" to version "0008 - attach control epoch triggers"
08:33:56.194 [main] INFO org.flywaydb.core.internal.command.DbMigrate -- Migrating schema "public" to version "0009 - create control boundary kinds and decision evidence"
08:33:56.222 [main] INFO org.flywaydb.core.internal.command.DbMigrate -- Migrating schema "public" to version "0010 - create ingestion run checkpoint and raw evidence"
08:33:56.257 [main] INFO org.flywaydb.core.internal.command.DbMigrate -- Migrating schema "public" to version "0011 - create human identity and business authorization"
08:33:56.295 [main] INFO org.flywaydb.core.internal.command.DbMigrate -- Migrating schema "public" to version "0012 - create product listing identity and mapping"
08:33:56.336 [main] INFO org.flywaydb.core.internal.command.DbMigrate -- Migrating schema "public" to version "0013 - create cross domain operating facts"
08:33:56.399 [main] INFO org.flywaydb.core.internal.command.DbMigrate -- Migrating schema "public" to version "0014 - create internal fact intake and file import"
08:33:56.442 [main] INFO org.flywaydb.core.internal.command.DbMigrate -- Migrating schema "public" to version "0015 - create canonical metric definitions and values"
08:33:56.475 [main] INFO org.flywaydb.core.internal.command.DbMigrate -- Migrating schema "public" to version "0016 - create deterministic diagnosis rules and findings"
08:33:56.501 [main] INFO org.flywaydb.core.internal.command.DbMigrate -- Migrating schema "public" to version "0017 - create ai projection invocation and output"
08:33:56.535 [main] INFO org.flywaydb.core.internal.command.DbMigrate -- Migrating schema "public" to version "0018 - create recommendation task and approval workflow"
08:33:56.568 [main] INFO org.flywaydb.core.internal.command.DbMigrate -- Migrating schema "public" to version "0019 - create commercial policy and guardrails"
08:33:56.609 [main] INFO org.flywaydb.core.internal.command.DbMigrate -- Migrating schema "public" to version "0020 - create price command outbox readback and write gate"
08:33:56.653 [main] INFO org.flywaydb.core.internal.command.DbMigrate -- Migrating schema "public" to version "0021 - create platform api profile and request shape"
08:33:56.675 [main] INFO org.flywaydb.core.internal.command.DbMigrate -- Migrating schema "public" to version "0022 - create ingestion run lifecycle and replay guard"
08:33:56.709 [main] INFO org.flywaydb.core.internal.command.DbMigrate -- Migrating schema "public" to version "0023 - create declared normalization and drift observation"
08:33:56.738 [main] INFO org.flywaydb.core.internal.command.DbMigrate -- Migrating schema "public" to version "0024 - create capability write operation shape"
08:33:56.757 [main] INFO org.flywaydb.core.internal.command.DbMigrate -- Migrating schema "public" to version "0025 - create price command attempt completion and lease recovery"
08:33:56.781 [main] INFO org.flywaydb.core.internal.command.DbMigrate -- Migrating schema "public" to version "0026 - rename operational capability column to action kind"
08:33:56.799 [main] INFO org.flywaydb.core.internal.command.DbMigrate -- Migrating schema "public" to version "0027 - create account bound registry verification"
08:33:56.831 [main] INFO org.flywaydb.core.internal.command.DbMigrate -- Migrating schema "public" to version "0028 - create bounded diagnostic export"
08:33:56.887 [main] INFO org.flywaydb.core.internal.command.DbMigrate -- Migrating schema "public" to version "0029 - version profit economics and commercial inputs"
08:33:56.938 [main] INFO org.flywaydb.core.internal.command.DbMigrate -- Migrating schema "public" to version "0030 - create availability risk policy inbound and case"
08:33:57.035 [main] INFO org.flywaydb.core.internal.command.DbMigrate -- Migrating schema "public" to version "0031 - track sustained availability lane"
08:33:57.049 [main] INFO org.flywaydb.core.internal.command.DbMigrate -- Migrating schema "public" to version "0032 - create availability fact feed cursor"
08:33:57.062 [main] INFO org.flywaydb.core.internal.command.DbMigrate -- Migrating schema "public" to version "0033 - track case improvement observation"
08:33:57.079 [main] INFO org.flywaydb.core.internal.command.DbMigrate -- Migrating schema "public" to version "0034 - close availability deep review findings"
08:33:57.138 [main] INFO org.flywaydb.core.internal.command.DbMigrate -- Migrating schema "public" to version "0035 - close availability targeted findings"
08:33:57.190 [main] INFO org.flywaydb.core.internal.command.DbMigrate -- Migrating schema "public" to version "0036 - create advertising identity and official facts"
08:33:57.256 [main] INFO org.flywaydb.core.internal.command.DbMigrate -- Migrating schema "public" to version "0037 - create advertising conversion freshness and qualification"
08:33:57.303 [main] INFO org.flywaydb.core.internal.command.DbMigrate -- Migrating schema "public" to version "0038 - create advertising case projection and orchestration"
08:33:57.366 [main] INFO org.flywaydb.core.internal.command.DbMigrate -- Migrating schema "public" to version "0039 - create advertising target materiality and manual shadow"
08:33:57.405 [main] INFO org.flywaydb.core.internal.command.DbMigrate -- Migrating schema "public" to version "0040 - widen write registry for ad bid capability"
08:33:57.437 [main] INFO org.flywaydb.core.internal.command.DbMigrate -- Migrating schema "public" to version "0041 - create advertising containment and decision bundle"
08:33:57.489 [main] INFO org.flywaydb.core.internal.command.DbMigrate -- Migrating schema "public" to version "0042 - create ad bid command outbox readback and gate"
08:33:57.539 [main] INFO org.flywaydb.core.internal.command.DbMigrate -- Migrating schema "public" to version "0043 - create ad bid attempt lifecycle and readback"
08:33:57.557 [main] INFO org.flywaydb.core.internal.command.DbMigrate -- Migrating schema "public" to version "0044 - supersede advertising cases whose cause no longer holds"
08:33:57.569 [main] INFO org.flywaydb.core.internal.command.DbMigrate -- Migrating schema "public" to version "0045 - create ad bid command from approval"
08:33:57.579 [main] INFO org.flywaydb.core.internal.command.DbMigrate -- Migrating schema "public" to version "0046 - capture ad bid authority for guardrail evaluation"
08:33:57.587 [main] INFO org.flywaydb.core.internal.command.DbMigrate -- Migrating schema "public" to version "0047 - refuse a zero target bid in the parameter contract"
08:33:57.600 [main] INFO org.flywaydb.core.internal.command.DbMigrate -- Migrating schema "public" to version "0048 - serialize advertising reservations against overlap"
08:33:57.611 [main] INFO org.flywaydb.core.internal.command.DbMigrate -- Migrating schema "public" to version "0049 - create advertising outcome plan and lineage"
08:33:57.634 [main] INFO org.flywaydb.core.internal.command.DbMigrate -- Migrating schema "public" to version "0050 - cause specific outcomes and same lineage reopen"
08:33:57.659 [main] INFO org.flywaydb.core.internal.command.DbMigrate -- Migrating schema "public" to version "0051 - bind each decision to its own authority"
08:33:57.669 [main] INFO org.flywaydb.core.internal.command.DbMigrate -- Migrating schema "public" to version "0052 - a guardrail verdict names the policy that authorised it"
08:33:57.685 [main] INFO org.flywaydb.core.internal.command.DbMigrate -- Migrating schema "public" to version "0053 - the write gate must refuse rather than raise"
08:33:57.693 [main] INFO org.flywaydb.core.internal.command.DbMigrate -- Migrating schema "public" to version "0054 - index the demand carry forward lookup"
08:33:57.702 [main] INFO org.flywaydb.core.internal.command.DbMigrate -- Migrating schema "public" to version "0055 - record what happened to a task and who did it"
08:33:57.723 [main] INFO org.flywaydb.core.internal.command.DbMigrate -- Migrating schema "public" to version "0056 - publish the daily brief and weekly review as projections"
08:33:57.757 [main] INFO org.flywaydb.core.internal.command.DbMigrate -- Migrating schema "public" to version "0057 - bind advertising responsibility and human decisions"
08:33:57.799 [main] INFO org.flywaydb.core.internal.command.DbMigrate -- Migrating schema "public" to version "0058 - seal advertising authority and control execution"
08:33:57.904 [main] INFO org.flywaydb.core.internal.command.DbMigrate -- Migrating schema "public" to version "0059 - freeze advertising outcome baselines and critical units"
08:33:57.949 [main] INFO org.flywaydb.core.internal.command.DbMigrate -- Migrating schema "public" to version "0060 - govern manual proposals packets and configuration proof"
08:33:57.985 [main] INFO org.flywaydb.core.internal.command.DbMigrate -- Migrating schema "public" to version "0061 - bind advertising exception risk and preview evidence"
08:33:58.011 [main] INFO org.flywaydb.core.internal.command.DbMigrate -- Migrating schema "public" to version "0062 - share frozen outcome authority with governed manual"
08:33:58.026 [main] INFO org.flywaydb.core.internal.command.DbMigrate -- Migrating schema "public" to version "0063 - wire advertising changes expiries and slo recovery"
08:33:58.047 [main] INFO org.flywaydb.core.internal.command.DbMigrate -- Migrating schema "public" to version "0064 - reconcile expired advertising authority"
08:33:58.061 [main] INFO org.flywaydb.core.internal.command.DbMigrate -- Successfully applied 64 migrations to schema "public", now at version v0064 (execution time 00:01.532s)
08:34:01.394 [main] INFO tc.postgres:17.6-bookworm@sha256:f3bd19... -- Creating container for image: postgres:17.6-bookworm@sha256:f3bd19c606e442c3d7bdfa8002e03fe260a1023351e0ea4598032022b68dd6e3
08:34:01.982 [main] INFO tc.postgres:17.6-bookworm@sha256:f3bd19... -- Container postgres:17.6-bookworm@sha256:f3bd19c606e442c3d7bdfa8002e03fe260a1023351e0ea4598032022b68dd6e3 is starting: 82ac241fcfbafe44faa386b94317ff3c62fc09320f95884c0237cb1b5c7a9813
08:34:03.287 [main] INFO tc.postgres:17.6-bookworm@sha256:f3bd19... -- Container postgres:17.6-bookworm@sha256:f3bd19c606e442c3d7bdfa8002e03fe260a1023351e0ea4598032022b68dd6e3 started in PT1.892639S
08:34:03.288 [main] INFO tc.postgres:17.6-bookworm@sha256:f3bd19... -- Container is started (JDBC URL: jdbc:postgresql://localhost:57755/marketops?loggerLevel=OFF)
08:34:03.327 [main] INFO org.flywaydb.core.FlywayExecutor -- Database: jdbc:postgresql://localhost:57755/marketops?loggerLevel=OFF (PostgreSQL 17.6)
08:34:03.362 [main] INFO org.flywaydb.core.internal.schemahistory.JdbcTableSchemaHistory -- Schema history table "public"."flyway_schema_history" does not exist yet
08:34:03.363 [main] INFO org.flywaydb.core.internal.command.DbValidate -- Successfully validated 64 migrations (execution time 00:00.021s)
08:34:03.374 [main] INFO org.flywaydb.core.internal.schemahistory.JdbcTableSchemaHistory -- Creating Schema History table "public"."flyway_schema_history" ...
08:34:03.405 [main] INFO org.flywaydb.core.internal.command.DbMigrate -- Current version of schema "public": << Empty Schema >>
08:34:03.411 [main] INFO org.flywaydb.core.internal.command.DbMigrate -- Migrating schema "public" to version "0001 - create foundation schemas"
08:34:03.445 [main] INFO org.flywaydb.core.internal.command.DbMigrate -- Migrating schema "public" to version "0002 - enable btree gist extension"
08:34:03.481 [main] INFO org.flywaydb.core.internal.command.DbMigrate -- Migrating schema "public" to version "0003 - create metadata audit event"
08:34:03.496 [main] INFO org.flywaydb.core.internal.command.DbMigrate -- Migrating schema "public" to version "0004 - create core organization metadata"
08:34:03.531 [main] INFO org.flywaydb.core.internal.command.DbMigrate -- Migrating schema "public" to version "0005 - create iam access metadata"
08:34:03.560 [main] INFO org.flywaydb.core.internal.command.DbMigrate -- Migrating schema "public" to version "0006 - create platform registry metadata"
08:34:03.602 [main] INFO org.flywaydb.core.internal.command.DbMigrate -- Migrating schema "public" to version "0007 - create ingestion control plane authority"
08:34:03.629 [main] INFO org.flywaydb.core.internal.command.DbMigrate -- Migrating schema "public" to version "0008 - attach control epoch triggers"
08:34:03.652 [main] INFO org.flywaydb.core.internal.command.DbMigrate -- Migrating schema "public" to version "0009 - create control boundary kinds and decision evidence"
08:34:03.678 [main] INFO org.flywaydb.core.internal.command.DbMigrate -- Migrating schema "public" to version "0010 - create ingestion run checkpoint and raw evidence"
08:34:03.709 [main] INFO org.flywaydb.core.internal.command.DbMigrate -- Migrating schema "public" to version "0011 - create human identity and business authorization"
08:34:03.748 [main] INFO org.flywaydb.core.internal.command.DbMigrate -- Migrating schema "public" to version "0012 - create product listing identity and mapping"
08:34:03.785 [main] INFO org.flywaydb.core.internal.command.DbMigrate -- Migrating schema "public" to version "0013 - create cross domain operating facts"
08:34:03.834 [main] INFO org.flywaydb.core.internal.command.DbMigrate -- Migrating schema "public" to version "0014 - create internal fact intake and file import"
08:34:03.867 [main] INFO org.flywaydb.core.internal.command.DbMigrate -- Migrating schema "public" to version "0015 - create canonical metric definitions and values"
08:34:03.890 [main] INFO org.flywaydb.core.internal.command.DbMigrate -- Migrating schema "public" to version "0016 - create deterministic diagnosis rules and findings"
08:34:03.911 [main] INFO org.flywaydb.core.internal.command.DbMigrate -- Migrating schema "public" to version "0017 - create ai projection invocation and output"
08:34:03.939 [main] INFO org.flywaydb.core.internal.command.DbMigrate -- Migrating schema "public" to version "0018 - create recommendation task and approval workflow"
08:34:03.964 [main] INFO org.flywaydb.core.internal.command.DbMigrate -- Migrating schema "public" to version "0019 - create commercial policy and guardrails"
08:34:04.000 [main] INFO org.flywaydb.core.internal.command.DbMigrate -- Migrating schema "public" to version "0020 - create price command outbox readback and write gate"
08:34:04.044 [main] INFO org.flywaydb.core.internal.command.DbMigrate -- Migrating schema "public" to version "0021 - create platform api profile and request shape"
08:34:04.068 [main] INFO org.flywaydb.core.internal.command.DbMigrate -- Migrating schema "public" to version "0022 - create ingestion run lifecycle and replay guard"
08:34:04.099 [main] INFO org.flywaydb.core.internal.command.DbMigrate -- Migrating schema "public" to version "0023 - create declared normalization and drift observation"
08:34:04.119 [main] INFO org.flywaydb.core.internal.command.DbMigrate -- Migrating schema "public" to version "0024 - create capability write operation shape"
08:34:04.136 [main] INFO org.flywaydb.core.internal.command.DbMigrate -- Migrating schema "public" to version "0025 - create price command attempt completion and lease recovery"
08:34:04.158 [main] INFO org.flywaydb.core.internal.command.DbMigrate -- Migrating schema "public" to version "0026 - rename operational capability column to action kind"
08:34:04.175 [main] INFO org.flywaydb.core.internal.command.DbMigrate -- Migrating schema "public" to version "0027 - create account bound registry verification"
08:34:04.205 [main] INFO org.flywaydb.core.internal.command.DbMigrate -- Migrating schema "public" to version "0028 - create bounded diagnostic export"
08:34:04.254 [main] INFO org.flywaydb.core.internal.command.DbMigrate -- Migrating schema "public" to version "0029 - version profit economics and commercial inputs"
08:34:04.299 [main] INFO org.flywaydb.core.internal.command.DbMigrate -- Migrating schema "public" to version "0030 - create availability risk policy inbound and case"
08:34:04.379 [main] INFO org.flywaydb.core.internal.command.DbMigrate -- Migrating schema "public" to version "0031 - track sustained availability lane"
08:34:04.388 [main] INFO org.flywaydb.core.internal.command.DbMigrate -- Migrating schema "public" to version "0032 - create availability fact feed cursor"
08:34:04.397 [main] INFO org.flywaydb.core.internal.command.DbMigrate -- Migrating schema "public" to version "0033 - track case improvement observation"
08:34:04.411 [main] INFO org.flywaydb.core.internal.command.DbMigrate -- Migrating schema "public" to version "0034 - close availability deep review findings"
08:34:04.455 [main] INFO org.flywaydb.core.internal.command.DbMigrate -- Migrating schema "public" to version "0035 - close availability targeted findings"
08:34:04.492 [main] INFO org.flywaydb.core.internal.command.DbMigrate -- Migrating schema "public" to version "0036 - create advertising identity and official facts"
08:34:04.533 [main] INFO org.flywaydb.core.internal.command.DbMigrate -- Migrating schema "public" to version "0037 - create advertising conversion freshness and qualification"
08:34:04.578 [main] INFO org.flywaydb.core.internal.command.DbMigrate -- Migrating schema "public" to version "0038 - create advertising case projection and orchestration"
08:34:04.630 [main] INFO org.flywaydb.core.internal.command.DbMigrate -- Migrating schema "public" to version "0039 - create advertising target materiality and manual shadow"
08:34:04.666 [main] INFO org.flywaydb.core.internal.command.DbMigrate -- Migrating schema "public" to version "0040 - widen write registry for ad bid capability"
08:34:04.688 [main] INFO org.flywaydb.core.internal.command.DbMigrate -- Migrating schema "public" to version "0041 - create advertising containment and decision bundle"
08:34:04.729 [main] INFO org.flywaydb.core.internal.command.DbMigrate -- Migrating schema "public" to version "0042 - create ad bid command outbox readback and gate"
08:34:04.772 [main] INFO org.flywaydb.core.internal.command.DbMigrate -- Migrating schema "public" to version "0043 - create ad bid attempt lifecycle and readback"
08:34:04.789 [main] INFO org.flywaydb.core.internal.command.DbMigrate -- Migrating schema "public" to version "0044 - supersede advertising cases whose cause no longer holds"
08:34:04.800 [main] INFO org.flywaydb.core.internal.command.DbMigrate -- Migrating schema "public" to version "0045 - create ad bid command from approval"
08:34:04.810 [main] INFO org.flywaydb.core.internal.command.DbMigrate -- Migrating schema "public" to version "0046 - capture ad bid authority for guardrail evaluation"
08:34:04.818 [main] INFO org.flywaydb.core.internal.command.DbMigrate -- Migrating schema "public" to version "0047 - refuse a zero target bid in the parameter contract"
08:34:04.827 [main] INFO org.flywaydb.core.internal.command.DbMigrate -- Migrating schema "public" to version "0048 - serialize advertising reservations against overlap"
08:34:04.842 [main] INFO org.flywaydb.core.internal.command.DbMigrate -- Migrating schema "public" to version "0049 - create advertising outcome plan and lineage"
08:34:04.862 [main] INFO org.flywaydb.core.internal.command.DbMigrate -- Migrating schema "public" to version "0050 - cause specific outcomes and same lineage reopen"
08:34:04.885 [main] INFO org.flywaydb.core.internal.command.DbMigrate -- Migrating schema "public" to version "0051 - bind each decision to its own authority"
08:34:04.895 [main] INFO org.flywaydb.core.internal.command.DbMigrate -- Migrating schema "public" to version "0052 - a guardrail verdict names the policy that authorised it"
08:34:04.908 [main] INFO org.flywaydb.core.internal.command.DbMigrate -- Migrating schema "public" to version "0053 - the write gate must refuse rather than raise"
08:34:04.917 [main] INFO org.flywaydb.core.internal.command.DbMigrate -- Migrating schema "public" to version "0054 - index the demand carry forward lookup"
08:34:04.926 [main] INFO org.flywaydb.core.internal.command.DbMigrate -- Migrating schema "public" to version "0055 - record what happened to a task and who did it"
08:34:04.944 [main] INFO org.flywaydb.core.internal.command.DbMigrate -- Migrating schema "public" to version "0056 - publish the daily brief and weekly review as projections"
08:34:04.979 [main] INFO org.flywaydb.core.internal.command.DbMigrate -- Migrating schema "public" to version "0057 - bind advertising responsibility and human decisions"
08:34:05.020 [main] INFO org.flywaydb.core.internal.command.DbMigrate -- Migrating schema "public" to version "0058 - seal advertising authority and control execution"
08:34:05.119 [main] INFO org.flywaydb.core.internal.command.DbMigrate -- Migrating schema "public" to version "0059 - freeze advertising outcome baselines and critical units"
08:34:05.159 [main] INFO org.flywaydb.core.internal.command.DbMigrate -- Migrating schema "public" to version "0060 - govern manual proposals packets and configuration proof"
08:34:05.196 [main] INFO org.flywaydb.core.internal.command.DbMigrate -- Migrating schema "public" to version "0061 - bind advertising exception risk and preview evidence"
08:34:05.227 [main] INFO org.flywaydb.core.internal.command.DbMigrate -- Migrating schema "public" to version "0062 - share frozen outcome authority with governed manual"
08:34:05.247 [main] INFO org.flywaydb.core.internal.command.DbMigrate -- Migrating schema "public" to version "0063 - wire advertising changes expiries and slo recovery"
08:34:05.270 [main] INFO org.flywaydb.core.internal.command.DbMigrate -- Migrating schema "public" to version "0064 - reconcile expired advertising authority"
08:34:05.280 [main] INFO org.flywaydb.core.internal.command.DbMigrate -- Successfully applied 64 migrations to schema "public", now at version v0064 (execution time 00:01.305s)
08:34:08.703 [main] INFO org.springframework.test.context.support.AnnotationConfigContextLoaderUtils -- Could not detect default configuration classes for test class [com.mimococo.marketops.AdvertisingTransmissionBoundaryIT]: AdvertisingTransmissionBoundaryIT does not declare any static, non-private, non-final, nested classes annotated with @Configuration.
08:34:08.826 [main] INFO org.springframework.boot.test.context.SpringBootTestContextBootstrapper -- Found @SpringBootConfiguration com.mimococo.marketops.MarketOpsServerApplication for test class com.mimococo.marketops.AdvertisingTransmissionBoundaryIT
08:34:08.858 [main] INFO org.springframework.test.context.support.AnnotationConfigContextLoaderUtils -- Could not detect default configuration classes for test class [com.mimococo.marketops.AdvertisingTransmissionBoundaryIT]: AdvertisingTransmissionBoundaryIT does not declare any static, non-private, non-final, nested classes annotated with @Configuration.
08:34:08.860 [main] INFO org.springframework.boot.test.context.SpringBootTestContextBootstrapper -- Found @SpringBootConfiguration com.mimococo.marketops.MarketOpsServerApplication for test class com.mimococo.marketops.AdvertisingTransmissionBoundaryIT
08:34:08.873 [main] INFO tc.postgres:17.6-bookworm@sha256:f3bd19... -- Creating container for image: postgres:17.6-bookworm@sha256:f3bd19c606e442c3d7bdfa8002e03fe260a1023351e0ea4598032022b68dd6e3
08:34:09.209 [main] INFO tc.postgres:17.6-bookworm@sha256:f3bd19... -- Container postgres:17.6-bookworm@sha256:f3bd19c606e442c3d7bdfa8002e03fe260a1023351e0ea4598032022b68dd6e3 is starting: 02c83857bca82209ecb8d8baf6d5f55952017c152fa65b84b32cbb73c3cd2b18
08:34:11.734 [main] INFO tc.postgres:17.6-bookworm@sha256:f3bd19... -- Container postgres:17.6-bookworm@sha256:f3bd19c606e442c3d7bdfa8002e03fe260a1023351e0ea4598032022b68dd6e3 started in PT2.860009S
08:34:11.737 [main] INFO tc.postgres:17.6-bookworm@sha256:f3bd19... -- Container is started (JDBC URL: jdbc:postgresql://localhost:57881/marketops?loggerLevel=OFF)
{"@timestamp":"2026-09-05T00:34:11.968274Z","log":{"level":"INFO","logger":"com.mimococo.marketops.AdvertisingTransmissionBoundaryIT"},"process":{"pid":56686,"thread":{"name":"main"}},"service":{"name":"marketops-server","version":"0.1.0-SNAPSHOT","environment":"ci","node":{}},"message":"Starting AdvertisingTransmissionBoundaryIT v0.1.0-SNAPSHOT using Java 21.0.10 with PID 56686 (started by chzhengx in /Users/chzhengx/Code/personal/marketops-platform/backend/marketops-server)","ecs":{"version":"8.11"},"application":"marketops-server","environment":"ci","buildVersion":"0.1.0-SNAPSHOT","correlationId":"none"}
{"@timestamp":"2026-09-05T00:34:11.970908Z","log":{"level":"INFO","logger":"com.mimococo.marketops.AdvertisingTransmissionBoundaryIT"},"process":{"pid":56686,"thread":{"name":"main"}},"service":{"name":"marketops-server","version":"0.1.0-SNAPSHOT","environment":"ci","node":{}},"message":"The following 1 profile is active: \"ci\"","ecs":{"version":"8.11"},"application":"marketops-server","environment":"ci","buildVersion":"0.1.0-SNAPSHOT","correlationId":"none"}
{"@timestamp":"2026-09-05T00:34:17.518070Z","log":{"level":"INFO","logger":"com.mimococo.marketops.AdvertisingTransmissionBoundaryIT"},"process":{"pid":56686,"thread":{"name":"main"}},"service":{"name":"marketops-server","version":"0.1.0-SNAPSHOT","environment":"ci","node":{}},"message":"Started AdvertisingTransmissionBoundaryIT in 5.74 seconds (process running for 25.12)","ecs":{"version":"8.11"},"application":"marketops-server","environment":"ci","buildVersion":"0.1.0-SNAPSHOT","correlationId":"none"}
