[INFO] Scanning for projects...
[INFO] 
[INFO] --------------< com.mimococo.marketops:marketops-server >---------------
[INFO] Building MarketOps Server 0.1.0-SNAPSHOT
[INFO]   from pom.xml
[INFO] --------------------------------[ jar ]---------------------------------
[INFO] 
[INFO] --- enforcer:3.6.3:enforce (enforce-toolchain-and-dependencies) @ marketops-server ---
[INFO] Rule 0: org.apache.maven.enforcer.rules.version.RequireJavaVersion passed
[INFO] Rule 1: org.apache.maven.enforcer.rules.version.RequireMavenVersion passed
[INFO] Rule 2: org.apache.maven.enforcer.rules.dependency.BannedDependencies passed
[INFO] Rule 3: org.apache.maven.enforcer.rules.dependency.DependencyConvergence passed
[INFO] 
[INFO] --- jacoco:0.8.15:prepare-agent (prepare-coverage) @ marketops-server ---
[INFO] argLine set to -javaagent:/Users/chzhengx/.m2/repository/org/jacoco/org.jacoco.agent/0.8.15/org.jacoco.agent-0.8.15-runtime.jar=destfile=/Users/chzhengx/Code/personal/marketops-platform/backend/marketops-server/target/jacoco.exec
[INFO] 
[INFO] --- spring-boot:4.1.0:build-info (build-info) @ marketops-server ---
[INFO] 
[INFO] --- resources:3.5.0:resources (default-resources) @ marketops-server ---
[INFO] Copying 5 resources from src/main/resources to target/classes
[INFO] Copying 66 resources from src/main/resources to target/classes
[INFO] 
[INFO] --- compiler:3.15.0:compile (default-compile) @ marketops-server ---
[INFO] Nothing to compile - all classes are up to date.
[INFO] 
[INFO] --- resources:3.5.0:testResources (default-testResources) @ marketops-server ---
[INFO] Copying 4 resources from src/test/resources to target/test-classes
[INFO] 
[INFO] --- compiler:3.15.0:testCompile (default-testCompile) @ marketops-server ---
[INFO] Recompiling the module because of changed source code.
[INFO] Compiling 270 source files with javac [debug deprecation parameters release 21] to target/test-classes
[INFO] Extracting Javadoc into /Users/chzhengx/Code/personal/marketops-platform/./build/generated-spring-modulith/javadoc.json.
[WARNING] /Users/chzhengx/Code/personal/marketops-platform/backend/marketops-server/src/test/java/com/mimococo/marketops/AdvertisingDisclosureIT.java:[83,65] asText() in tools.jackson.databind.JsonNode has been deprecated
[WARNING] /Users/chzhengx/Code/personal/marketops-platform/backend/marketops-server/src/test/java/com/mimococo/marketops/AdvertisingDisclosureIT.java:[86,74] asText() in tools.jackson.databind.JsonNode has been deprecated
[WARNING] /Users/chzhengx/Code/personal/marketops-platform/backend/marketops-server/src/test/java/com/mimococo/marketops/AdvertisingDisclosureIT.java:[90,83] asText() in tools.jackson.databind.JsonNode has been deprecated
[WARNING] /Users/chzhengx/Code/personal/marketops-platform/backend/marketops-server/src/test/java/com/mimococo/marketops/AdvertisingDisclosureIT.java:[113,49] asText() in tools.jackson.databind.JsonNode has been deprecated
[WARNING] /Users/chzhengx/Code/personal/marketops-platform/backend/marketops-server/src/test/java/com/mimococo/marketops/AdvertisingDisclosureIT.java:[162,53] asText() in tools.jackson.databind.JsonNode has been deprecated
[WARNING] /Users/chzhengx/Code/personal/marketops-platform/backend/marketops-server/src/test/java/com/mimococo/marketops/AdvertisingDisclosureIT.java:[205,52] asText() in tools.jackson.databind.JsonNode has been deprecated
[WARNING] /Users/chzhengx/Code/personal/marketops-platform/backend/marketops-server/src/test/java/com/mimococo/marketops/AdvertisingDisclosureIT.java:[285,40] asText() in tools.jackson.databind.JsonNode has been deprecated
[WARNING] /Users/chzhengx/Code/personal/marketops-platform/backend/marketops-server/src/test/java/com/mimococo/marketops/AdvertisingDisclosureIT.java:[287,53] asText() in tools.jackson.databind.JsonNode has been deprecated
[WARNING] /Users/chzhengx/Code/personal/marketops-platform/backend/marketops-server/src/test/java/com/mimococo/marketops/AdvertisingManualWorkflowIT.java:[263,69] asText() in tools.jackson.databind.JsonNode has been deprecated
[WARNING] /Users/chzhengx/Code/personal/marketops-platform/backend/marketops-server/src/test/java/com/mimococo/marketops/AdvertisingMaterialityIT.java:[31,46] asText() in tools.jackson.databind.JsonNode has been deprecated
[WARNING] /Users/chzhengx/Code/personal/marketops-platform/backend/marketops-server/src/test/java/com/mimococo/marketops/AdvertisingMaterialityIT.java:[72,40] asText() in tools.jackson.databind.JsonNode has been deprecated
[WARNING] /Users/chzhengx/Code/personal/marketops-platform/backend/marketops-server/src/test/java/com/mimococo/marketops/AdvertisingMaterialityIT.java:[77,46] asText() in tools.jackson.databind.JsonNode has been deprecated
[WARNING] /Users/chzhengx/Code/personal/marketops-platform/backend/marketops-server/src/test/java/com/mimococo/marketops/AdvertisingMaterialityIT.java:[83,40] asText() in tools.jackson.databind.JsonNode has been deprecated
[WARNING] /Users/chzhengx/Code/personal/marketops-platform/backend/marketops-server/src/test/java/com/mimococo/marketops/aicopilot/internal/application/OutputValidatorTest.java:[161,56] redundant cast to java.lang.String
[WARNING] /Users/chzhengx/Code/personal/marketops-platform/backend/marketops-server/src/test/java/com/mimococo/marketops/marketplaceintegration/adapter/http/PlatformHttpAdaptersTest.java:[103,70] unchecked generic array creation for varargs parameter of type java.util.Optional<java.lang.String>[]
[INFO] 
[INFO] --- surefire:3.5.6:test (default-test) @ marketops-server ---
[INFO] Using auto detected provider org.apache.maven.surefire.junitplatform.JUnitPlatformProvider
[INFO] 
[INFO] -------------------------------------------------------
[INFO]  T E S T S
[INFO] -------------------------------------------------------
[INFO] Running com.mimococo.marketops.advertisingefficiency.internal.application.AdvertisingVerticalPathIT
11:19:45.949 [main] INFO org.springframework.boot.test.context.SpringBootTestContextBootstrapper -- Found @SpringBootConfiguration com.mimococo.marketops.MarketOpsServerApplication for test class com.mimococo.marketops.advertisingefficiency.internal.application.AdvertisingVerticalPathIT
11:19:46.031 [main] INFO org.springframework.boot.test.context.SpringBootTestContextBootstrapper -- Found @SpringBootConfiguration com.mimococo.marketops.MarketOpsServerApplication for test class com.mimococo.marketops.advertisingefficiency.internal.application.AdvertisingVerticalPathIT
11:19:46.090 [main] INFO org.testcontainers.images.PullPolicy -- Image pull policy will be performed by: DefaultPullPolicy()
11:19:46.092 [main] INFO org.testcontainers.utility.ImageNameSubstitutor -- Image name substitution will be performed by: DefaultImageNameSubstitutor (composite of 'ConfigurationFileImageNameSubstitutor' and 'PrefixingImageNameSubstitutor')
11:19:46.102 [main] INFO org.testcontainers.DockerClientFactory -- Testcontainers version: 2.0.5
11:19:46.445 [main] INFO org.testcontainers.dockerclient.DockerClientProviderStrategy -- Loaded org.testcontainers.dockerclient.UnixSocketClientProviderStrategy from ~/.testcontainers.properties, will try it first
11:19:46.812 [main] INFO org.testcontainers.dockerclient.DockerClientProviderStrategy -- Found Docker environment with local Unix socket (unix:///var/run/docker.sock)
11:19:46.813 [main] INFO org.testcontainers.DockerClientFactory -- Docker host IP address is localhost
11:19:46.831 [main] INFO org.testcontainers.DockerClientFactory -- Connected to docker: 
  Server Version: 29.7.2
  API Version: 1.55
  Operating System: Docker Desktop
  Total Memory: 5922 MB
  Labels: 
    com.docker.desktop.address=unix:///Users/chzhengx/Library/Containers/com.docker.docker/Data/docker-cli.sock
11:19:47.127 [main] INFO tc.testcontainers/ryuk:0.14.0 -- Creating container for image: testcontainers/ryuk:0.14.0
11:19:47.315 [main] INFO org.testcontainers.utility.RegistryAuthLocator -- Credential helper/store (docker-credential-desktop) does not have credentials for https://index.docker.io/v1/
11:19:47.441 [main] INFO tc.testcontainers/ryuk:0.14.0 -- Container testcontainers/ryuk:0.14.0 is starting: 0c631685b4059dbcd11f215f9e1529c5b1bf1a19175d98ab69a5776a9c85feed
11:19:47.710 [main] INFO tc.testcontainers/ryuk:0.14.0 -- Container testcontainers/ryuk:0.14.0 started in PT0.58283S
11:19:47.718 [main] INFO org.testcontainers.utility.RyukResourceReaper -- Ryuk started - will monitor and terminate Testcontainers containers on JVM exit
11:19:47.718 [main] INFO org.testcontainers.DockerClientFactory -- Checking the system...
11:19:47.718 [main] INFO org.testcontainers.DockerClientFactory -- ✔︎ Docker server version should be at least 1.6.0
11:19:47.749 [main] INFO tc.postgres:17.6-bookworm@sha256:f3bd19... -- Creating container for image: postgres:17.6-bookworm@sha256:f3bd19c606e442c3d7bdfa8002e03fe260a1023351e0ea4598032022b68dd6e3
11:19:47.898 [main] INFO tc.postgres:17.6-bookworm@sha256:f3bd19... -- Container postgres:17.6-bookworm@sha256:f3bd19c606e442c3d7bdfa8002e03fe260a1023351e0ea4598032022b68dd6e3 is starting: 5be62224127293aab19e78dd99aed9e816ab48debb3256adc84824b532146b7f
11:19:49.013 [main] INFO tc.postgres:17.6-bookworm@sha256:f3bd19... -- Container postgres:17.6-bookworm@sha256:f3bd19c606e442c3d7bdfa8002e03fe260a1023351e0ea4598032022b68dd6e3 started in PT1.262699S
11:19:49.014 [main] INFO tc.postgres:17.6-bookworm@sha256:f3bd19... -- Container is started (JDBC URL: jdbc:postgresql://localhost:63404/marketops?loggerLevel=OFF)
{"@timestamp":"2026-09-05T03:19:49.400948Z","log":{"level":"INFO","logger":"com.mimococo.marketops.advertisingefficiency.internal.application.AdvertisingVerticalPathIT"},"process":{"pid":88107,"thread":{"name":"main"}},"service":{"name":"marketops-server","version":"0.1.0-SNAPSHOT","environment":"ci","node":{}},"message":"Starting AdvertisingVerticalPathIT v0.1.0-SNAPSHOT using Java 21.0.10 with PID 88107 (started by chzhengx in /Users/chzhengx/Code/personal/marketops-platform/backend/marketops-server)","ecs":{"version":"8.11"},"application":"marketops-server","environment":"ci","buildVersion":"0.1.0-SNAPSHOT","correlationId":"none"}
{"@timestamp":"2026-09-05T03:19:49.405098Z","log":{"level":"INFO","logger":"com.mimococo.marketops.advertisingefficiency.internal.application.AdvertisingVerticalPathIT"},"process":{"pid":88107,"thread":{"name":"main"}},"service":{"name":"marketops-server","version":"0.1.0-SNAPSHOT","environment":"ci","node":{}},"message":"The following 1 profile is active: \"ci\"","ecs":{"version":"8.11"},"application":"marketops-server","environment":"ci","buildVersion":"0.1.0-SNAPSHOT","correlationId":"none"}
{"@timestamp":"2026-09-05T03:19:56.405304Z","log":{"level":"INFO","logger":"com.mimococo.marketops.advertisingefficiency.internal.application.AdvertisingVerticalPathIT"},"process":{"pid":88107,"thread":{"name":"main"}},"service":{"name":"marketops-server","version":"0.1.0-SNAPSHOT","environment":"ci","node":{}},"message":"Started AdvertisingVerticalPathIT in 7.347 seconds (process running for 11.694)","ecs":{"version":"8.11"},"application":"marketops-server","environment":"ci","buildVersion":"0.1.0-SNAPSHOT","correlationId":"none"}
{"@timestamp":"2026-09-05T03:19:57.841260Z","log":{"level":"INFO","logger":"com.mimococo.marketops.analyticsdecision.internal.application.AnalyticsCalculationService"},"process":{"pid":88107,"thread":{"name":"main"}},"service":{"name":"marketops-server","version":"0.1.0-SNAPSHOT","environment":"ci","node":{}},"message":"An analytics run completed","ecs":{"version":"8.11"},"application":"marketops-server","environment":"ci","buildVersion":"0.1.0-SNAPSHOT","correlationId":"none","event":"analytics_run_completed","storeId":"35d2d007-178a-4d5a-ae13-92a471b63fad","window":"D30","subjectCount":1,"valueCount":33,"findingCount":9}
{"@timestamp":"2026-09-05T03:19:58.783044Z","log":{"level":"INFO","logger":"com.mimococo.marketops.analyticsdecision.internal.application.AnalyticsCalculationService"},"process":{"pid":88107,"thread":{"name":"main"}},"service":{"name":"marketops-server","version":"0.1.0-SNAPSHOT","environment":"ci","node":{}},"message":"An analytics run completed","ecs":{"version":"8.11"},"application":"marketops-server","environment":"ci","buildVersion":"0.1.0-SNAPSHOT","correlationId":"none","event":"analytics_run_completed","storeId":"75bf63a6-b0db-437d-93ae-75f91f090613","window":"D30","subjectCount":1,"valueCount":33,"findingCount":9}
[ERROR] Tests run: 2, Failures: 1, Errors: 0, Skipped: 0, Time elapsed: 13.65 s <<< FAILURE! -- in com.mimococo.marketops.advertisingefficiency.internal.application.AdvertisingVerticalPathIT
[ERROR] com.mimococo.marketops.advertisingefficiency.internal.application.AdvertisingVerticalPathIT.acceptedFactsDriveRealHumanCommandFixtureReadbackAndMatureOutcomeHistory -- Time elapsed: 1.748 s <<< FAILURE!
java.lang.AssertionError: 
[Actual canonical cases [ScoredCase[identity=AdCaseIdentity[organizationId=5fbd7a26-e684-4c34-b3da-03a511d57a18, adNativeObjectId=d0009f08-5d17-4aae-a03d-a648e1772930, lineageGeneration=1, cause=IMMATURE_SIGNAL], decision=Decision[lane=WATCH, protectionTier=null, cause=IMMATURE_SIGNAL, evidenceState=STALE, confidence=MEDIUM, blockerCodes=[]], ranking=Ranking[score=0, factors=[]], contributionProfit=AdMeasure[valueState=AVAILABLE, value=-1000.0000, evidenceState=STALE], profitPerAdRub=AdMeasure[valueState=AVAILABLE, value=-0.166667, evidenceState=STALE], officialSpend=AdMeasure[valueState=AVAILABLE, value=6000.0000, evidenceState=CANONICAL_CONFIRMED], eligibleTraffic=AdMeasure[valueState=AVAILABLE, value=100, evidenceState=CANONICAL_CONFIRMED], conversion=AdLinkedConversion[stage=CANONICAL_AD_LINKED_RETAINED_SALE, rate=AdMeasure[valueState=AVAILABLE, value=0.1, evidenceState=CANONICAL_CONFIRMED], linkedEventCount=10, eligibleTrafficCount=100, linkageCoverageRatio=1, affectedSetCoverageRatio=1, affectedSetComplete=true, windowsAligned=true, evidenceState=CANONICAL_CONFIRMED], maxCpc=MaxCpc[stage=null, ceiling=null, evidenceState=STALE, absence=ALLOWABLE_CPA_UNRESOLVED], attributionGap=AdMeasure[valueState=NOT_AVAILABLE, value=null, evidenceState=NOT_AVAILABLE], currentBid=AdMeasure[valueState=AVAILABLE, value=30.0000, evidenceState=CANONICAL_CONFIRMED], recoverableProfit=AdMeasure[valueState=NOT_AVAILABLE, value=null, evidenceState=NOT_AVAILABLE], currencyCode=RUB, variants=[]]]; purpose failures [PurposeEvidence[purpose=QUEUE_OBSERVATION, kind=COST_AND_FEE, profileId=81fd4cd9-7000-426b-b838-2e6a5be5dcc6, sourceTime=2026-09-05T03:19:54.762776Z, acceptedAt=2026-09-05T03:19:54.762776Z, expiresAt=2026-09-05T04:19:54.762776Z, eligible=false, reasonCodes=[FRESHNESS_BOUND_UNMET:QUEUE_OBSERVATION:COST_AND_FEE]], PurposeEvidence[purpose=QUEUE_OBSERVATION, kind=SELLABILITY, profileId=null, sourceTime=null, acceptedAt=null, expiresAt=null, eligible=false, reasonCodes=[FRESHNESS_PROFILE_UNRESOLVED:QUEUE_OBSERVATION:SELLABILITY]], PurposeEvidence[purpose=QUEUE_OBSERVATION, kind=AVAILABILITY, profileId=null, sourceTime=null, acceptedAt=null, expiresAt=null, eligible=false, reasonCodes=[FRESHNESS_PROFILE_UNRESOLVED:QUEUE_OBSERVATION:AVAILABILITY]], PurposeEvidence[purpose=TASK_ACTIVATION, kind=COST_AND_FEE, profileId=83f2ce66-8525-47c7-9584-07f2f2664a2e, sourceTime=2026-09-05T03:19:54.762776Z, acceptedAt=2026-09-05T03:19:54.762776Z, expiresAt=2026-09-05T04:19:54.762776Z, eligible=false, reasonCodes=[FRESHNESS_BOUND_UNMET:TASK_ACTIVATION:COST_AND_FEE]], PurposeEvidence[purpose=TASK_ACTIVATION, kind=SELLABILITY, profileId=null, sourceTime=null, acceptedAt=null, expiresAt=null, eligible=false, reasonCodes=[FRESHNESS_PROFILE_UNRESOLVED:TASK_ACTIVATION:SELLABILITY]], PurposeEvidence[purpose=TASK_ACTIVATION, kind=AVAILABILITY, profileId=null, sourceTime=null, acceptedAt=null, expiresAt=null, eligible=false, reasonCodes=[FRESHNESS_PROFILE_UNRESOLVED:TASK_ACTIVATION:AVAILABILITY]], PurposeEvidence[purpose=PROTECTION_RECOMMENDATION, kind=COST_AND_FEE, profileId=1a5fd435-1772-4603-a668-5de72db0cc49, sourceTime=2026-09-05T03:19:54.762776Z, acceptedAt=2026-09-05T03:19:54.762776Z, expiresAt=2026-09-05T04:19:54.762776Z, eligible=false, reasonCodes=[FRESHNESS_BOUND_UNMET:PROTECTION_RECOMMENDATION:COST_AND_FEE]], PurposeEvidence[purpose=PROTECTION_RECOMMENDATION, kind=SELLABILITY, profileId=null, sourceTime=null, acceptedAt=null, expiresAt=null, eligible=false, reasonCodes=[FRESHNESS_PROFILE_UNRESOLVED:PROTECTION_RECOMMENDATION:SELLABILITY]], PurposeEvidence[purpose=PROTECTION_RECOMMENDATION, kind=AVAILABILITY, profileId=null, sourceTime=null, acceptedAt=null, expiresAt=null, eligible=false, reasonCodes=[FRESHNESS_PROFILE_UNRESOLVED:PROTECTION_RECOMMENDATION:AVAILABILITY]], PurposeEvidence[purpose=OPTIMIZATION_RECOMMENDATION, kind=OFFICIAL_AD_SPEND, profileId=null, sourceTime=null, acceptedAt=null, expiresAt=null, eligible=false, reasonCodes=[FRESHNESS_PROFILE_UNRESOLVED:OPTIMIZATION_RECOMMENDATION:OFFICIAL_AD_SPEND]], PurposeEvidence[purpose=OPTIMIZATION_RECOMMENDATION, kind=OFFICIAL_AD_TRAFFIC, profileId=null, sourceTime=null, acceptedAt=null, expiresAt=null, eligible=false, reasonCodes=[FRESHNESS_PROFILE_UNRESOLVED:OPTIMIZATION_RECOMMENDATION:OFFICIAL_AD_TRAFFIC]], PurposeEvidence[purpose=OPTIMIZATION_RECOMMENDATION, kind=AD_LINKED_SALE_EVENT, profileId=null, sourceTime=null, acceptedAt=null, expiresAt=null, eligible=false, reasonCodes=[FRESHNESS_PROFILE_UNRESOLVED:OPTIMIZATION_RECOMMENDATION:AD_LINKED_SALE_EVENT]], PurposeEvidence[purpose=OPTIMIZATION_RECOMMENDATION, kind=COST_AND_FEE, profileId=null, sourceTime=null, acceptedAt=null, expiresAt=null, eligible=false, reasonCodes=[FRESHNESS_PROFILE_UNRESOLVED:OPTIMIZATION_RECOMMENDATION:COST_AND_FEE]], PurposeEvidence[purpose=OPTIMIZATION_RECOMMENDATION, kind=AD_OBJECT_CONFIGURATION, profileId=null, sourceTime=null, acceptedAt=null, expiresAt=null, eligible=false, reasonCodes=[FRESHNESS_PROFILE_UNRESOLVED:OPTIMIZATION_RECOMMENDATION:AD_OBJECT_CONFIGURATION]], PurposeEvidence[purpose=OPTIMIZATION_RECOMMENDATION, kind=AFFECTED_SET, profileId=null, sourceTime=null, acceptedAt=null, expiresAt=null, eligible=false, reasonCodes=[FRESHNESS_PROFILE_UNRESOLVED:OPTIMIZATION_RECOMMENDATION:AFFECTED_SET]], PurposeEvidence[purpose=OPTIMIZATION_RECOMMENDATION, kind=SELLABILITY, profileId=null, sourceTime=null, acceptedAt=null, expiresAt=null, eligible=false, reasonCodes=[FRESHNESS_PROFILE_UNRESOLVED:OPTIMIZATION_RECOMMENDATION:SELLABILITY]], PurposeEvidence[purpose=OPTIMIZATION_RECOMMENDATION, kind=AVAILABILITY, profileId=null, sourceTime=null, acceptedAt=null, expiresAt=null, eligible=false, reasonCodes=[FRESHNESS_PROFILE_UNRESOLVED:OPTIMIZATION_RECOMMENDATION:AVAILABILITY]], PurposeEvidence[purpose=PROTECTION_BID_WRITE, kind=COST_AND_FEE, profileId=30e3edd4-890c-4d36-a1c9-6ba580968c18, sourceTime=2026-09-05T03:19:54.762776Z, acceptedAt=2026-09-05T03:19:54.762776Z, expiresAt=2026-09-05T04:19:54.762776Z, eligible=false, reasonCodes=[FRESHNESS_BOUND_UNMET:PROTECTION_BID_WRITE:COST_AND_FEE]], PurposeEvidence[purpose=PROTECTION_BID_WRITE, kind=SELLABILITY, profileId=null, sourceTime=null, acceptedAt=null, expiresAt=null, eligible=false, reasonCodes=[FRESHNESS_PROFILE_UNRESOLVED:PROTECTION_BID_WRITE:SELLABILITY]], PurposeEvidence[purpose=PROTECTION_BID_WRITE, kind=AVAILABILITY, profileId=null, sourceTime=null, acceptedAt=null, expiresAt=null, eligible=false, reasonCodes=[FRESHNESS_PROFILE_UNRESOLVED:PROTECTION_BID_WRITE:AVAILABILITY]], PurposeEvidence[purpose=OPTIMIZATION_BID_WRITE, kind=OFFICIAL_AD_SPEND, profileId=null, sourceTime=null, acceptedAt=null, expiresAt=null, eligible=false, reasonCodes=[FRESHNESS_PROFILE_UNRESOLVED:OPTIMIZATION_BID_WRITE:OFFICIAL_AD_SPEND]], PurposeEvidence[purpose=OPTIMIZATION_BID_WRITE, kind=OFFICIAL_AD_TRAFFIC, profileId=null, sourceTime=null, acceptedAt=null, expiresAt=null, eligible=false, reasonCodes=[FRESHNESS_PROFILE_UNRESOLVED:OPTIMIZATION_BID_WRITE:OFFICIAL_AD_TRAFFIC]], PurposeEvidence[purpose=OPTIMIZATION_BID_WRITE, kind=AD_LINKED_SALE_EVENT, profileId=null, sourceTime=null, acceptedAt=null, expiresAt=null, eligible=false, reasonCodes=[FRESHNESS_PROFILE_UNRESOLVED:OPTIMIZATION_BID_WRITE:AD_LINKED_SALE_EVENT]], PurposeEvidence[purpose=OPTIMIZATION_BID_WRITE, kind=COST_AND_FEE, profileId=null, sourceTime=null, acceptedAt=null, expiresAt=null, eligible=false, reasonCodes=[FRESHNESS_PROFILE_UNRESOLVED:OPTIMIZATION_BID_WRITE:COST_AND_FEE]], PurposeEvidence[purpose=OPTIMIZATION_BID_WRITE, kind=AD_OBJECT_CONFIGURATION, profileId=null, sourceTime=null, acceptedAt=null, expiresAt=null, eligible=false, reasonCodes=[FRESHNESS_PROFILE_UNRESOLVED:OPTIMIZATION_BID_WRITE:AD_OBJECT_CONFIGURATION]], PurposeEvidence[purpose=OPTIMIZATION_BID_WRITE, kind=AFFECTED_SET, profileId=null, sourceTime=null, acceptedAt=null, expiresAt=null, eligible=false, reasonCodes=[FRESHNESS_PROFILE_UNRESOLVED:OPTIMIZATION_BID_WRITE:AFFECTED_SET]], PurposeEvidence[purpose=OPTIMIZATION_BID_WRITE, kind=SELLABILITY, profileId=null, sourceTime=null, acceptedAt=null, expiresAt=null, eligible=false, reasonCodes=[FRESHNESS_PROFILE_UNRESOLVED:OPTIMIZATION_BID_WRITE:SELLABILITY]], PurposeEvidence[purpose=OPTIMIZATION_BID_WRITE, kind=AVAILABILITY, profileId=null, sourceTime=null, acceptedAt=null, expiresAt=null, eligible=false, reasonCodes=[FRESHNESS_PROFILE_UNRESOLVED:OPTIMIZATION_BID_WRITE:AVAILABILITY]]]] 
Expecting ListN:
  ["IMMATURE_SIGNAL"]
to contain:
  ["PROVEN_ADVERTISING_LOSS"]
but could not find the following element(s):
  ["PROVEN_ADVERTISING_LOSS"]

	at com.mimococo.marketops.advertisingefficiency.internal.application.AdvertisingVerticalPathIT.acceptedFactsDriveRealHumanCommandFixtureReadbackAndMatureOutcomeHistory(AdvertisingVerticalPathIT.java:150)

[INFO] 
[INFO] Results:
[INFO] 
[ERROR] Failures: 
[ERROR]   AdvertisingVerticalPathIT.acceptedFactsDriveRealHumanCommandFixtureReadbackAndMatureOutcomeHistory:150 [Actual canonical cases [ScoredCase[identity=AdCaseIdentity[organizationId=5fbd7a26-e684-4c34-b3da-03a511d57a18, adNativeObjectId=d0009f08-5d17-4aae-a03d-a648e1772930, lineageGeneration=1, cause=IMMATURE_SIGNAL], decision=Decision[lane=WATCH, protectionTier=null, cause=IMMATURE_SIGNAL, evidenceState=STALE, confidence=MEDIUM, blockerCodes=[]], ranking=Ranking[score=0, factors=[]], contributionProfit=AdMeasure[valueState=AVAILABLE, value=-1000.0000, evidenceState=STALE], profitPerAdRub=AdMeasure[valueState=AVAILABLE, value=-0.166667, evidenceState=STALE], officialSpend=AdMeasure[valueState=AVAILABLE, value=6000.0000, evidenceState=CANONICAL_CONFIRMED], eligibleTraffic=AdMeasure[valueState=AVAILABLE, value=100, evidenceState=CANONICAL_CONFIRMED], conversion=AdLinkedConversion[stage=CANONICAL_AD_LINKED_RETAINED_SALE, rate=AdMeasure[valueState=AVAILABLE, value=0.1, evidenceState=CANONICAL_CONFIRMED], linkedEventCount=10, eligibleTrafficCount=100, linkageCoverageRatio=1, affectedSetCoverageRatio=1, affectedSetComplete=true, windowsAligned=true, evidenceState=CANONICAL_CONFIRMED], maxCpc=MaxCpc[stage=null, ceiling=null, evidenceState=STALE, absence=ALLOWABLE_CPA_UNRESOLVED], attributionGap=AdMeasure[valueState=NOT_AVAILABLE, value=null, evidenceState=NOT_AVAILABLE], currentBid=AdMeasure[valueState=AVAILABLE, value=30.0000, evidenceState=CANONICAL_CONFIRMED], recoverableProfit=AdMeasure[valueState=NOT_AVAILABLE, value=null, evidenceState=NOT_AVAILABLE], currencyCode=RUB, variants=[]]]; purpose failures [PurposeEvidence[purpose=QUEUE_OBSERVATION, kind=COST_AND_FEE, profileId=81fd4cd9-7000-426b-b838-2e6a5be5dcc6, sourceTime=2026-09-05T03:19:54.762776Z, acceptedAt=2026-09-05T03:19:54.762776Z, expiresAt=2026-09-05T04:19:54.762776Z, eligible=false, reasonCodes=[FRESHNESS_BOUND_UNMET:QUEUE_OBSERVATION:COST_AND_FEE]], PurposeEvidence[purpose=QUEUE_OBSERVATION, kind=SELLABILITY, profileId=null, sourceTime=null, acceptedAt=null, expiresAt=null, eligible=false, reasonCodes=[FRESHNESS_PROFILE_UNRESOLVED:QUEUE_OBSERVATION:SELLABILITY]], PurposeEvidence[purpose=QUEUE_OBSERVATION, kind=AVAILABILITY, profileId=null, sourceTime=null, acceptedAt=null, expiresAt=null, eligible=false, reasonCodes=[FRESHNESS_PROFILE_UNRESOLVED:QUEUE_OBSERVATION:AVAILABILITY]], PurposeEvidence[purpose=TASK_ACTIVATION, kind=COST_AND_FEE, profileId=83f2ce66-8525-47c7-9584-07f2f2664a2e, sourceTime=2026-09-05T03:19:54.762776Z, acceptedAt=2026-09-05T03:19:54.762776Z, expiresAt=2026-09-05T04:19:54.762776Z, eligible=false, reasonCodes=[FRESHNESS_BOUND_UNMET:TASK_ACTIVATION:COST_AND_FEE]], PurposeEvidence[purpose=TASK_ACTIVATION, kind=SELLABILITY, profileId=null, sourceTime=null, acceptedAt=null, expiresAt=null, eligible=false, reasonCodes=[FRESHNESS_PROFILE_UNRESOLVED:TASK_ACTIVATION:SELLABILITY]], PurposeEvidence[purpose=TASK_ACTIVATION, kind=AVAILABILITY, profileId=null, sourceTime=null, acceptedAt=null, expiresAt=null, eligible=false, reasonCodes=[FRESHNESS_PROFILE_UNRESOLVED:TASK_ACTIVATION:AVAILABILITY]], PurposeEvidence[purpose=PROTECTION_RECOMMENDATION, kind=COST_AND_FEE, profileId=1a5fd435-1772-4603-a668-5de72db0cc49, sourceTime=2026-09-05T03:19:54.762776Z, acceptedAt=2026-09-05T03:19:54.762776Z, expiresAt=2026-09-05T04:19:54.762776Z, eligible=false, reasonCodes=[FRESHNESS_BOUND_UNMET:PROTECTION_RECOMMENDATION:COST_AND_FEE]], PurposeEvidence[purpose=PROTECTION_RECOMMENDATION, kind=SELLABILITY, profileId=null, sourceTime=null, acceptedAt=null, expiresAt=null, eligible=false, reasonCodes=[FRESHNESS_PROFILE_UNRESOLVED:PROTECTION_RECOMMENDATION:SELLABILITY]], PurposeEvidence[purpose=PROTECTION_RECOMMENDATION, kind=AVAILABILITY, profileId=null, sourceTime=null, acceptedAt=null, expiresAt=null, eligible=false, reasonCodes=[FRESHNESS_PROFILE_UNRESOLVED:PROTECTION_RECOMMENDATION:AVAILABILITY]], PurposeEvidence[purpose=OPTIMIZATION_RECOMMENDATION, kind=OFFICIAL_AD_SPEND, profileId=null, sourceTime=null, acceptedAt=null, expiresAt=null, eligible=false, reasonCodes=[FRESHNESS_PROFILE_UNRESOLVED:OPTIMIZATION_RECOMMENDATION:OFFICIAL_AD_SPEND]], PurposeEvidence[purpose=OPTIMIZATION_RECOMMENDATION, kind=OFFICIAL_AD_TRAFFIC, profileId=null, sourceTime=null, acceptedAt=null, expiresAt=null, eligible=false, reasonCodes=[FRESHNESS_PROFILE_UNRESOLVED:OPTIMIZATION_RECOMMENDATION:OFFICIAL_AD_TRAFFIC]], PurposeEvidence[purpose=OPTIMIZATION_RECOMMENDATION, kind=AD_LINKED_SALE_EVENT, profileId=null, sourceTime=null, acceptedAt=null, expiresAt=null, eligible=false, reasonCodes=[FRESHNESS_PROFILE_UNRESOLVED:OPTIMIZATION_RECOMMENDATION:AD_LINKED_SALE_EVENT]], PurposeEvidence[purpose=OPTIMIZATION_RECOMMENDATION, kind=COST_AND_FEE, profileId=null, sourceTime=null, acceptedAt=null, expiresAt=null, eligible=false, reasonCodes=[FRESHNESS_PROFILE_UNRESOLVED:OPTIMIZATION_RECOMMENDATION:COST_AND_FEE]], PurposeEvidence[purpose=OPTIMIZATION_RECOMMENDATION, kind=AD_OBJECT_CONFIGURATION, profileId=null, sourceTime=null, acceptedAt=null, expiresAt=null, eligible=false, reasonCodes=[FRESHNESS_PROFILE_UNRESOLVED:OPTIMIZATION_RECOMMENDATION:AD_OBJECT_CONFIGURATION]], PurposeEvidence[purpose=OPTIMIZATION_RECOMMENDATION, kind=AFFECTED_SET, profileId=null, sourceTime=null, acceptedAt=null, expiresAt=null, eligible=false, reasonCodes=[FRESHNESS_PROFILE_UNRESOLVED:OPTIMIZATION_RECOMMENDATION:AFFECTED_SET]], PurposeEvidence[purpose=OPTIMIZATION_RECOMMENDATION, kind=SELLABILITY, profileId=null, sourceTime=null, acceptedAt=null, expiresAt=null, eligible=false, reasonCodes=[FRESHNESS_PROFILE_UNRESOLVED:OPTIMIZATION_RECOMMENDATION:SELLABILITY]], PurposeEvidence[purpose=OPTIMIZATION_RECOMMENDATION, kind=AVAILABILITY, profileId=null, sourceTime=null, acceptedAt=null, expiresAt=null, eligible=false, reasonCodes=[FRESHNESS_PROFILE_UNRESOLVED:OPTIMIZATION_RECOMMENDATION:AVAILABILITY]], PurposeEvidence[purpose=PROTECTION_BID_WRITE, kind=COST_AND_FEE, profileId=30e3edd4-890c-4d36-a1c9-6ba580968c18, sourceTime=2026-09-05T03:19:54.762776Z, acceptedAt=2026-09-05T03:19:54.762776Z, expiresAt=2026-09-05T04:19:54.762776Z, eligible=false, reasonCodes=[FRESHNESS_BOUND_UNMET:PROTECTION_BID_WRITE:COST_AND_FEE]], PurposeEvidence[purpose=PROTECTION_BID_WRITE, kind=SELLABILITY, profileId=null, sourceTime=null, acceptedAt=null, expiresAt=null, eligible=false, reasonCodes=[FRESHNESS_PROFILE_UNRESOLVED:PROTECTION_BID_WRITE:SELLABILITY]], PurposeEvidence[purpose=PROTECTION_BID_WRITE, kind=AVAILABILITY, profileId=null, sourceTime=null, acceptedAt=null, expiresAt=null, eligible=false, reasonCodes=[FRESHNESS_PROFILE_UNRESOLVED:PROTECTION_BID_WRITE:AVAILABILITY]], PurposeEvidence[purpose=OPTIMIZATION_BID_WRITE, kind=OFFICIAL_AD_SPEND, profileId=null, sourceTime=null, acceptedAt=null, expiresAt=null, eligible=false, reasonCodes=[FRESHNESS_PROFILE_UNRESOLVED:OPTIMIZATION_BID_WRITE:OFFICIAL_AD_SPEND]], PurposeEvidence[purpose=OPTIMIZATION_BID_WRITE, kind=OFFICIAL_AD_TRAFFIC, profileId=null, sourceTime=null, acceptedAt=null, expiresAt=null, eligible=false, reasonCodes=[FRESHNESS_PROFILE_UNRESOLVED:OPTIMIZATION_BID_WRITE:OFFICIAL_AD_TRAFFIC]], PurposeEvidence[purpose=OPTIMIZATION_BID_WRITE, kind=AD_LINKED_SALE_EVENT, profileId=null, sourceTime=null, acceptedAt=null, expiresAt=null, eligible=false, reasonCodes=[FRESHNESS_PROFILE_UNRESOLVED:OPTIMIZATION_BID_WRITE:AD_LINKED_SALE_EVENT]], PurposeEvidence[purpose=OPTIMIZATION_BID_WRITE, kind=COST_AND_FEE, profileId=null, sourceTime=null, acceptedAt=null, expiresAt=null, eligible=false, reasonCodes=[FRESHNESS_PROFILE_UNRESOLVED:OPTIMIZATION_BID_WRITE:COST_AND_FEE]], PurposeEvidence[purpose=OPTIMIZATION_BID_WRITE, kind=AD_OBJECT_CONFIGURATION, profileId=null, sourceTime=null, acceptedAt=null, expiresAt=null, eligible=false, reasonCodes=[FRESHNESS_PROFILE_UNRESOLVED:OPTIMIZATION_BID_WRITE:AD_OBJECT_CONFIGURATION]], PurposeEvidence[purpose=OPTIMIZATION_BID_WRITE, kind=AFFECTED_SET, profileId=null, sourceTime=null, acceptedAt=null, expiresAt=null, eligible=false, reasonCodes=[FRESHNESS_PROFILE_UNRESOLVED:OPTIMIZATION_BID_WRITE:AFFECTED_SET]], PurposeEvidence[purpose=OPTIMIZATION_BID_WRITE, kind=SELLABILITY, profileId=null, sourceTime=null, acceptedAt=null, expiresAt=null, eligible=false, reasonCodes=[FRESHNESS_PROFILE_UNRESOLVED:OPTIMIZATION_BID_WRITE:SELLABILITY]], PurposeEvidence[purpose=OPTIMIZATION_BID_WRITE, kind=AVAILABILITY, profileId=null, sourceTime=null, acceptedAt=null, expiresAt=null, eligible=false, reasonCodes=[FRESHNESS_PROFILE_UNRESOLVED:OPTIMIZATION_BID_WRITE:AVAILABILITY]]]] 
Expecting ListN:
  ["IMMATURE_SIGNAL"]
to contain:
  ["PROVEN_ADVERTISING_LOSS"]
but could not find the following element(s):
  ["PROVEN_ADVERTISING_LOSS"]

[INFO] 
[ERROR] Tests run: 2, Failures: 1, Errors: 0, Skipped: 0
[INFO] 
[INFO] ------------------------------------------------------------------------
[INFO] BUILD FAILURE
[INFO] ------------------------------------------------------------------------
[INFO] Total time:  22.667 s
[INFO] Finished at: 2026-09-05T11:19:59+08:00
[INFO] ------------------------------------------------------------------------
[ERROR] Failed to execute goal org.apache.maven.plugins:maven-surefire-plugin:3.5.6:test (default-test) on project marketops-server: There are test failures.
[ERROR] 
[ERROR] See /Users/chzhengx/Code/personal/marketops-platform/backend/marketops-server/target/surefire-reports for the individual test results.
[ERROR] See dump files (if any exist) [date].dump, [date]-jvmRun[N].dump and [date].dumpstream.
[ERROR] -> [Help 1]
[ERROR] 
[ERROR] To see the full stack trace of the errors, re-run Maven with the -e switch.
[ERROR] Re-run Maven using the -X switch to enable full debug logging.
[ERROR] 
[ERROR] For more information about the errors and possible solutions, please read the following articles:
[ERROR] [Help 1] http://cwiki.apache.org/confluence/display/MAVEN/MojoFailureException
