[INFO] Scanning for projects...
[INFO] 
[INFO] --------------< com.mimococo.marketops:marketops-server >---------------
[INFO] Building MarketOps Server 0.1.0-SNAPSHOT
[INFO]   from pom.xml
[INFO] --------------------------------[ jar ]---------------------------------
[INFO] 
[INFO] --- enforcer:3.6.3:enforce (enforce-toolchain-and-dependencies) @ marketops-server ---
[INFO] Rule 0: org.apache.maven.enforcer.rules.version.RequireJavaVersion passed
[INFO] Rule 1: org.apache.maven.enforcer.rules.version.RequireMavenVersion passed
[INFO] Rule 2: org.apache.maven.enforcer.rules.dependency.BannedDependencies passed
[INFO] Rule 3: org.apache.maven.enforcer.rules.dependency.DependencyConvergence passed
[INFO] 
[INFO] --- jacoco:0.8.15:prepare-agent (prepare-coverage) @ marketops-server ---
[INFO] argLine set to -javaagent:/Users/chzhengx/.m2/repository/org/jacoco/org.jacoco.agent/0.8.15/org.jacoco.agent-0.8.15-runtime.jar=destfile=/Users/chzhengx/Code/personal/marketops-platform/backend/marketops-server/target/jacoco.exec
[INFO] 
[INFO] --- spring-boot:4.1.0:build-info (build-info) @ marketops-server ---
[INFO] 
[INFO] --- resources:3.5.0:resources (default-resources) @ marketops-server ---
[INFO] Copying 5 resources from src/main/resources to target/classes
[INFO] Copying 66 resources from src/main/resources to target/classes
[INFO] 
[INFO] --- compiler:3.15.0:compile (default-compile) @ marketops-server ---
[INFO] Nothing to compile - all classes are up to date.
[INFO] 
[INFO] --- resources:3.5.0:testResources (default-testResources) @ marketops-server ---
[INFO] Copying 4 resources from src/test/resources to target/test-classes
[INFO] 
[INFO] --- compiler:3.15.0:testCompile (default-testCompile) @ marketops-server ---
[INFO] Recompiling the module because of changed source code.
[INFO] Compiling 270 source files with javac [debug deprecation parameters release 21] to target/test-classes
[INFO] Extracting Javadoc into /Users/chzhengx/Code/personal/marketops-platform/./build/generated-spring-modulith/javadoc.json.
[WARNING] /Users/chzhengx/Code/personal/marketops-platform/backend/marketops-server/src/test/java/com/mimococo/marketops/AdvertisingDisclosureIT.java:[83,65] asText() in tools.jackson.databind.JsonNode has been deprecated
[WARNING] /Users/chzhengx/Code/personal/marketops-platform/backend/marketops-server/src/test/java/com/mimococo/marketops/AdvertisingDisclosureIT.java:[86,74] asText() in tools.jackson.databind.JsonNode has been deprecated
[WARNING] /Users/chzhengx/Code/personal/marketops-platform/backend/marketops-server/src/test/java/com/mimococo/marketops/AdvertisingDisclosureIT.java:[90,83] asText() in tools.jackson.databind.JsonNode has been deprecated
[WARNING] /Users/chzhengx/Code/personal/marketops-platform/backend/marketops-server/src/test/java/com/mimococo/marketops/AdvertisingDisclosureIT.java:[113,49] asText() in tools.jackson.databind.JsonNode has been deprecated
[WARNING] /Users/chzhengx/Code/personal/marketops-platform/backend/marketops-server/src/test/java/com/mimococo/marketops/AdvertisingDisclosureIT.java:[162,53] asText() in tools.jackson.databind.JsonNode has been deprecated
[WARNING] /Users/chzhengx/Code/personal/marketops-platform/backend/marketops-server/src/test/java/com/mimococo/marketops/AdvertisingDisclosureIT.java:[205,52] asText() in tools.jackson.databind.JsonNode has been deprecated
[WARNING] /Users/chzhengx/Code/personal/marketops-platform/backend/marketops-server/src/test/java/com/mimococo/marketops/AdvertisingDisclosureIT.java:[285,40] asText() in tools.jackson.databind.JsonNode has been deprecated
[WARNING] /Users/chzhengx/Code/personal/marketops-platform/backend/marketops-server/src/test/java/com/mimococo/marketops/AdvertisingDisclosureIT.java:[287,53] asText() in tools.jackson.databind.JsonNode has been deprecated
[WARNING] /Users/chzhengx/Code/personal/marketops-platform/backend/marketops-server/src/test/java/com/mimococo/marketops/AdvertisingManualWorkflowIT.java:[263,69] asText() in tools.jackson.databind.JsonNode has been deprecated
[WARNING] /Users/chzhengx/Code/personal/marketops-platform/backend/marketops-server/src/test/java/com/mimococo/marketops/AdvertisingMaterialityIT.java:[31,46] asText() in tools.jackson.databind.JsonNode has been deprecated
[WARNING] /Users/chzhengx/Code/personal/marketops-platform/backend/marketops-server/src/test/java/com/mimococo/marketops/AdvertisingMaterialityIT.java:[72,40] asText() in tools.jackson.databind.JsonNode has been deprecated
[WARNING] /Users/chzhengx/Code/personal/marketops-platform/backend/marketops-server/src/test/java/com/mimococo/marketops/AdvertisingMaterialityIT.java:[77,46] asText() in tools.jackson.databind.JsonNode has been deprecated
[WARNING] /Users/chzhengx/Code/personal/marketops-platform/backend/marketops-server/src/test/java/com/mimococo/marketops/AdvertisingMaterialityIT.java:[83,40] asText() in tools.jackson.databind.JsonNode has been deprecated
[WARNING] /Users/chzhengx/Code/personal/marketops-platform/backend/marketops-server/src/test/java/com/mimococo/marketops/aicopilot/internal/application/OutputValidatorTest.java:[161,56] redundant cast to java.lang.String
[WARNING] /Users/chzhengx/Code/personal/marketops-platform/backend/marketops-server/src/test/java/com/mimococo/marketops/marketplaceintegration/adapter/http/PlatformHttpAdaptersTest.java:[103,70] unchecked generic array creation for varargs parameter of type java.util.Optional<java.lang.String>[]
[INFO] 
[INFO] --- surefire:3.5.6:test (default-test) @ marketops-server ---
[INFO] Using auto detected provider org.apache.maven.surefire.junitplatform.JUnitPlatformProvider
[INFO] 
[INFO] -------------------------------------------------------
[INFO]  T E S T S
[INFO] -------------------------------------------------------
[INFO] Running com.mimococo.marketops.advertisingefficiency.internal.application.AdvertisingVerticalPathIT
11:23:34.881 [main] INFO org.springframework.boot.test.context.SpringBootTestContextBootstrapper -- Found @SpringBootConfiguration com.mimococo.marketops.MarketOpsServerApplication for test class com.mimococo.marketops.advertisingefficiency.internal.application.AdvertisingVerticalPathIT
11:23:34.957 [main] INFO org.springframework.boot.test.context.SpringBootTestContextBootstrapper -- Found @SpringBootConfiguration com.mimococo.marketops.MarketOpsServerApplication for test class com.mimococo.marketops.advertisingefficiency.internal.application.AdvertisingVerticalPathIT
11:23:35.013 [main] INFO org.testcontainers.images.PullPolicy -- Image pull policy will be performed by: DefaultPullPolicy()
11:23:35.016 [main] INFO org.testcontainers.utility.ImageNameSubstitutor -- Image name substitution will be performed by: DefaultImageNameSubstitutor (composite of 'ConfigurationFileImageNameSubstitutor' and 'PrefixingImageNameSubstitutor')
11:23:35.026 [main] INFO org.testcontainers.DockerClientFactory -- Testcontainers version: 2.0.5
11:23:35.351 [main] INFO org.testcontainers.dockerclient.DockerClientProviderStrategy -- Loaded org.testcontainers.dockerclient.UnixSocketClientProviderStrategy from ~/.testcontainers.properties, will try it first
11:23:35.706 [main] INFO org.testcontainers.dockerclient.DockerClientProviderStrategy -- Found Docker environment with local Unix socket (unix:///var/run/docker.sock)
11:23:35.707 [main] INFO org.testcontainers.DockerClientFactory -- Docker host IP address is localhost
11:23:35.729 [main] INFO org.testcontainers.DockerClientFactory -- Connected to docker: 
  Server Version: 29.7.2
  API Version: 1.55
  Operating System: Docker Desktop
  Total Memory: 5922 MB
  Labels: 
    com.docker.desktop.address=unix:///Users/chzhengx/Library/Containers/com.docker.docker/Data/docker-cli.sock
11:23:35.986 [main] INFO tc.testcontainers/ryuk:0.14.0 -- Creating container for image: testcontainers/ryuk:0.14.0
11:23:36.150 [main] INFO org.testcontainers.utility.RegistryAuthLocator -- Credential helper/store (docker-credential-desktop) does not have credentials for https://index.docker.io/v1/
11:23:36.288 [main] INFO tc.testcontainers/ryuk:0.14.0 -- Container testcontainers/ryuk:0.14.0 is starting: a4a00a4c79a5b3efdfea4d1abbc12774391ab43fc2396bc3ccb0aca2c763d451
11:23:36.618 [main] INFO tc.testcontainers/ryuk:0.14.0 -- Container testcontainers/ryuk:0.14.0 started in PT0.632287S
11:23:36.625 [main] INFO org.testcontainers.utility.RyukResourceReaper -- Ryuk started - will monitor and terminate Testcontainers containers on JVM exit
11:23:36.625 [main] INFO org.testcontainers.DockerClientFactory -- Checking the system...
11:23:36.626 [main] INFO org.testcontainers.DockerClientFactory -- ✔︎ Docker server version should be at least 1.6.0
11:23:36.659 [main] INFO tc.postgres:17.6-bookworm@sha256:f3bd19... -- Creating container for image: postgres:17.6-bookworm@sha256:f3bd19c606e442c3d7bdfa8002e03fe260a1023351e0ea4598032022b68dd6e3
11:23:36.776 [main] INFO tc.postgres:17.6-bookworm@sha256:f3bd19... -- Container postgres:17.6-bookworm@sha256:f3bd19c606e442c3d7bdfa8002e03fe260a1023351e0ea4598032022b68dd6e3 is starting: 79b994f9db9fcefd3cf0779a7909534e4ebeb06b1b20de8005477759e97176fa
11:23:37.921 [main] INFO tc.postgres:17.6-bookworm@sha256:f3bd19... -- Container postgres:17.6-bookworm@sha256:f3bd19c606e442c3d7bdfa8002e03fe260a1023351e0ea4598032022b68dd6e3 started in PT1.261553S
11:23:37.922 [main] INFO tc.postgres:17.6-bookworm@sha256:f3bd19... -- Container is started (JDBC URL: jdbc:postgresql://localhost:64933/marketops?loggerLevel=OFF)
{"@timestamp":"2026-09-05T03:23:38.264965Z","log":{"level":"INFO","logger":"com.mimococo.marketops.advertisingefficiency.internal.application.AdvertisingVerticalPathIT"},"process":{"pid":88595,"thread":{"name":"main"}},"service":{"name":"marketops-server","version":"0.1.0-SNAPSHOT","environment":"ci","node":{}},"message":"Starting AdvertisingVerticalPathIT v0.1.0-SNAPSHOT using Java 21.0.10 with PID 88595 (started by chzhengx in /Users/chzhengx/Code/personal/marketops-platform/backend/marketops-server)","ecs":{"version":"8.11"},"application":"marketops-server","environment":"ci","buildVersion":"0.1.0-SNAPSHOT","correlationId":"none"}
{"@timestamp":"2026-09-05T03:23:38.268661Z","log":{"level":"INFO","logger":"com.mimococo.marketops.advertisingefficiency.internal.application.AdvertisingVerticalPathIT"},"process":{"pid":88595,"thread":{"name":"main"}},"service":{"name":"marketops-server","version":"0.1.0-SNAPSHOT","environment":"ci","node":{}},"message":"The following 1 profile is active: \"ci\"","ecs":{"version":"8.11"},"application":"marketops-server","environment":"ci","buildVersion":"0.1.0-SNAPSHOT","correlationId":"none"}
{"@timestamp":"2026-09-05T03:23:45.190850Z","log":{"level":"INFO","logger":"com.mimococo.marketops.advertisingefficiency.internal.application.AdvertisingVerticalPathIT"},"process":{"pid":88595,"thread":{"name":"main"}},"service":{"name":"marketops-server","version":"0.1.0-SNAPSHOT","environment":"ci","node":{}},"message":"Started AdvertisingVerticalPathIT in 7.223 seconds (process running for 11.406)","ecs":{"version":"8.11"},"application":"marketops-server","environment":"ci","buildVersion":"0.1.0-SNAPSHOT","correlationId":"none"}
{"@timestamp":"2026-09-05T03:23:46.930380Z","log":{"level":"INFO","logger":"com.mimococo.marketops.analyticsdecision.internal.application.AnalyticsCalculationService"},"process":{"pid":88595,"thread":{"name":"main"}},"service":{"name":"marketops-server","version":"0.1.0-SNAPSHOT","environment":"ci","node":{}},"message":"An analytics run completed","ecs":{"version":"8.11"},"application":"marketops-server","environment":"ci","buildVersion":"0.1.0-SNAPSHOT","correlationId":"none","event":"analytics_run_completed","storeId":"4684fdf2-4a7a-4527-84c2-7c129757adb1","window":"D30","subjectCount":1,"valueCount":33,"findingCount":9}
{"@timestamp":"2026-09-05T03:23:47.322720Z","log":{"level":"INFO","logger":"com.mimococo.marketops.adminobservability.internal.audit.JdbcMetadataAuditStore"},"process":{"pid":88595,"thread":{"name":"main"}},"service":{"name":"marketops-server","version":"0.1.0-SNAPSHOT","environment":"ci","node":{}},"message":"Metadata change recorded","ecs":{"version":"8.11"},"application":"marketops-server","environment":"ci","buildVersion":"0.1.0-SNAPSHOT","correlationId":"none","event":"metadata_change_recorded","sourceDomain":"operationsworkflow","entityType":"recommendation","entityId":"c8eebaff-19f7-4973-a23e-0115bd377924","action":"CREATE","actorId":"advertising-calculation"}
{"@timestamp":"2026-09-05T03:23:48.120654Z","log":{"level":"INFO","logger":"com.mimococo.marketops.analyticsdecision.internal.application.AnalyticsCalculationService"},"process":{"pid":88595,"thread":{"name":"main"}},"service":{"name":"marketops-server","version":"0.1.0-SNAPSHOT","environment":"ci","node":{}},"message":"An analytics run completed","ecs":{"version":"8.11"},"application":"marketops-server","environment":"ci","buildVersion":"0.1.0-SNAPSHOT","correlationId":"none","event":"analytics_run_completed","storeId":"86cda953-19d2-4363-988b-9d779439dda0","window":"D30","subjectCount":1,"valueCount":33,"findingCount":9}
[ERROR] Tests run: 2, Failures: 0, Errors: 1, Skipped: 0, Time elapsed: 13.87 s <<< FAILURE! -- in com.mimococo.marketops.advertisingefficiency.internal.application.AdvertisingVerticalPathIT
[ERROR] com.mimococo.marketops.advertisingefficiency.internal.application.AdvertisingVerticalPathIT.acceptedFactsDriveRealHumanCommandFixtureReadbackAndMatureOutcomeHistory -- Time elapsed: 2.233 s <<< ERROR!
org.springframework.dao.DataIntegrityViolationException: 
PreparedStatementCallback; SQL [INSERT INTO platform.platform_endpoint(id,platform_code,endpoint_code,api_version,http_method,path_template,query_template,
  operation_function,capability_id,read_write_class,pagination_model,idempotency_support,verification_state,last_verified_at,
  evidence_ref,verified_source_title,owner_label,contract_test_status,status,created_at,updated_at)
VALUES(?,?,?,'v1',?,?,?,?,?,?,'NONE','YES','VERIFIED',?,
  'fixture://vertical/protocol','Synthetic port protocol','test','PASSING','ACTIVE',?,?)
]; ERROR: new row for relation "platform_endpoint" violates check constraint "platform_endpoint_endpoint_code_ck"
  詳細：Failing row contains (f76c851e-5b31-4cbe-8710-380c6cbb0c1b, FICTIONAL_D091BB12BCB5, vertical.APPLY, v1, POST, /fixture/ad-bid/apply, ca0350e2-7553-4526-95d5-c2f3cd302a73, WRITE, NONE, null, null, null, YES, null, null, null, null, null, null, VERIFIED, 2026-09-05 11:23:43.586198+08, fixture://vertical/protocol, Synthetic port protocol, test, PASSING, ACTIVE, 2026-09-05 11:23:43.586198+08, 2026-09-05 11:23:43.586198+08, 0, AD_BID_APPLY, null, null, null, null).
	at org.springframework.jdbc.support.SQLStateSQLExceptionTranslator.doTranslate(SQLStateSQLExceptionTranslator.java:140)
	at org.springframework.jdbc.support.AbstractFallbackSQLExceptionTranslator.translate(AbstractFallbackSQLExceptionTranslator.java:102)
	at org.springframework.jdbc.support.AbstractFallbackSQLExceptionTranslator.translate(AbstractFallbackSQLExceptionTranslator.java:111)
	at org.springframework.jdbc.core.JdbcTemplate.translateException(JdbcTemplate.java:1549)
	at org.springframework.jdbc.core.JdbcTemplate.execute(JdbcTemplate.java:689)
	at org.springframework.jdbc.core.JdbcTemplate.update(JdbcTemplate.java:966)
	at org.springframework.jdbc.core.JdbcTemplate.update(JdbcTemplate.java:987)
	at org.springframework.jdbc.core.namedparam.NamedParameterJdbcTemplate.update(NamedParameterJdbcTemplate.java:339)
	at org.springframework.jdbc.core.simple.DefaultJdbcClient$DefaultStatementSpec.update(DefaultJdbcClient.java:281)
	at com.mimococo.marketops.advertisingefficiency.internal.application.AdvertisingVerticalPathIT.fictionalDispatchControls(AdvertisingVerticalPathIT.java:332)
	at com.mimococo.marketops.advertisingefficiency.internal.application.AdvertisingVerticalPathIT.acceptedFactsDriveRealHumanCommandFixtureReadbackAndMatureOutcomeHistory(AdvertisingVerticalPathIT.java:163)
Caused by: org.postgresql.util.PSQLException: ERROR: new row for relation "platform_endpoint" violates check constraint "platform_endpoint_endpoint_code_ck"
  詳細：Failing row contains (f76c851e-5b31-4cbe-8710-380c6cbb0c1b, FICTIONAL_D091BB12BCB5, vertical.APPLY, v1, POST, /fixture/ad-bid/apply, ca0350e2-7553-4526-95d5-c2f3cd302a73, WRITE, NONE, null, null, null, YES, null, null, null, null, null, null, VERIFIED, 2026-09-05 11:23:43.586198+08, fixture://vertical/protocol, Synthetic port protocol, test, PASSING, ACTIVE, 2026-09-05 11:23:43.586198+08, 2026-09-05 11:23:43.586198+08, 0, AD_BID_APPLY, null, null, null, null).
	at org.postgresql.core.v3.QueryExecutorImpl.receiveErrorResponse(QueryExecutorImpl.java:2904)
	at org.postgresql.core.v3.QueryExecutorImpl.processResults(QueryExecutorImpl.java:2589)
	at org.postgresql.core.v3.QueryExecutorImpl.execute(QueryExecutorImpl.java:431)
	at org.postgresql.jdbc.PgStatement.executeInternal(PgStatement.java:534)
	at org.postgresql.jdbc.PgStatement.execute(PgStatement.java:437)
	at org.postgresql.jdbc.PgPreparedStatement.executeWithFlags(PgPreparedStatement.java:196)
	at org.postgresql.jdbc.PgPreparedStatement.executeUpdate(PgPreparedStatement.java:157)
	at org.springframework.jdbc.core.JdbcTemplate.lambda$update$0(JdbcTemplate.java:971)
	at org.springframework.jdbc.core.JdbcTemplate.execute(JdbcTemplate.java:670)
	... 6 more

[INFO] Running com.mimococo.marketops.advertisingefficiency.AdvertisingNonGoalsTest
[INFO] Tests run: 7, Failures: 0, Errors: 0, Skipped: 0, Time elapsed: 0.386 s -- in com.mimococo.marketops.advertisingefficiency.AdvertisingNonGoalsTest
[INFO] 
[INFO] Results:
[INFO] 
[ERROR] Errors: 
[ERROR]   AdvertisingVerticalPathIT.acceptedFactsDriveRealHumanCommandFixtureReadbackAndMatureOutcomeHistory:163->fictionalDispatchControls:332 » DataIntegrityViolation PreparedStatementCallback; SQL [INSERT INTO platform.platform_endpoint(id,platform_code,endpoint_code,api_version,http_method,path_template,query_template,
  operation_function,capability_id,read_write_class,pagination_model,idempotency_support,verification_state,last_verified_at,
  evidence_ref,verified_source_title,owner_label,contract_test_status,status,created_at,updated_at)
VALUES(?,?,?,'v1',?,?,?,?,?,?,'NONE','YES','VERIFIED',?,
  'fixture://vertical/protocol','Synthetic port protocol','test','PASSING','ACTIVE',?,?)
]; ERROR: new row for relation "platform_endpoint" violates check constraint "platform_endpoint_endpoint_code_ck"
  詳細：Failing row contains (f76c851e-5b31-4cbe-8710-380c6cbb0c1b, FICTIONAL_D091BB12BCB5, vertical.APPLY, v1, POST, /fixture/ad-bid/apply, ca0350e2-7553-4526-95d5-c2f3cd302a73, WRITE, NONE, null, null, null, YES, null, null, null, null, null, null, VERIFIED, 2026-09-05 11:23:43.586198+08, fixture://vertical/protocol, Synthetic port protocol, test, PASSING, ACTIVE, 2026-09-05 11:23:43.586198+08, 2026-09-05 11:23:43.586198+08, 0, AD_BID_APPLY, null, null, null, null).
[INFO] 
[ERROR] Tests run: 9, Failures: 0, Errors: 1, Skipped: 0
[INFO] 
[INFO] ------------------------------------------------------------------------
[INFO] BUILD FAILURE
[INFO] ------------------------------------------------------------------------
[INFO] Total time:  22.805 s
[INFO] Finished at: 2026-09-05T11:23:48+08:00
[INFO] ------------------------------------------------------------------------
[ERROR] Failed to execute goal org.apache.maven.plugins:maven-surefire-plugin:3.5.6:test (default-test) on project marketops-server: 
[ERROR] 
[ERROR] See /Users/chzhengx/Code/personal/marketops-platform/backend/marketops-server/target/surefire-reports for the individual test results.
[ERROR] See dump files (if any exist) [date].dump, [date]-jvmRun[N].dump and [date].dumpstream.
[ERROR] -> [Help 1]
[ERROR] 
[ERROR] To see the full stack trace of the errors, re-run Maven with the -e switch.
[ERROR] Re-run Maven using the -X switch to enable full debug logging.
[ERROR] 
[ERROR] For more information about the errors and possible solutions, please read the following articles:
[ERROR] [Help 1] http://cwiki.apache.org/confluence/display/MAVEN/MojoFailureException
