[INFO] Scanning for projects...
[INFO] 
[INFO] --------------< com.mimococo.marketops:marketops-server >---------------
[INFO] Building MarketOps Server 0.1.0-SNAPSHOT
[INFO]   from pom.xml
[INFO] --------------------------------[ jar ]---------------------------------
[INFO] 
[INFO] --- enforcer:3.6.3:enforce (enforce-toolchain-and-dependencies) @ marketops-server ---
[INFO] Rule 0: org.apache.maven.enforcer.rules.version.RequireJavaVersion passed
[INFO] Rule 1: org.apache.maven.enforcer.rules.version.RequireMavenVersion passed
[INFO] Rule 2: org.apache.maven.enforcer.rules.dependency.BannedDependencies passed
[INFO] Rule 3: org.apache.maven.enforcer.rules.dependency.DependencyConvergence passed
[INFO] 
[INFO] --- jacoco:0.8.15:prepare-agent (prepare-coverage) @ marketops-server ---
[INFO] argLine set to -javaagent:/Users/chzhengx/.m2/repository/org/jacoco/org.jacoco.agent/0.8.15/org.jacoco.agent-0.8.15-runtime.jar=destfile=/Users/chzhengx/Code/personal/marketops-platform/backend/marketops-server/target/jacoco.exec
[INFO] 
[INFO] --- spring-boot:4.1.0:build-info (build-info) @ marketops-server ---
[INFO] 
[INFO] --- resources:3.5.0:resources (default-resources) @ marketops-server ---
[INFO] Copying 5 resources from src/main/resources to target/classes
[INFO] Copying 66 resources from src/main/resources to target/classes
[INFO] 
[INFO] --- compiler:3.15.0:compile (default-compile) @ marketops-server ---
[INFO] Recompiling the module because of changed source code.
[INFO] Compiling 666 source files with javac [debug deprecation parameters release 21] to target/classes
[WARNING] /Users/chzhengx/Code/personal/marketops-platform/backend/marketops-server/src/main/java/com/mimococo/marketops/advertisingefficiency/internal/infrastructure/jdbc/AdvertisingRecalculationRepository.java:[118,25] trailing white space will be removed
[INFO] Extracting Javadoc into /Users/chzhengx/Code/personal/marketops-platform/backend/marketops-server/./target/generated-spring-modulith/javadoc.json.
[WARNING] /Users/chzhengx/Code/personal/marketops-platform/backend/marketops-server/src/main/java/com/mimococo/marketops/operationsworkflow/internal/application/AdvertisingTaskSloService.java:[46,42] isTextual() in tools.jackson.databind.JsonNode has been deprecated
[WARNING] /Users/chzhengx/Code/personal/marketops-platform/backend/marketops-server/src/main/java/com/mimococo/marketops/operationsworkflow/internal/application/AdvertisingTaskSloService.java:[47,78] asText() in tools.jackson.databind.JsonNode has been deprecated
[WARNING] /Users/chzhengx/Code/personal/marketops-platform/backend/marketops-server/src/main/java/com/mimococo/marketops/operationsworkflow/internal/application/AdvertisingTaskSloService.java:[51,82] isTextual() in tools.jackson.databind.JsonNode has been deprecated
[WARNING] /Users/chzhengx/Code/personal/marketops-platform/backend/marketops-server/src/main/java/com/mimococo/marketops/operationsworkflow/internal/application/AdvertisingTaskSloService.java:[52,82] asText() in tools.jackson.databind.JsonNode has been deprecated
[WARNING] /Users/chzhengx/Code/personal/marketops-platform/backend/marketops-server/src/main/java/com/mimococo/marketops/operationsworkflow/internal/application/AdvertisingTaskSloService.java:[52,123] asText() in tools.jackson.databind.JsonNode has been deprecated
[WARNING] /Users/chzhengx/Code/personal/marketops-platform/backend/marketops-server/src/main/java/com/mimococo/marketops/operationsworkflow/internal/application/AdvertisingTaskSloService.java:[58,90] asText() in tools.jackson.databind.JsonNode has been deprecated
[WARNING] /Users/chzhengx/Code/personal/marketops-platform/backend/marketops-server/src/main/java/com/mimococo/marketops/shared/internal/errors/ConsoleProblemAdvice.java:[56,61] PAYLOAD_TOO_LARGE in org.springframework.http.HttpStatus has been deprecated
[WARNING] /Users/chzhengx/Code/personal/marketops-platform/backend/marketops-server/src/main/java/com/mimococo/marketops/shared/internal/errors/ConsoleProblemAdvice.java:[77,66] UNPROCESSABLE_ENTITY in org.springframework.http.HttpStatus has been deprecated
[WARNING] /Users/chzhengx/Code/personal/marketops-platform/backend/marketops-server/src/main/java/com/mimococo/marketops/shared/internal/migration/ManagedMigrationEvidence.java:[22,7] auto-closeable resource com.mimococo.marketops.shared.internal.migration.ManagedMigrationEvidence has a member method close() that could throw InterruptedException
[WARNING] /Users/chzhengx/Code/personal/marketops-platform/backend/marketops-server/src/main/java/com/mimococo/marketops/shared/internal/migration/ManagedMigrationRunner.java:[84,18] auto-closeable resource com.mimococo.marketops.shared.internal.migration.ManagedMigrationEvidence has a member method close() that could throw InterruptedException
[WARNING] /Users/chzhengx/Code/personal/marketops-platform/backend/marketops-server/src/main/java/com/mimococo/marketops/shared/internal/migration/ManagedMigrationRunner.java:[260,22] auto-closeable resource com.mimococo.marketops.shared.internal.migration.ManagedMigrationEvidence has a member method close() that could throw InterruptedException
[INFO] 
[INFO] --- resources:3.5.0:testResources (default-testResources) @ marketops-server ---
[INFO] Copying 4 resources from src/test/resources to target/test-classes
[INFO] 
[INFO] --- compiler:3.15.0:testCompile (default-testCompile) @ marketops-server ---
[INFO] Recompiling the module because of changed dependency.
[INFO] Compiling 271 source files with javac [debug deprecation parameters release 21] to target/test-classes
[WARNING] /Users/chzhengx/Code/personal/marketops-platform/backend/marketops-server/src/test/java/com/mimococo/marketops/AdvertisingDisclosureIT.java:[83,65] asText() in tools.jackson.databind.JsonNode has been deprecated
[WARNING] /Users/chzhengx/Code/personal/marketops-platform/backend/marketops-server/src/test/java/com/mimococo/marketops/AdvertisingDisclosureIT.java:[86,74] asText() in tools.jackson.databind.JsonNode has been deprecated
[WARNING] /Users/chzhengx/Code/personal/marketops-platform/backend/marketops-server/src/test/java/com/mimococo/marketops/AdvertisingDisclosureIT.java:[90,83] asText() in tools.jackson.databind.JsonNode has been deprecated
[WARNING] /Users/chzhengx/Code/personal/marketops-platform/backend/marketops-server/src/test/java/com/mimococo/marketops/AdvertisingDisclosureIT.java:[113,49] asText() in tools.jackson.databind.JsonNode has been deprecated
[WARNING] /Users/chzhengx/Code/personal/marketops-platform/backend/marketops-server/src/test/java/com/mimococo/marketops/AdvertisingDisclosureIT.java:[162,53] asText() in tools.jackson.databind.JsonNode has been deprecated
[WARNING] /Users/chzhengx/Code/personal/marketops-platform/backend/marketops-server/src/test/java/com/mimococo/marketops/AdvertisingDisclosureIT.java:[207,52] asText() in tools.jackson.databind.JsonNode has been deprecated
[WARNING] /Users/chzhengx/Code/personal/marketops-platform/backend/marketops-server/src/test/java/com/mimococo/marketops/AdvertisingDisclosureIT.java:[288,75] asText() in tools.jackson.databind.JsonNode has been deprecated
[WARNING] /Users/chzhengx/Code/personal/marketops-platform/backend/marketops-server/src/test/java/com/mimococo/marketops/AdvertisingDisclosureIT.java:[289,79] asText() in tools.jackson.databind.JsonNode has been deprecated
[WARNING] /Users/chzhengx/Code/personal/marketops-platform/backend/marketops-server/src/test/java/com/mimococo/marketops/AdvertisingDisclosureIT.java:[292,40] asText() in tools.jackson.databind.JsonNode has been deprecated
[WARNING] /Users/chzhengx/Code/personal/marketops-platform/backend/marketops-server/src/test/java/com/mimococo/marketops/AdvertisingDisclosureIT.java:[294,53] asText() in tools.jackson.databind.JsonNode has been deprecated
[WARNING] /Users/chzhengx/Code/personal/marketops-platform/backend/marketops-server/src/test/java/com/mimococo/marketops/AdvertisingHumanWorkflowIT.java:[141,60] asText() in tools.jackson.databind.JsonNode has been deprecated
[WARNING] /Users/chzhengx/Code/personal/marketops-platform/backend/marketops-server/src/test/java/com/mimococo/marketops/AdvertisingManualWorkflowIT.java:[263,69] asText() in tools.jackson.databind.JsonNode has been deprecated
[WARNING] /Users/chzhengx/Code/personal/marketops-platform/backend/marketops-server/src/test/java/com/mimococo/marketops/AdvertisingMaterialityIT.java:[31,46] asText() in tools.jackson.databind.JsonNode has been deprecated
[WARNING] /Users/chzhengx/Code/personal/marketops-platform/backend/marketops-server/src/test/java/com/mimococo/marketops/AdvertisingMaterialityIT.java:[72,40] asText() in tools.jackson.databind.JsonNode has been deprecated
[WARNING] /Users/chzhengx/Code/personal/marketops-platform/backend/marketops-server/src/test/java/com/mimococo/marketops/AdvertisingMaterialityIT.java:[77,46] asText() in tools.jackson.databind.JsonNode has been deprecated
[WARNING] /Users/chzhengx/Code/personal/marketops-platform/backend/marketops-server/src/test/java/com/mimococo/marketops/AdvertisingMaterialityIT.java:[83,40] asText() in tools.jackson.databind.JsonNode has been deprecated
[WARNING] /Users/chzhengx/Code/personal/marketops-platform/backend/marketops-server/src/test/java/com/mimococo/marketops/aicopilot/internal/application/OutputValidatorTest.java:[161,56] redundant cast to java.lang.String
[WARNING] /Users/chzhengx/Code/personal/marketops-platform/backend/marketops-server/src/test/java/com/mimococo/marketops/marketplaceintegration/adapter/http/PlatformHttpAdaptersTest.java:[103,70] unchecked generic array creation for varargs parameter of type java.util.Optional<java.lang.String>[]
[INFO] 
[INFO] --- surefire:3.5.6:test (default-test) @ marketops-server ---
[INFO] Using auto detected provider org.apache.maven.surefire.junitplatform.JUnitPlatformProvider
[INFO] 
[INFO] -------------------------------------------------------
[INFO]  T E S T S
[INFO] -------------------------------------------------------
[INFO] Running com.mimococo.marketops.AdvertisingResponsibilityBoundaryIT
11:43:24.797 [main] INFO org.springframework.test.context.support.AnnotationConfigContextLoaderUtils -- Could not detect default configuration classes for test class [com.mimococo.marketops.AdvertisingResponsibilityBoundaryIT]: AdvertisingResponsibilityBoundaryIT does not declare any static, non-private, non-final, nested classes annotated with @Configuration.
11:43:24.973 [main] INFO org.springframework.boot.test.context.SpringBootTestContextBootstrapper -- Found @SpringBootConfiguration com.mimococo.marketops.MarketOpsServerApplication for test class com.mimococo.marketops.AdvertisingResponsibilityBoundaryIT
11:43:25.048 [main] INFO org.springframework.test.context.support.AnnotationConfigContextLoaderUtils -- Could not detect default configuration classes for test class [com.mimococo.marketops.AdvertisingResponsibilityBoundaryIT]: AdvertisingResponsibilityBoundaryIT does not declare any static, non-private, non-final, nested classes annotated with @Configuration.
11:43:25.051 [main] INFO org.springframework.boot.test.context.SpringBootTestContextBootstrapper -- Found @SpringBootConfiguration com.mimococo.marketops.MarketOpsServerApplication for test class com.mimococo.marketops.AdvertisingResponsibilityBoundaryIT
11:43:25.143 [main] INFO org.testcontainers.images.PullPolicy -- Image pull policy will be performed by: DefaultPullPolicy()
11:43:25.145 [main] INFO org.testcontainers.utility.ImageNameSubstitutor -- Image name substitution will be performed by: DefaultImageNameSubstitutor (composite of 'ConfigurationFileImageNameSubstitutor' and 'PrefixingImageNameSubstitutor')
11:43:25.156 [main] INFO org.testcontainers.DockerClientFactory -- Testcontainers version: 2.0.5
11:43:25.525 [main] INFO org.testcontainers.dockerclient.DockerClientProviderStrategy -- Loaded org.testcontainers.dockerclient.UnixSocketClientProviderStrategy from ~/.testcontainers.properties, will try it first
11:43:25.926 [main] INFO org.testcontainers.dockerclient.DockerClientProviderStrategy -- Found Docker environment with local Unix socket (unix:///var/run/docker.sock)
11:43:25.927 [main] INFO org.testcontainers.DockerClientFactory -- Docker host IP address is localhost
11:43:25.945 [main] INFO org.testcontainers.DockerClientFactory -- Connected to docker: 
  Server Version: 29.7.2
  API Version: 1.55
  Operating System: Docker Desktop
  Total Memory: 5922 MB
  Labels: 
    com.docker.desktop.address=unix:///Users/chzhengx/Library/Containers/com.docker.docker/Data/docker-cli.sock
11:43:26.225 [main] INFO tc.testcontainers/ryuk:0.14.0 -- Creating container for image: testcontainers/ryuk:0.14.0
11:43:26.395 [main] INFO org.testcontainers.utility.RegistryAuthLocator -- Credential helper/store (docker-credential-desktop) does not have credentials for https://index.docker.io/v1/
11:43:26.537 [main] INFO tc.testcontainers/ryuk:0.14.0 -- Container testcontainers/ryuk:0.14.0 is starting: ee072a1174f1882a91c01c854c507a72e90f264811874b3509012c9c5c84dac0
11:43:26.803 [main] INFO tc.testcontainers/ryuk:0.14.0 -- Container testcontainers/ryuk:0.14.0 started in PT0.578505S
11:43:26.810 [main] INFO org.testcontainers.utility.RyukResourceReaper -- Ryuk started - will monitor and terminate Testcontainers containers on JVM exit
11:43:26.810 [main] INFO org.testcontainers.DockerClientFactory -- Checking the system...
11:43:26.811 [main] INFO org.testcontainers.DockerClientFactory -- ✔︎ Docker server version should be at least 1.6.0
11:43:26.845 [main] INFO tc.postgres:17.6-bookworm@sha256:f3bd19... -- Creating container for image: postgres:17.6-bookworm@sha256:f3bd19c606e442c3d7bdfa8002e03fe260a1023351e0ea4598032022b68dd6e3
11:43:26.980 [main] INFO tc.postgres:17.6-bookworm@sha256:f3bd19... -- Container postgres:17.6-bookworm@sha256:f3bd19c606e442c3d7bdfa8002e03fe260a1023351e0ea4598032022b68dd6e3 is starting: 7ce8e14aad4cc8ba626b2ba968c1ddf805c68f113759bbe971e18e5206e6ef46
11:43:28.134 [main] INFO tc.postgres:17.6-bookworm@sha256:f3bd19... -- Container postgres:17.6-bookworm@sha256:f3bd19c606e442c3d7bdfa8002e03fe260a1023351e0ea4598032022b68dd6e3 started in PT1.288263S
11:43:28.144 [main] INFO tc.postgres:17.6-bookworm@sha256:f3bd19... -- Container is started (JDBC URL: jdbc:postgresql://localhost:57206/marketops?loggerLevel=OFF)
{"@timestamp":"2026-09-05T03:43:28.859561Z","log":{"level":"INFO","logger":"com.mimococo.marketops.AdvertisingResponsibilityBoundaryIT"},"process":{"pid":91524,"thread":{"name":"main"}},"service":{"name":"marketops-server","version":"0.1.0-SNAPSHOT","environment":"ci","node":{}},"message":"Starting AdvertisingResponsibilityBoundaryIT v0.1.0-SNAPSHOT using Java 21.0.10 with PID 91524 (started by chzhengx in /Users/chzhengx/Code/personal/marketops-platform/backend/marketops-server)","ecs":{"version":"8.11"},"application":"marketops-server","environment":"ci","buildVersion":"0.1.0-SNAPSHOT","correlationId":"none"}
{"@timestamp":"2026-09-05T03:43:28.864527Z","log":{"level":"INFO","logger":"com.mimococo.marketops.AdvertisingResponsibilityBoundaryIT"},"process":{"pid":91524,"thread":{"name":"main"}},"service":{"name":"marketops-server","version":"0.1.0-SNAPSHOT","environment":"ci","node":{}},"message":"The following 1 profile is active: \"ci\"","ecs":{"version":"8.11"},"application":"marketops-server","environment":"ci","buildVersion":"0.1.0-SNAPSHOT","correlationId":"none"}
{"@timestamp":"2026-09-05T03:43:35.227275Z","log":{"level":"INFO","logger":"com.mimococo.marketops.AdvertisingResponsibilityBoundaryIT"},"process":{"pid":91524,"thread":{"name":"main"}},"service":{"name":"marketops-server","version":"0.1.0-SNAPSHOT","environment":"ci","node":{}},"message":"Started AdvertisingResponsibilityBoundaryIT in 7.036 seconds (process running for 11.468)","ecs":{"version":"8.11"},"application":"marketops-server","environment":"ci","buildVersion":"0.1.0-SNAPSHOT","correlationId":"none"}
{"@timestamp":"2026-09-05T03:43:38.292778Z","log":{"level":"INFO","logger":"com.mimococo.marketops.adminobservability.internal.audit.JdbcMetadataAuditStore"},"process":{"pid":91524,"thread":{"name":"main"}},"service":{"name":"marketops-server","version":"0.1.0-SNAPSHOT","environment":"ci","node":{}},"message":"Metadata change recorded","ecs":{"version":"8.11"},"application":"marketops-server","environment":"ci","buildVersion":"0.1.0-SNAPSHOT","correlationId":"none","event":"metadata_change_recorded","sourceDomain":"operationsworkflow","entityType":"work-task","entityId":"fdd2db6b-79ca-4711-a319-fb4288c7b6ee","action":"UPDATE","actorId":"5155b5e1-5780-4a0b-9e97-7f11714de308"}
{"@timestamp":"2026-09-05T03:43:38.365954Z","log":{"level":"INFO","logger":"com.mimococo.marketops.adminobservability.internal.audit.JdbcMetadataAuditStore"},"process":{"pid":91524,"thread":{"name":"main"}},"service":{"name":"marketops-server","version":"0.1.0-SNAPSHOT","environment":"ci","node":{}},"message":"Metadata change recorded","ecs":{"version":"8.11"},"application":"marketops-server","environment":"ci","buildVersion":"0.1.0-SNAPSHOT","correlationId":"none","event":"metadata_change_recorded","sourceDomain":"operationsworkflow","entityType":"work-task","entityId":"fdd2db6b-79ca-4711-a319-fb4288c7b6ee","action":"UPDATE","actorId":"4299c659-143a-4455-89d4-2d822a09207b"}
{"@timestamp":"2026-09-05T03:43:38.641748Z","log":{"level":"INFO","logger":"com.mimococo.marketops.adminobservability.internal.audit.JdbcMetadataAuditStore"},"process":{"pid":91524,"thread":{"name":"main"}},"service":{"name":"marketops-server","version":"0.1.0-SNAPSHOT","environment":"ci","node":{}},"message":"Metadata change recorded","ecs":{"version":"8.11"},"application":"marketops-server","environment":"ci","buildVersion":"0.1.0-SNAPSHOT","correlationId":"none","event":"metadata_change_recorded","sourceDomain":"operationsworkflow","entityType":"work-task","entityId":"e01a5043-fe42-46ff-87c7-611338e52193","action":"UPDATE","actorId":"84b5e648-433e-41db-88f5-bebc356b30a3"}
{"@timestamp":"2026-09-05T03:43:38.693417Z","log":{"level":"INFO","logger":"com.mimococo.marketops.adminobservability.internal.audit.JdbcMetadataAuditStore"},"process":{"pid":91524,"thread":{"name":"main"}},"service":{"name":"marketops-server","version":"0.1.0-SNAPSHOT","environment":"ci","node":{}},"message":"Metadata change recorded","ecs":{"version":"8.11"},"application":"marketops-server","environment":"ci","buildVersion":"0.1.0-SNAPSHOT","correlationId":"none","event":"metadata_change_recorded","sourceDomain":"operationsworkflow","entityType":"work-task","entityId":"e01a5043-fe42-46ff-87c7-611338e52193","action":"UPDATE","actorId":"84b5e648-433e-41db-88f5-bebc356b30a3"}
[INFO] Tests run: 8, Failures: 0, Errors: 0, Skipped: 0, Time elapsed: 14.07 s -- in com.mimococo.marketops.AdvertisingResponsibilityBoundaryIT
[INFO] Running com.mimococo.marketops.AdvertisingDisclosureIT
{"@timestamp":"2026-09-05T03:43:40.265245Z","log":{"level":"INFO","logger":"com.mimococo.marketops.AdvertisingDisclosureIT"},"process":{"pid":91524,"thread":{"name":"main"}},"service":{"name":"marketops-server","version":"0.1.0-SNAPSHOT","environment":"ci","node":{}},"message":"Starting AdvertisingDisclosureIT v0.1.0-SNAPSHOT using Java 21.0.10 with PID 91524 (started by chzhengx in /Users/chzhengx/Code/personal/marketops-platform/backend/marketops-server)","ecs":{"version":"8.11"},"application":"marketops-server","environment":"ci","buildVersion":"0.1.0-SNAPSHOT","correlationId":"none"}
{"@timestamp":"2026-09-05T03:43:40.265777Z","log":{"level":"INFO","logger":"com.mimococo.marketops.AdvertisingDisclosureIT"},"process":{"pid":91524,"thread":{"name":"main"}},"service":{"name":"marketops-server","version":"0.1.0-SNAPSHOT","environment":"ci","node":{}},"message":"The following 1 profile is active: \"ci\"","ecs":{"version":"8.11"},"application":"marketops-server","environment":"ci","buildVersion":"0.1.0-SNAPSHOT","correlationId":"none"}
{"@timestamp":"2026-09-05T03:43:43.758125Z","log":{"level":"INFO","logger":"com.mimococo.marketops.AdvertisingDisclosureIT"},"process":{"pid":91524,"thread":{"name":"main"}},"service":{"name":"marketops-server","version":"0.1.0-SNAPSHOT","environment":"ci","node":{}},"message":"Started AdvertisingDisclosureIT in 3.553 seconds (process running for 19.999)","ecs":{"version":"8.11"},"application":"marketops-server","environment":"ci","buildVersion":"0.1.0-SNAPSHOT","correlationId":"none"}
{"@timestamp":"2026-09-05T03:43:43.964035Z","log":{"level":"INFO","logger":"com.mimococo.marketops.adminobservability.internal.audit.JdbcMetadataAuditStore"},"process":{"pid":91524,"thread":{"name":"main"}},"service":{"name":"marketops-server","version":"0.1.0-SNAPSHOT","environment":"ci","node":{}},"message":"Metadata change recorded","ecs":{"version":"8.11"},"application":"marketops-server","environment":"ci","buildVersion":"0.1.0-SNAPSHOT","correlationId":"none","event":"metadata_change_recorded","sourceDomain":"identityaccess","entityType":"user-role-assignment","entityId":"7dbf38d5-f8aa-40af-8778-70bec0019d52","action":"GRANT","actorId":"disclosure-fixture"}
{"@timestamp":"2026-09-05T03:43:43.967889Z","log":{"level":"INFO","logger":"com.mimococo.marketops.adminobservability.internal.audit.JdbcMetadataAuditStore"},"process":{"pid":91524,"thread":{"name":"main"}},"service":{"name":"marketops-server","version":"0.1.0-SNAPSHOT","environment":"ci","node":{}},"message":"Metadata change recorded","ecs":{"version":"8.11"},"application":"marketops-server","environment":"ci","buildVersion":"0.1.0-SNAPSHOT","correlationId":"none","event":"metadata_change_recorded","sourceDomain":"identityaccess","entityType":"user-role-assignment","entityId":"37b40750-8505-4883-ab1f-3b38dfee48d9","action":"GRANT","actorId":"disclosure-fixture"}
{"@timestamp":"2026-09-05T03:43:43.974185Z","log":{"level":"INFO","logger":"com.mimococo.marketops.adminobservability.internal.audit.JdbcMetadataAuditStore"},"process":{"pid":91524,"thread":{"name":"main"}},"service":{"name":"marketops-server","version":"0.1.0-SNAPSHOT","environment":"ci","node":{}},"message":"Metadata change recorded","ecs":{"version":"8.11"},"application":"marketops-server","environment":"ci","buildVersion":"0.1.0-SNAPSHOT","correlationId":"none","event":"metadata_change_recorded","sourceDomain":"identityaccess","entityType":"user-scope-grant","entityId":"54788f6b-91f9-4e76-b034-05225b0d8fb1","action":"GRANT","actorId":"disclosure-fixture"}
{"@timestamp":"2026-09-05T03:43:43.977649Z","log":{"level":"INFO","logger":"com.mimococo.marketops.adminobservability.internal.audit.JdbcMetadataAuditStore"},"process":{"pid":91524,"thread":{"name":"main"}},"service":{"name":"marketops-server","version":"0.1.0-SNAPSHOT","environment":"ci","node":{}},"message":"Metadata change recorded","ecs":{"version":"8.11"},"application":"marketops-server","environment":"ci","buildVersion":"0.1.0-SNAPSHOT","correlationId":"none","event":"metadata_change_recorded","sourceDomain":"identityaccess","entityType":"user-scope-grant","entityId":"61e3095b-561e-4673-ac09-ff11cb7804ae","action":"GRANT","actorId":"disclosure-fixture"}
{"@timestamp":"2026-09-05T03:43:44.257777Z","log":{"level":"INFO","logger":"com.mimococo.marketops.adminobservability.internal.audit.JdbcMetadataAuditStore"},"process":{"pid":91524,"thread":{"name":"main"}},"service":{"name":"marketops-server","version":"0.1.0-SNAPSHOT","environment":"ci","node":{}},"message":"Metadata change recorded","ecs":{"version":"8.11"},"application":"marketops-server","environment":"ci","buildVersion":"0.1.0-SNAPSHOT","correlationId":"none","event":"metadata_change_recorded","sourceDomain":"identityaccess","entityType":"user-role-assignment","entityId":"d385cdaa-39da-4191-b446-6677695e560d","action":"GRANT","actorId":"disclosure-fixture"}
{"@timestamp":"2026-09-05T03:43:44.264973Z","log":{"level":"INFO","logger":"com.mimococo.marketops.adminobservability.internal.audit.JdbcMetadataAuditStore"},"process":{"pid":91524,"thread":{"name":"main"}},"service":{"name":"marketops-server","version":"0.1.0-SNAPSHOT","environment":"ci","node":{}},"message":"Metadata change recorded","ecs":{"version":"8.11"},"application":"marketops-server","environment":"ci","buildVersion":"0.1.0-SNAPSHOT","correlationId":"none","event":"metadata_change_recorded","sourceDomain":"identityaccess","entityType":"user-scope-grant","entityId":"f132694a-384f-4030-9a9e-05117b7d817f","action":"GRANT","actorId":"disclosure-fixture"}
{"@timestamp":"2026-09-05T03:43:44.347355Z","log":{"level":"INFO","logger":"com.mimococo.marketops.adminobservability.internal.audit.JdbcMetadataAuditStore"},"process":{"pid":91524,"thread":{"name":"main"}},"service":{"name":"marketops-server","version":"0.1.0-SNAPSHOT","environment":"ci","node":{}},"message":"Metadata change recorded","ecs":{"version":"8.11"},"application":"marketops-server","environment":"ci","buildVersion":"0.1.0-SNAPSHOT","correlationId":"none","event":"metadata_change_recorded","sourceDomain":"identityaccess","entityType":"user-scope-grant","entityId":"de978d8f-358b-4227-b741-6a53f77e23ab","action":"GRANT","actorId":"disclosure-fixture"}
{"@timestamp":"2026-09-05T03:43:44.666529Z","log":{"level":"INFO","logger":"com.mimococo.marketops.shared.internal.errors.ConsoleProblemAdvice"},"process":{"pid":91524,"thread":{"name":"http-nio-127.0.0.1-auto-1-exec-1"}},"service":{"name":"marketops-server","version":"0.1.0-SNAPSHOT","environment":"ci","node":{}},"message":"Console request refused","ecs":{"version":"8.11"},"application":"marketops-server","environment":"ci","buildVersion":"0.1.0-SNAPSHOT","correlationId":"672e6117-522d-4ff0-a3ee-7055310d9642","event":"console_request_refused","errorCode":"APPROVAL_EVIDENCE_SCOPE_BLOCKED"}
{"@timestamp":"2026-09-05T03:43:44.683860Z","log":{"level":"INFO","logger":"com.mimococo.marketops.shared.internal.correlation.CorrelationIdFilter"},"process":{"pid":91524,"thread":{"name":"http-nio-127.0.0.1-auto-1-exec-1"}},"service":{"name":"marketops-server","version":"0.1.0-SNAPSHOT","environment":"ci","node":{}},"message":"Request completed","ecs":{"version":"8.11"},"application":"marketops-server","environment":"ci","buildVersion":"0.1.0-SNAPSHOT","correlationId":"672e6117-522d-4ff0-a3ee-7055310d9642","event":"request_completed","status":403}
{"@timestamp":"2026-09-05T03:43:44.720292Z","log":{"level":"INFO","logger":"com.mimococo.marketops.shared.internal.correlation.CorrelationIdFilter"},"process":{"pid":91524,"thread":{"name":"http-nio-127.0.0.1-auto-1-exec-2"}},"service":{"name":"marketops-server","version":"0.1.0-SNAPSHOT","environment":"ci","node":{}},"message":"Request completed","ecs":{"version":"8.11"},"application":"marketops-server","environment":"ci","buildVersion":"0.1.0-SNAPSHOT","correlationId":"64090b9d-f5d6-4350-83e7-9b756f6872c2","event":"request_completed","status":200}
{"@timestamp":"2026-09-05T03:43:44.739048Z","log":{"level":"INFO","logger":"com.mimococo.marketops.shared.internal.correlation.CorrelationIdFilter"},"process":{"pid":91524,"thread":{"name":"http-nio-127.0.0.1-auto-1-exec-3"}},"service":{"name":"marketops-server","version":"0.1.0-SNAPSHOT","environment":"ci","node":{}},"message":"Request completed","ecs":{"version":"8.11"},"application":"marketops-server","environment":"ci","buildVersion":"0.1.0-SNAPSHOT","correlationId":"d95beda7-78a1-4b4c-bebf-311fc5a832d1","event":"request_completed","status":200}
{"@timestamp":"2026-09-05T03:43:44.830517Z","log":{"level":"INFO","logger":"com.mimococo.marketops.shared.internal.correlation.CorrelationIdFilter"},"process":{"pid":91524,"thread":{"name":"http-nio-127.0.0.1-auto-1-exec-4"}},"service":{"name":"marketops-server","version":"0.1.0-SNAPSHOT","environment":"ci","node":{}},"message":"Request completed","ecs":{"version":"8.11"},"application":"marketops-server","environment":"ci","buildVersion":"0.1.0-SNAPSHOT","correlationId":"c2139b07-a769-4008-8c0a-381f939af79c","event":"request_completed","status":200}
{"@timestamp":"2026-09-05T03:43:44.848484Z","log":{"level":"INFO","logger":"com.mimococo.marketops.shared.internal.errors.ConsoleProblemAdvice"},"process":{"pid":91524,"thread":{"name":"http-nio-127.0.0.1-auto-1-exec-5"}},"service":{"name":"marketops-server","version":"0.1.0-SNAPSHOT","environment":"ci","node":{}},"message":"Console request refused","ecs":{"version":"8.11"},"application":"marketops-server","environment":"ci","buildVersion":"0.1.0-SNAPSHOT","correlationId":"0209b110-36b5-4aea-b283-73de15f0a9cb","event":"console_request_refused","errorCode":"RESOURCE_SCOPE_DENIED"}
{"@timestamp":"2026-09-05T03:43:44.849942Z","log":{"level":"INFO","logger":"com.mimococo.marketops.shared.internal.correlation.CorrelationIdFilter"},"process":{"pid":91524,"thread":{"name":"http-nio-127.0.0.1-auto-1-exec-5"}},"service":{"name":"marketops-server","version":"0.1.0-SNAPSHOT","environment":"ci","node":{}},"message":"Request completed","ecs":{"version":"8.11"},"application":"marketops-server","environment":"ci","buildVersion":"0.1.0-SNAPSHOT","correlationId":"0209b110-36b5-4aea-b283-73de15f0a9cb","event":"request_completed","status":403}
{"@timestamp":"2026-09-05T03:43:44.873088Z","log":{"level":"INFO","logger":"com.mimococo.marketops.shared.internal.errors.ConsoleProblemAdvice"},"process":{"pid":91524,"thread":{"name":"http-nio-127.0.0.1-auto-1-exec-6"}},"service":{"name":"marketops-server","version":"0.1.0-SNAPSHOT","environment":"ci","node":{}},"message":"Console request refused","ecs":{"version":"8.11"},"application":"marketops-server","environment":"ci","buildVersion":"0.1.0-SNAPSHOT","correlationId":"fe71b3aa-0423-4c04-a3b5-892a41ec51d7","event":"console_request_refused","errorCode":"RESOURCE_SCOPE_DENIED"}
{"@timestamp":"2026-09-05T03:43:44.874396Z","log":{"level":"INFO","logger":"com.mimococo.marketops.shared.internal.correlation.CorrelationIdFilter"},"process":{"pid":91524,"thread":{"name":"http-nio-127.0.0.1-auto-1-exec-6"}},"service":{"name":"marketops-server","version":"0.1.0-SNAPSHOT","environment":"ci","node":{}},"message":"Request completed","ecs":{"version":"8.11"},"application":"marketops-server","environment":"ci","buildVersion":"0.1.0-SNAPSHOT","correlationId":"fe71b3aa-0423-4c04-a3b5-892a41ec51d7","event":"request_completed","status":403}
{"@timestamp":"2026-09-05T03:43:44.901968Z","log":{"level":"INFO","logger":"com.mimococo.marketops.shared.internal.errors.ConsoleProblemAdvice"},"process":{"pid":91524,"thread":{"name":"http-nio-127.0.0.1-auto-1-exec-7"}},"service":{"name":"marketops-server","version":"0.1.0-SNAPSHOT","environment":"ci","node":{}},"message":"Console request refused","ecs":{"version":"8.11"},"application":"marketops-server","environment":"ci","buildVersion":"0.1.0-SNAPSHOT","correlationId":"4be7ae31-0ba0-47e9-8bac-9d4c54cf2acc","event":"console_request_refused","errorCode":"RESOURCE_SCOPE_DENIED"}
{"@timestamp":"2026-09-05T03:43:44.903285Z","log":{"level":"INFO","logger":"com.mimococo.marketops.shared.internal.correlation.CorrelationIdFilter"},"process":{"pid":91524,"thread":{"name":"http-nio-127.0.0.1-auto-1-exec-7"}},"service":{"name":"marketops-server","version":"0.1.0-SNAPSHOT","environment":"ci","node":{}},"message":"Request completed","ecs":{"version":"8.11"},"application":"marketops-server","environment":"ci","buildVersion":"0.1.0-SNAPSHOT","correlationId":"4be7ae31-0ba0-47e9-8bac-9d4c54cf2acc","event":"request_completed","status":403}
{"@timestamp":"2026-09-05T03:43:44.917239Z","log":{"level":"INFO","logger":"com.mimococo.marketops.adminobservability.internal.audit.JdbcMetadataAuditStore"},"process":{"pid":91524,"thread":{"name":"http-nio-127.0.0.1-auto-1-exec-8"}},"service":{"name":"marketops-server","version":"0.1.0-SNAPSHOT","environment":"ci","node":{}},"message":"Metadata change recorded","ecs":{"version":"8.11"},"application":"marketops-server","environment":"ci","buildVersion":"0.1.0-SNAPSHOT","correlationId":"a2a21a61-b0cc-4737-a4de-4905f3e9d889","event":"metadata_change_recorded","sourceDomain":"advertisingefficiency","entityType":"advertising_reservations","entityId":"568ebeaf-5dee-42a3-8e15-e28131d22751","action":"READ","actorId":"7b6907ee-0c9a-4873-8aec-cf9fb73f0990"}
{"@timestamp":"2026-09-05T03:43:44.926844Z","log":{"level":"INFO","logger":"com.mimococo.marketops.shared.internal.correlation.CorrelationIdFilter"},"process":{"pid":91524,"thread":{"name":"http-nio-127.0.0.1-auto-1-exec-8"}},"service":{"name":"marketops-server","version":"0.1.0-SNAPSHOT","environment":"ci","node":{}},"message":"Request completed","ecs":{"version":"8.11"},"application":"marketops-server","environment":"ci","buildVersion":"0.1.0-SNAPSHOT","correlationId":"a2a21a61-b0cc-4737-a4de-4905f3e9d889","event":"request_completed","status":200}
{"@timestamp":"2026-09-05T03:43:44.945890Z","log":{"level":"INFO","logger":"com.mimococo.marketops.adminobservability.internal.audit.JdbcMetadataAuditStore"},"process":{"pid":91524,"thread":{"name":"http-nio-127.0.0.1-auto-1-exec-9"}},"service":{"name":"marketops-server","version":"0.1.0-SNAPSHOT","environment":"ci","node":{}},"message":"Metadata change recorded","ecs":{"version":"8.11"},"application":"marketops-server","environment":"ci","buildVersion":"0.1.0-SNAPSHOT","correlationId":"d8901402-87f4-4bbe-b22a-cba784a3fdcb","event":"metadata_change_recorded","sourceDomain":"advertisingefficiency","entityType":"advertising_manual_packet","entityId":"724a5c89-2021-48e1-ba75-77467f131814","action":"READ","actorId":"7b6907ee-0c9a-4873-8aec-cf9fb73f0990"}
{"@timestamp":"2026-09-05T03:43:44.956487Z","log":{"level":"INFO","logger":"com.mimococo.marketops.shared.internal.correlation.CorrelationIdFilter"},"process":{"pid":91524,"thread":{"name":"http-nio-127.0.0.1-auto-1-exec-9"}},"service":{"name":"marketops-server","version":"0.1.0-SNAPSHOT","environment":"ci","node":{}},"message":"Request completed","ecs":{"version":"8.11"},"application":"marketops-server","environment":"ci","buildVersion":"0.1.0-SNAPSHOT","correlationId":"d8901402-87f4-4bbe-b22a-cba784a3fdcb","event":"request_completed","status":200}
{"@timestamp":"2026-09-05T03:43:44.960711Z","log":{"level":"INFO","logger":"com.mimococo.marketops.adminobservability.internal.audit.JdbcMetadataAuditStore"},"process":{"pid":91524,"thread":{"name":"main"}},"service":{"name":"marketops-server","version":"0.1.0-SNAPSHOT","environment":"ci","node":{}},"message":"Metadata change recorded","ecs":{"version":"8.11"},"application":"marketops-server","environment":"ci","buildVersion":"0.1.0-SNAPSHOT","correlationId":"none","event":"metadata_change_recorded","sourceDomain":"identityaccess","entityType":"user-scope-grant","entityId":"5c92ec93-c60a-47aa-8632-9b48a533a3df","action":"GRANT","actorId":"disclosure-fixture"}
{"@timestamp":"2026-09-05T03:43:44.991581Z","log":{"level":"INFO","logger":"com.mimococo.marketops.shared.internal.correlation.CorrelationIdFilter"},"process":{"pid":91524,"thread":{"name":"http-nio-127.0.0.1-auto-1-exec-10"}},"service":{"name":"marketops-server","version":"0.1.0-SNAPSHOT","environment":"ci","node":{}},"message":"Request completed","ecs":{"version":"8.11"},"application":"marketops-server","environment":"ci","buildVersion":"0.1.0-SNAPSHOT","correlationId":"487f7434-088a-40d9-a8ab-169729d0629d","event":"request_completed","status":200}
{"@timestamp":"2026-09-05T03:43:45.025268Z","log":{"level":"INFO","logger":"com.mimococo.marketops.shared.internal.correlation.CorrelationIdFilter"},"process":{"pid":91524,"thread":{"name":"http-nio-127.0.0.1-auto-1-exec-1"}},"service":{"name":"marketops-server","version":"0.1.0-SNAPSHOT","environment":"ci","node":{}},"message":"Request completed","ecs":{"version":"8.11"},"application":"marketops-server","environment":"ci","buildVersion":"0.1.0-SNAPSHOT","correlationId":"0a568946-fd56-4d7f-8530-6b92eaec6896","event":"request_completed","status":200}
{"@timestamp":"2026-09-05T03:43:45.040587Z","log":{"level":"INFO","logger":"com.mimococo.marketops.shared.internal.correlation.CorrelationIdFilter"},"process":{"pid":91524,"thread":{"name":"http-nio-127.0.0.1-auto-1-exec-2"}},"service":{"name":"marketops-server","version":"0.1.0-SNAPSHOT","environment":"ci","node":{}},"message":"Request completed","ecs":{"version":"8.11"},"application":"marketops-server","environment":"ci","buildVersion":"0.1.0-SNAPSHOT","correlationId":"00f71b64-0546-4d94-a83b-6785d881a33c","event":"request_completed","status":200}
{"@timestamp":"2026-09-05T03:43:45.129623Z","log":{"level":"INFO","logger":"com.mimococo.marketops.shared.internal.correlation.CorrelationIdFilter"},"process":{"pid":91524,"thread":{"name":"http-nio-127.0.0.1-auto-1-exec-3"}},"service":{"name":"marketops-server","version":"0.1.0-SNAPSHOT","environment":"ci","node":{}},"message":"Request completed","ecs":{"version":"8.11"},"application":"marketops-server","environment":"ci","buildVersion":"0.1.0-SNAPSHOT","correlationId":"e1e591c8-77ca-4a9a-b5d0-670ce3a60022","event":"request_completed","status":200}
{"@timestamp":"2026-09-05T03:43:45.175462Z","log":{"level":"INFO","logger":"com.mimococo.marketops.adminobservability.internal.audit.JdbcMetadataAuditStore"},"process":{"pid":91524,"thread":{"name":"http-nio-127.0.0.1-auto-1-exec-4"}},"service":{"name":"marketops-server","version":"0.1.0-SNAPSHOT","environment":"ci","node":{}},"message":"Metadata change recorded","ecs":{"version":"8.11"},"application":"marketops-server","environment":"ci","buildVersion":"0.1.0-SNAPSHOT","correlationId":"8a00dd64-a9fb-46c2-b463-5e842e4b57e9","event":"metadata_change_recorded","sourceDomain":"advertisingefficiency","entityType":"advertising_command","entityId":"11074d81-f20f-4d4f-a274-ced75be543e2","action":"READ","actorId":"7b6907ee-0c9a-4873-8aec-cf9fb73f0990"}
{"@timestamp":"2026-09-05T03:43:45.185226Z","log":{"level":"INFO","logger":"com.mimococo.marketops.shared.internal.correlation.CorrelationIdFilter"},"process":{"pid":91524,"thread":{"name":"http-nio-127.0.0.1-auto-1-exec-4"}},"service":{"name":"marketops-server","version":"0.1.0-SNAPSHOT","environment":"ci","node":{}},"message":"Request completed","ecs":{"version":"8.11"},"application":"marketops-server","environment":"ci","buildVersion":"0.1.0-SNAPSHOT","correlationId":"8a00dd64-a9fb-46c2-b463-5e842e4b57e9","event":"request_completed","status":200}
{"@timestamp":"2026-09-05T03:43:45.205966Z","log":{"level":"INFO","logger":"com.mimococo.marketops.adminobservability.internal.audit.JdbcMetadataAuditStore"},"process":{"pid":91524,"thread":{"name":"http-nio-127.0.0.1-auto-1-exec-5"}},"service":{"name":"marketops-server","version":"0.1.0-SNAPSHOT","environment":"ci","node":{}},"message":"Metadata change recorded","ecs":{"version":"8.11"},"application":"marketops-server","environment":"ci","buildVersion":"0.1.0-SNAPSHOT","correlationId":"465a389a-7671-47a7-8976-0fcb1daad564","event":"metadata_change_recorded","sourceDomain":"advertisingefficiency","entityType":"advertising_outcome","entityId":"11074d81-f20f-4d4f-a274-ced75be543e2","action":"READ","actorId":"7b6907ee-0c9a-4873-8aec-cf9fb73f0990"}
{"@timestamp":"2026-09-05T03:43:45.208406Z","log":{"level":"INFO","logger":"com.mimococo.marketops.shared.internal.correlation.CorrelationIdFilter"},"process":{"pid":91524,"thread":{"name":"http-nio-127.0.0.1-auto-1-exec-5"}},"service":{"name":"marketops-server","version":"0.1.0-SNAPSHOT","environment":"ci","node":{}},"message":"Request completed","ecs":{"version":"8.11"},"application":"marketops-server","environment":"ci","buildVersion":"0.1.0-SNAPSHOT","correlationId":"465a389a-7671-47a7-8976-0fcb1daad564","event":"request_completed","status":200}
{"@timestamp":"2026-09-05T03:43:45.229519Z","log":{"level":"INFO","logger":"com.mimococo.marketops.shared.internal.correlation.CorrelationIdFilter"},"process":{"pid":91524,"thread":{"name":"http-nio-127.0.0.1-auto-1-exec-6"}},"service":{"name":"marketops-server","version":"0.1.0-SNAPSHOT","environment":"ci","node":{}},"message":"Request completed","ecs":{"version":"8.11"},"application":"marketops-server","environment":"ci","buildVersion":"0.1.0-SNAPSHOT","correlationId":"9237fa75-ae2e-4692-9d7f-bb352cf6edae","event":"request_completed","status":200}
{"@timestamp":"2026-09-05T03:43:45.241197Z","log":{"level":"INFO","logger":"com.mimococo.marketops.adminobservability.internal.audit.JdbcMetadataAuditStore"},"process":{"pid":91524,"thread":{"name":"http-nio-127.0.0.1-auto-1-exec-7"}},"service":{"name":"marketops-server","version":"0.1.0-SNAPSHOT","environment":"ci","node":{}},"message":"Metadata change recorded","ecs":{"version":"8.11"},"application":"marketops-server","environment":"ci","buildVersion":"0.1.0-SNAPSHOT","correlationId":"4ca7d4e1-8bf9-4ea8-8ecf-b3e06bafade8","event":"metadata_change_recorded","sourceDomain":"advertisingefficiency","entityType":"advertising_reservations","entityId":"568ebeaf-5dee-42a3-8e15-e28131d22751","action":"READ","actorId":"7b6907ee-0c9a-4873-8aec-cf9fb73f0990"}
{"@timestamp":"2026-09-05T03:43:45.254287Z","log":{"level":"INFO","logger":"com.mimococo.marketops.shared.internal.correlation.CorrelationIdFilter"},"process":{"pid":91524,"thread":{"name":"http-nio-127.0.0.1-auto-1-exec-7"}},"service":{"name":"marketops-server","version":"0.1.0-SNAPSHOT","environment":"ci","node":{}},"message":"Request completed","ecs":{"version":"8.11"},"application":"marketops-server","environment":"ci","buildVersion":"0.1.0-SNAPSHOT","correlationId":"4ca7d4e1-8bf9-4ea8-8ecf-b3e06bafade8","event":"request_completed","status":200}
{"@timestamp":"2026-09-05T03:43:45.267042Z","log":{"level":"INFO","logger":"com.mimococo.marketops.adminobservability.internal.audit.JdbcMetadataAuditStore"},"process":{"pid":91524,"thread":{"name":"http-nio-127.0.0.1-auto-1-exec-8"}},"service":{"name":"marketops-server","version":"0.1.0-SNAPSHOT","environment":"ci","node":{}},"message":"Metadata change recorded","ecs":{"version":"8.11"},"application":"marketops-server","environment":"ci","buildVersion":"0.1.0-SNAPSHOT","correlationId":"1d801e02-921a-4c7f-9bde-9c722efa2aac","event":"metadata_change_recorded","sourceDomain":"advertisingefficiency","entityType":"advertising_manual_packet","entityId":"724a5c89-2021-48e1-ba75-77467f131814","action":"READ","actorId":"7b6907ee-0c9a-4873-8aec-cf9fb73f0990"}
{"@timestamp":"2026-09-05T03:43:45.296769Z","log":{"level":"INFO","logger":"com.mimococo.marketops.shared.internal.correlation.CorrelationIdFilter"},"process":{"pid":91524,"thread":{"name":"http-nio-127.0.0.1-auto-1-exec-8"}},"service":{"name":"marketops-server","version":"0.1.0-SNAPSHOT","environment":"ci","node":{}},"message":"Request completed","ecs":{"version":"8.11"},"application":"marketops-server","environment":"ci","buildVersion":"0.1.0-SNAPSHOT","correlationId":"1d801e02-921a-4c7f-9bde-9c722efa2aac","event":"request_completed","status":200}
{"@timestamp":"2026-09-05T03:43:45.308517Z","log":{"level":"INFO","logger":"com.mimococo.marketops.adminobservability.internal.audit.JdbcMetadataAuditStore"},"process":{"pid":91524,"thread":{"name":"main"}},"service":{"name":"marketops-server","version":"0.1.0-SNAPSHOT","environment":"ci","node":{}},"message":"Metadata change recorded","ecs":{"version":"8.11"},"application":"marketops-server","environment":"ci","buildVersion":"0.1.0-SNAPSHOT","correlationId":"none","event":"metadata_change_recorded","sourceDomain":"identityaccess","entityType":"user-scope-grant","entityId":"5c92ec93-c60a-47aa-8632-9b48a533a3df","action":"REVOKE","actorId":"disclosure-fixture"}
{"@timestamp":"2026-09-05T03:43:45.334733Z","log":{"level":"INFO","logger":"com.mimococo.marketops.shared.internal.errors.ConsoleProblemAdvice"},"process":{"pid":91524,"thread":{"name":"http-nio-127.0.0.1-auto-1-exec-9"}},"service":{"name":"marketops-server","version":"0.1.0-SNAPSHOT","environment":"ci","node":{}},"message":"Console request refused","ecs":{"version":"8.11"},"application":"marketops-server","environment":"ci","buildVersion":"0.1.0-SNAPSHOT","correlationId":"4dd7f1e7-839a-4425-b821-2dbaabacc0f4","event":"console_request_refused","errorCode":"APPROVAL_EVIDENCE_SCOPE_BLOCKED"}
{"@timestamp":"2026-09-05T03:43:45.335905Z","log":{"level":"INFO","logger":"com.mimococo.marketops.shared.internal.correlation.CorrelationIdFilter"},"process":{"pid":91524,"thread":{"name":"http-nio-127.0.0.1-auto-1-exec-9"}},"service":{"name":"marketops-server","version":"0.1.0-SNAPSHOT","environment":"ci","node":{}},"message":"Request completed","ecs":{"version":"8.11"},"application":"marketops-server","environment":"ci","buildVersion":"0.1.0-SNAPSHOT","correlationId":"4dd7f1e7-839a-4425-b821-2dbaabacc0f4","event":"request_completed","status":403}
{"@timestamp":"2026-09-05T03:43:45.363807Z","log":{"level":"INFO","logger":"com.mimococo.marketops.shared.internal.correlation.CorrelationIdFilter"},"process":{"pid":91524,"thread":{"name":"http-nio-127.0.0.1-auto-1-exec-10"}},"service":{"name":"marketops-server","version":"0.1.0-SNAPSHOT","environment":"ci","node":{}},"message":"Request completed","ecs":{"version":"8.11"},"application":"marketops-server","environment":"ci","buildVersion":"0.1.0-SNAPSHOT","correlationId":"db9de8f4-6a49-4ab5-a619-3e147ceb9704","event":"request_completed","status":200}
{"@timestamp":"2026-09-05T03:43:45.414538Z","log":{"level":"INFO","logger":"com.mimococo.marketops.shared.internal.correlation.CorrelationIdFilter"},"process":{"pid":91524,"thread":{"name":"http-nio-127.0.0.1-auto-1-exec-1"}},"service":{"name":"marketops-server","version":"0.1.0-SNAPSHOT","environment":"ci","node":{}},"message":"Request completed","ecs":{"version":"8.11"},"application":"marketops-server","environment":"ci","buildVersion":"0.1.0-SNAPSHOT","correlationId":"22edc7d0-3974-425e-ac4a-44c3147858a3","event":"request_completed","status":200}
{"@timestamp":"2026-09-05T03:43:45.437671Z","log":{"level":"INFO","logger":"com.mimococo.marketops.shared.internal.errors.ConsoleProblemAdvice"},"process":{"pid":91524,"thread":{"name":"http-nio-127.0.0.1-auto-1-exec-2"}},"service":{"name":"marketops-server","version":"0.1.0-SNAPSHOT","environment":"ci","node":{}},"message":"Console request refused","ecs":{"version":"8.11"},"application":"marketops-server","environment":"ci","buildVersion":"0.1.0-SNAPSHOT","correlationId":"f13bc2bb-a3a9-45c9-a46e-6f7c6a6f3546","event":"console_request_refused","errorCode":"RESOURCE_SCOPE_DENIED"}
{"@timestamp":"2026-09-05T03:43:45.438585Z","log":{"level":"INFO","logger":"com.mimococo.marketops.shared.internal.correlation.CorrelationIdFilter"},"process":{"pid":91524,"thread":{"name":"http-nio-127.0.0.1-auto-1-exec-2"}},"service":{"name":"marketops-server","version":"0.1.0-SNAPSHOT","environment":"ci","node":{}},"message":"Request completed","ecs":{"version":"8.11"},"application":"marketops-server","environment":"ci","buildVersion":"0.1.0-SNAPSHOT","correlationId":"f13bc2bb-a3a9-45c9-a46e-6f7c6a6f3546","event":"request_completed","status":403}
{"@timestamp":"2026-09-05T03:43:45.447581Z","log":{"level":"INFO","logger":"com.mimococo.marketops.adminobservability.internal.audit.JdbcMetadataAuditStore"},"process":{"pid":91524,"thread":{"name":"http-nio-127.0.0.1-auto-1-exec-3"}},"service":{"name":"marketops-server","version":"0.1.0-SNAPSHOT","environment":"ci","node":{}},"message":"Metadata change recorded","ecs":{"version":"8.11"},"application":"marketops-server","environment":"ci","buildVersion":"0.1.0-SNAPSHOT","correlationId":"21287cde-36af-419d-8700-a875de37fa7e","event":"metadata_change_recorded","sourceDomain":"advertisingefficiency","entityType":"advertising_reservations","entityId":"568ebeaf-5dee-42a3-8e15-e28131d22751","action":"READ","actorId":"7b6907ee-0c9a-4873-8aec-cf9fb73f0990"}
{"@timestamp":"2026-09-05T03:43:45.454877Z","log":{"level":"INFO","logger":"com.mimococo.marketops.shared.internal.correlation.CorrelationIdFilter"},"process":{"pid":91524,"thread":{"name":"http-nio-127.0.0.1-auto-1-exec-3"}},"service":{"name":"marketops-server","version":"0.1.0-SNAPSHOT","environment":"ci","node":{}},"message":"Request completed","ecs":{"version":"8.11"},"application":"marketops-server","environment":"ci","buildVersion":"0.1.0-SNAPSHOT","correlationId":"21287cde-36af-419d-8700-a875de37fa7e","event":"request_completed","status":200}
{"@timestamp":"2026-09-05T03:43:45.641945Z","log":{"level":"INFO","logger":"com.mimococo.marketops.adminobservability.internal.audit.JdbcMetadataAuditStore"},"process":{"pid":91524,"thread":{"name":"main"}},"service":{"name":"marketops-server","version":"0.1.0-SNAPSHOT","environment":"ci","node":{}},"message":"Metadata change recorded","ecs":{"version":"8.11"},"application":"marketops-server","environment":"ci","buildVersion":"0.1.0-SNAPSHOT","correlationId":"none","event":"metadata_change_recorded","sourceDomain":"identityaccess","entityType":"user-role-assignment","entityId":"361b90dc-1d4a-4a3c-85e1-469c421a0b53","action":"GRANT","actorId":"disclosure-fixture"}
{"@timestamp":"2026-09-05T03:43:45.647204Z","log":{"level":"INFO","logger":"com.mimococo.marketops.adminobservability.internal.audit.JdbcMetadataAuditStore"},"process":{"pid":91524,"thread":{"name":"main"}},"service":{"name":"marketops-server","version":"0.1.0-SNAPSHOT","environment":"ci","node":{}},"message":"Metadata change recorded","ecs":{"version":"8.11"},"application":"marketops-server","environment":"ci","buildVersion":"0.1.0-SNAPSHOT","correlationId":"none","event":"metadata_change_recorded","sourceDomain":"identityaccess","entityType":"user-role-assignment","entityId":"3f305867-23a2-49c6-b2f3-cec2a155c3c3","action":"GRANT","actorId":"disclosure-fixture"}
{"@timestamp":"2026-09-05T03:43:45.650616Z","log":{"level":"INFO","logger":"com.mimococo.marketops.adminobservability.internal.audit.JdbcMetadataAuditStore"},"process":{"pid":91524,"thread":{"name":"main"}},"service":{"name":"marketops-server","version":"0.1.0-SNAPSHOT","environment":"ci","node":{}},"message":"Metadata change recorded","ecs":{"version":"8.11"},"application":"marketops-server","environment":"ci","buildVersion":"0.1.0-SNAPSHOT","correlationId":"none","event":"metadata_change_recorded","sourceDomain":"identityaccess","entityType":"user-scope-grant","entityId":"8fe04065-9092-4741-ad4a-c5fb1bff397b","action":"GRANT","actorId":"disclosure-fixture"}
{"@timestamp":"2026-09-05T03:43:45.653833Z","log":{"level":"INFO","logger":"com.mimococo.marketops.adminobservability.internal.audit.JdbcMetadataAuditStore"},"process":{"pid":91524,"thread":{"name":"main"}},"service":{"name":"marketops-server","version":"0.1.0-SNAPSHOT","environment":"ci","node":{}},"message":"Metadata change recorded","ecs":{"version":"8.11"},"application":"marketops-server","environment":"ci","buildVersion":"0.1.0-SNAPSHOT","correlationId":"none","event":"metadata_change_recorded","sourceDomain":"identityaccess","entityType":"user-scope-grant","entityId":"4b64ad2c-3b86-4934-b194-a4ffe6564850","action":"GRANT","actorId":"disclosure-fixture"}
{"@timestamp":"2026-09-05T03:43:45.673071Z","log":{"level":"INFO","logger":"com.mimococo.marketops.adminobservability.internal.audit.JdbcMetadataAuditStore"},"process":{"pid":91524,"thread":{"name":"main"}},"service":{"name":"marketops-server","version":"0.1.0-SNAPSHOT","environment":"ci","node":{}},"message":"Metadata change recorded","ecs":{"version":"8.11"},"application":"marketops-server","environment":"ci","buildVersion":"0.1.0-SNAPSHOT","correlationId":"none","event":"metadata_change_recorded","sourceDomain":"identityaccess","entityType":"user-scope-grant","entityId":"432f4729-dec2-4d8c-9584-f4da8c96ed1c","action":"GRANT","actorId":"disclosure-fixture"}
{"@timestamp":"2026-09-05T03:43:45.910198Z","log":{"level":"INFO","logger":"com.mimococo.marketops.adminobservability.internal.audit.JdbcMetadataAuditStore"},"process":{"pid":91524,"thread":{"name":"main"}},"service":{"name":"marketops-server","version":"0.1.0-SNAPSHOT","environment":"ci","node":{}},"message":"Metadata change recorded","ecs":{"version":"8.11"},"application":"marketops-server","environment":"ci","buildVersion":"0.1.0-SNAPSHOT","correlationId":"none","event":"metadata_change_recorded","sourceDomain":"identityaccess","entityType":"user-role-assignment","entityId":"9b9dfec1-bb0d-46c6-84db-2c4e68abcb7f","action":"GRANT","actorId":"disclosure-fixture"}
{"@timestamp":"2026-09-05T03:43:45.912300Z","log":{"level":"INFO","logger":"com.mimococo.marketops.adminobservability.internal.audit.JdbcMetadataAuditStore"},"process":{"pid":91524,"thread":{"name":"main"}},"service":{"name":"marketops-server","version":"0.1.0-SNAPSHOT","environment":"ci","node":{}},"message":"Metadata change recorded","ecs":{"version":"8.11"},"application":"marketops-server","environment":"ci","buildVersion":"0.1.0-SNAPSHOT","correlationId":"none","event":"metadata_change_recorded","sourceDomain":"identityaccess","entityType":"user-role-assignment","entityId":"9ecf00b6-c605-48aa-97b2-699c3f084062","action":"GRANT","actorId":"disclosure-fixture"}
{"@timestamp":"2026-09-05T03:43:45.914927Z","log":{"level":"INFO","logger":"com.mimococo.marketops.adminobservability.internal.audit.JdbcMetadataAuditStore"},"process":{"pid":91524,"thread":{"name":"main"}},"service":{"name":"marketops-server","version":"0.1.0-SNAPSHOT","environment":"ci","node":{}},"message":"Metadata change recorded","ecs":{"version":"8.11"},"application":"marketops-server","environment":"ci","buildVersion":"0.1.0-SNAPSHOT","correlationId":"none","event":"metadata_change_recorded","sourceDomain":"identityaccess","entityType":"user-scope-grant","entityId":"a6a4fe06-a251-40ac-a020-0ce17ef28c2e","action":"GRANT","actorId":"disclosure-fixture"}
{"@timestamp":"2026-09-05T03:43:45.917855Z","log":{"level":"INFO","logger":"com.mimococo.marketops.adminobservability.internal.audit.JdbcMetadataAuditStore"},"process":{"pid":91524,"thread":{"name":"main"}},"service":{"name":"marketops-server","version":"0.1.0-SNAPSHOT","environment":"ci","node":{}},"message":"Metadata change recorded","ecs":{"version":"8.11"},"application":"marketops-server","environment":"ci","buildVersion":"0.1.0-SNAPSHOT","correlationId":"none","event":"metadata_change_recorded","sourceDomain":"identityaccess","entityType":"user-scope-grant","entityId":"08f48827-000b-4a3e-841d-b9be437a0380","action":"GRANT","actorId":"disclosure-fixture"}
{"@timestamp":"2026-09-05T03:43:46.163146Z","log":{"level":"INFO","logger":"com.mimococo.marketops.adminobservability.internal.audit.JdbcMetadataAuditStore"},"process":{"pid":91524,"thread":{"name":"main"}},"service":{"name":"marketops-server","version":"0.1.0-SNAPSHOT","environment":"ci","node":{}},"message":"Metadata change recorded","ecs":{"version":"8.11"},"application":"marketops-server","environment":"ci","buildVersion":"0.1.0-SNAPSHOT","correlationId":"none","event":"metadata_change_recorded","sourceDomain":"identityaccess","entityType":"user-role-assignment","entityId":"e90a80e5-b2c0-4d1a-ac84-56c20bf9357e","action":"GRANT","actorId":"disclosure-fixture"}
{"@timestamp":"2026-09-05T03:43:46.165394Z","log":{"level":"INFO","logger":"com.mimococo.marketops.adminobservability.internal.audit.JdbcMetadataAuditStore"},"process":{"pid":91524,"thread":{"name":"main"}},"service":{"name":"marketops-server","version":"0.1.0-SNAPSHOT","environment":"ci","node":{}},"message":"Metadata change recorded","ecs":{"version":"8.11"},"application":"marketops-server","environment":"ci","buildVersion":"0.1.0-SNAPSHOT","correlationId":"none","event":"metadata_change_recorded","sourceDomain":"identityaccess","entityType":"user-role-assignment","entityId":"454f0023-b2f9-45a9-82b4-ae2324b54064","action":"GRANT","actorId":"disclosure-fixture"}
{"@timestamp":"2026-09-05T03:43:46.167830Z","log":{"level":"INFO","logger":"com.mimococo.marketops.adminobservability.internal.audit.JdbcMetadataAuditStore"},"process":{"pid":91524,"thread":{"name":"main"}},"service":{"name":"marketops-server","version":"0.1.0-SNAPSHOT","environment":"ci","node":{}},"message":"Metadata change recorded","ecs":{"version":"8.11"},"application":"marketops-server","environment":"ci","buildVersion":"0.1.0-SNAPSHOT","correlationId":"none","event":"metadata_change_recorded","sourceDomain":"identityaccess","entityType":"user-scope-grant","entityId":"03a5beff-81a2-4339-b3c6-add49da5f0c1","action":"GRANT","actorId":"disclosure-fixture"}
{"@timestamp":"2026-09-05T03:43:46.170049Z","log":{"level":"INFO","logger":"com.mimococo.marketops.adminobservability.internal.audit.JdbcMetadataAuditStore"},"process":{"pid":91524,"thread":{"name":"main"}},"service":{"name":"marketops-server","version":"0.1.0-SNAPSHOT","environment":"ci","node":{}},"message":"Metadata change recorded","ecs":{"version":"8.11"},"application":"marketops-server","environment":"ci","buildVersion":"0.1.0-SNAPSHOT","correlationId":"none","event":"metadata_change_recorded","sourceDomain":"identityaccess","entityType":"user-scope-grant","entityId":"c86d617b-8c64-4d0e-a1c9-d31242d836e0","action":"GRANT","actorId":"disclosure-fixture"}
{"@timestamp":"2026-09-05T03:43:46.358645Z","log":{"level":"INFO","logger":"com.mimococo.marketops.adminobservability.internal.audit.JdbcMetadataAuditStore"},"process":{"pid":91524,"thread":{"name":"main"}},"service":{"name":"marketops-server","version":"0.1.0-SNAPSHOT","environment":"ci","node":{}},"message":"Metadata change recorded","ecs":{"version":"8.11"},"application":"marketops-server","environment":"ci","buildVersion":"0.1.0-SNAPSHOT","correlationId":"none","event":"metadata_change_recorded","sourceDomain":"identityaccess","entityType":"user-role-assignment","entityId":"8ae78065-3ff1-4ee5-b8ba-5b99514b5597","action":"GRANT","actorId":"disclosure-fixture"}
{"@timestamp":"2026-09-05T03:43:46.361645Z","log":{"level":"INFO","logger":"com.mimococo.marketops.adminobservability.internal.audit.JdbcMetadataAuditStore"},"process":{"pid":91524,"thread":{"name":"main"}},"service":{"name":"marketops-server","version":"0.1.0-SNAPSHOT","environment":"ci","node":{}},"message":"Metadata change recorded","ecs":{"version":"8.11"},"application":"marketops-server","environment":"ci","buildVersion":"0.1.0-SNAPSHOT","correlationId":"none","event":"metadata_change_recorded","sourceDomain":"identityaccess","entityType":"user-role-assignment","entityId":"e12d1db3-b8d5-497e-8f5d-2f0825113066","action":"GRANT","actorId":"disclosure-fixture"}
{"@timestamp":"2026-09-05T03:43:46.363996Z","log":{"level":"INFO","logger":"com.mimococo.marketops.adminobservability.internal.audit.JdbcMetadataAuditStore"},"process":{"pid":91524,"thread":{"name":"main"}},"service":{"name":"marketops-server","version":"0.1.0-SNAPSHOT","environment":"ci","node":{}},"message":"Metadata change recorded","ecs":{"version":"8.11"},"application":"marketops-server","environment":"ci","buildVersion":"0.1.0-SNAPSHOT","correlationId":"none","event":"metadata_change_recorded","sourceDomain":"identityaccess","entityType":"user-scope-grant","entityId":"0fd10bf8-c46c-4277-bf3e-91cc04913e94","action":"GRANT","actorId":"disclosure-fixture"}
{"@timestamp":"2026-09-05T03:43:46.366662Z","log":{"level":"INFO","logger":"com.mimococo.marketops.adminobservability.internal.audit.JdbcMetadataAuditStore"},"process":{"pid":91524,"thread":{"name":"main"}},"service":{"name":"marketops-server","version":"0.1.0-SNAPSHOT","environment":"ci","node":{}},"message":"Metadata change recorded","ecs":{"version":"8.11"},"application":"marketops-server","environment":"ci","buildVersion":"0.1.0-SNAPSHOT","correlationId":"none","event":"metadata_change_recorded","sourceDomain":"identityaccess","entityType":"user-scope-grant","entityId":"4aa43084-dccc-4a9a-8a9f-1945b3f827f8","action":"GRANT","actorId":"disclosure-fixture"}
{"@timestamp":"2026-09-05T03:43:46.385788Z","log":{"level":"INFO","logger":"com.mimococo.marketops.adminobservability.internal.audit.JdbcMetadataAuditStore"},"process":{"pid":91524,"thread":{"name":"main"}},"service":{"name":"marketops-server","version":"0.1.0-SNAPSHOT","environment":"ci","node":{}},"message":"Metadata change recorded","ecs":{"version":"8.11"},"application":"marketops-server","environment":"ci","buildVersion":"0.1.0-SNAPSHOT","correlationId":"none","event":"metadata_change_recorded","sourceDomain":"identityaccess","entityType":"user-scope-grant","entityId":"637dc749-08a2-426c-aa02-6944b8fa8f73","action":"GRANT","actorId":"disclosure-fixture"}
{"@timestamp":"2026-09-05T03:43:46.397399Z","log":{"level":"INFO","logger":"com.mimococo.marketops.adminobservability.internal.audit.JdbcMetadataAuditStore"},"process":{"pid":91524,"thread":{"name":"main"}},"service":{"name":"marketops-server","version":"0.1.0-SNAPSHOT","environment":"ci","node":{}},"message":"Metadata change recorded","ecs":{"version":"8.11"},"application":"marketops-server","environment":"ci","buildVersion":"0.1.0-SNAPSHOT","correlationId":"none","event":"metadata_change_recorded","sourceDomain":"identityaccess","entityType":"user-scope-grant","entityId":"58cf83d5-2cc3-4216-8835-7758d227ae38","action":"GRANT","actorId":"disclosure-fixture"}
{"@timestamp":"2026-09-05T03:43:46.422427Z","log":{"level":"INFO","logger":"com.mimococo.marketops.adminobservability.internal.audit.JdbcMetadataAuditStore"},"process":{"pid":91524,"thread":{"name":"main"}},"service":{"name":"marketops-server","version":"0.1.0-SNAPSHOT","environment":"ci","node":{}},"message":"Metadata change recorded","ecs":{"version":"8.11"},"application":"marketops-server","environment":"ci","buildVersion":"0.1.0-SNAPSHOT","correlationId":"none","event":"metadata_change_recorded","sourceDomain":"identityaccess","entityType":"user-scope-grant","entityId":"58cf83d5-2cc3-4216-8835-7758d227ae38","action":"REVOKE","actorId":"disclosure-fixture"}
{"@timestamp":"2026-09-05T03:43:46.588689Z","log":{"level":"INFO","logger":"com.mimococo.marketops.adminobservability.internal.audit.JdbcMetadataAuditStore"},"process":{"pid":91524,"thread":{"name":"main"}},"service":{"name":"marketops-server","version":"0.1.0-SNAPSHOT","environment":"ci","node":{}},"message":"Metadata change recorded","ecs":{"version":"8.11"},"application":"marketops-server","environment":"ci","buildVersion":"0.1.0-SNAPSHOT","correlationId":"none","event":"metadata_change_recorded","sourceDomain":"identityaccess","entityType":"user-role-assignment","entityId":"b8201540-32df-4b81-99a6-51368f1d65e0","action":"GRANT","actorId":"disclosure-fixture"}
{"@timestamp":"2026-09-05T03:43:46.590972Z","log":{"level":"INFO","logger":"com.mimococo.marketops.adminobservability.internal.audit.JdbcMetadataAuditStore"},"process":{"pid":91524,"thread":{"name":"main"}},"service":{"name":"marketops-server","version":"0.1.0-SNAPSHOT","environment":"ci","node":{}},"message":"Metadata change recorded","ecs":{"version":"8.11"},"application":"marketops-server","environment":"ci","buildVersion":"0.1.0-SNAPSHOT","correlationId":"none","event":"metadata_change_recorded","sourceDomain":"identityaccess","entityType":"user-role-assignment","entityId":"b4fdc5da-7f9b-4272-b5ad-1674d02f2b86","action":"GRANT","actorId":"disclosure-fixture"}
{"@timestamp":"2026-09-05T03:43:46.593347Z","log":{"level":"INFO","logger":"com.mimococo.marketops.adminobservability.internal.audit.JdbcMetadataAuditStore"},"process":{"pid":91524,"thread":{"name":"main"}},"service":{"name":"marketops-server","version":"0.1.0-SNAPSHOT","environment":"ci","node":{}},"message":"Metadata change recorded","ecs":{"version":"8.11"},"application":"marketops-server","environment":"ci","buildVersion":"0.1.0-SNAPSHOT","correlationId":"none","event":"metadata_change_recorded","sourceDomain":"identityaccess","entityType":"user-scope-grant","entityId":"b7501fbf-3018-430c-9721-c05336c2011f","action":"GRANT","actorId":"disclosure-fixture"}
{"@timestamp":"2026-09-05T03:43:46.595832Z","log":{"level":"INFO","logger":"com.mimococo.marketops.adminobservability.internal.audit.JdbcMetadataAuditStore"},"process":{"pid":91524,"thread":{"name":"main"}},"service":{"name":"marketops-server","version":"0.1.0-SNAPSHOT","environment":"ci","node":{}},"message":"Metadata change recorded","ecs":{"version":"8.11"},"application":"marketops-server","environment":"ci","buildVersion":"0.1.0-SNAPSHOT","correlationId":"none","event":"metadata_change_recorded","sourceDomain":"identityaccess","entityType":"user-scope-grant","entityId":"2adf63da-9da5-4d7f-aff9-94914ce6ae66","action":"GRANT","actorId":"disclosure-fixture"}
{"@timestamp":"2026-09-05T03:43:46.760813Z","log":{"level":"INFO","logger":"com.mimococo.marketops.adminobservability.internal.audit.JdbcMetadataAuditStore"},"process":{"pid":91524,"thread":{"name":"main"}},"service":{"name":"marketops-server","version":"0.1.0-SNAPSHOT","environment":"ci","node":{}},"message":"Metadata change recorded","ecs":{"version":"8.11"},"application":"marketops-server","environment":"ci","buildVersion":"0.1.0-SNAPSHOT","correlationId":"none","event":"metadata_change_recorded","sourceDomain":"identityaccess","entityType":"user-scope-grant","entityId":"fd6c8364-da06-47fe-8ca7-7daa0ffe4d3d","action":"GRANT","actorId":"disclosure-fixture"}
{"@timestamp":"2026-09-05T03:43:46.764057Z","log":{"level":"INFO","logger":"com.mimococo.marketops.adminobservability.internal.audit.JdbcMetadataAuditStore"},"process":{"pid":91524,"thread":{"name":"main"}},"service":{"name":"marketops-server","version":"0.1.0-SNAPSHOT","environment":"ci","node":{}},"message":"Metadata change recorded","ecs":{"version":"8.11"},"application":"marketops-server","environment":"ci","buildVersion":"0.1.0-SNAPSHOT","correlationId":"none","event":"metadata_change_recorded","sourceDomain":"identityaccess","entityType":"user-role-assignment","entityId":"d6485836-cde2-4180-aadb-cae978792cb4","action":"GRANT","actorId":"disclosure-fixture"}
{"@timestamp":"2026-09-05T03:43:46.769649Z","log":{"level":"INFO","logger":"com.mimococo.marketops.adminobservability.internal.audit.JdbcMetadataAuditStore"},"process":{"pid":91524,"thread":{"name":"main"}},"service":{"name":"marketops-server","version":"0.1.0-SNAPSHOT","environment":"ci","node":{}},"message":"Metadata change recorded","ecs":{"version":"8.11"},"application":"marketops-server","environment":"ci","buildVersion":"0.1.0-SNAPSHOT","correlationId":"none","event":"metadata_change_recorded","sourceDomain":"identityaccess","entityType":"user-scope-grant","entityId":"ed5640dd-be60-48a0-b2ce-01a32e1cd838","action":"GRANT","actorId":"disclosure-fixture"}
{"@timestamp":"2026-09-05T03:43:46.774135Z","log":{"level":"INFO","logger":"com.mimococo.marketops.adminobservability.internal.audit.JdbcMetadataAuditStore"},"process":{"pid":91524,"thread":{"name":"main"}},"service":{"name":"marketops-server","version":"0.1.0-SNAPSHOT","environment":"ci","node":{}},"message":"Metadata change recorded","ecs":{"version":"8.11"},"application":"marketops-server","environment":"ci","buildVersion":"0.1.0-SNAPSHOT","correlationId":"none","event":"metadata_change_recorded","sourceDomain":"identityaccess","entityType":"user-scope-grant","entityId":"9c5214ba-9e4c-404f-9f76-f9759196c115","action":"GRANT","actorId":"disclosure-fixture"}
[INFO] Tests run: 6, Failures: 0, Errors: 0, Skipped: 0, Time elapsed: 8.090 s -- in com.mimococo.marketops.AdvertisingDisclosureIT
[INFO] 
[INFO] Results:
[INFO] 
[INFO] Tests run: 14, Failures: 0, Errors: 0, Skipped: 0
[INFO] 
[INFO] ------------------------------------------------------------------------
[INFO] BUILD SUCCESS
[INFO] ------------------------------------------------------------------------
[INFO] Total time:  34.787 s
[INFO] Finished at: 2026-09-05T11:43:47+08:00
[INFO] ------------------------------------------------------------------------
