
> marketops-console@0.1.0 test:ci
> vitest run --coverage --reporter=default --reporter=json --outputFile=/Users/chzhengx/Code/personal/marketops-platform/docs/07-phase-evidence/SLICE-V1-003/rework-r1/workstreams/post-w4-ui/exposure-quality-r3/vitest.json


 RUN  v4.1.10 /Users/chzhengx/Code/personal/marketops-platform/frontend/marketops-console
      Coverage enabled with v8

 ✓ src/__tests__/HealthShell.test.tsx (13 tests) 318ms
 ✓ src/__tests__/AdvertisingGovernedActions.test.tsx (5 tests) 301ms
stderr | src/__tests__/AppSession.test.tsx > TC-UI-040 nothing operational is shown before a session exists > offers sign-in and the platform panel, and no operating data
An update to HealthShell inside a test was not wrapped in act(...).

When testing, code that causes React state updates should be wrapped into act(...):

act(() => {
  /* fire events that update state */
});
/* assert on the output */

This ensures that you're testing the behavior the user would see in the browser. Learn more at https://react.dev/link/wrap-tests-with-act
An update to HealthShell inside a test was not wrapped in act(...).

When testing, code that causes React state updates should be wrapped into act(...):

act(() => {
  /* fire events that update state */
});
/* assert on the output */

This ensures that you're testing the behavior the user would see in the browser. Learn more at https://react.dev/link/wrap-tests-with-act

stderr | src/__tests__/AppSession.test.tsx > TC-UI-040 nothing operational is shown before a session exists > says the operating console is not configured rather than offering a dead button
An update to HealthShell inside a test was not wrapped in act(...).

When testing, code that causes React state updates should be wrapped into act(...):

act(() => {
  /* fire events that update state */
});
/* assert on the output */

This ensures that you're testing the behavior the user would see in the browser. Learn more at https://react.dev/link/wrap-tests-with-act
An update to HealthShell inside a test was not wrapped in act(...).

When testing, code that causes React state updates should be wrapped into act(...):

act(() => {
  /* fire events that update state */
});
/* assert on the output */

This ensures that you're testing the behavior the user would see in the browser. Learn more at https://react.dev/link/wrap-tests-with-act

stderr | src/__tests__/AppSession.test.tsx > TC-UI-040 nothing operational is shown before a session exists > shows the operating console once a session exists
An update to AvailabilityQueue inside a test was not wrapped in act(...).

When testing, code that causes React state updates should be wrapped into act(...):

act(() => {
  /* fire events that update state */
});
/* assert on the output */

This ensures that you're testing the behavior the user would see in the browser. Learn more at https://react.dev/link/wrap-tests-with-act
An update to AvailabilityQueue inside a test was not wrapped in act(...).

When testing, code that causes React state updates should be wrapped into act(...):

act(() => {
  /* fire events that update state */
});
/* assert on the output */

This ensures that you're testing the behavior the user would see in the browser. Learn more at https://react.dev/link/wrap-tests-with-act
An update to AvailabilityCases inside a test was not wrapped in act(...).

When testing, code that causes React state updates should be wrapped into act(...):

act(() => {
  /* fire events that update state */
});
/* assert on the output */

This ensures that you're testing the behavior the user would see in the browser. Learn more at https://react.dev/link/wrap-tests-with-act
An update to AvailabilityCases inside a test was not wrapped in act(...).

When testing, code that causes React state updates should be wrapped into act(...):

act(() => {
  /* fire events that update state */
});
/* assert on the output */

This ensures that you're testing the behavior the user would see in the browser. Learn more at https://react.dev/link/wrap-tests-with-act
An update to AdvertisingBriefView inside a test was not wrapped in act(...).

When testing, code that causes React state updates should be wrapped into act(...):

act(() => {
  /* fire events that update state */
});
/* assert on the output */

This ensures that you're testing the behavior the user would see in the browser. Learn more at https://react.dev/link/wrap-tests-with-act
An update to AdvertisingQueue inside a test was not wrapped in act(...).

When testing, code that causes React state updates should be wrapped into act(...):

act(() => {
  /* fire events that update state */
});
/* assert on the output */

This ensures that you're testing the behavior the user would see in the browser. Learn more at https://react.dev/link/wrap-tests-with-act
An update to AdvertisingQueue inside a test was not wrapped in act(...).

When testing, code that causes React state updates should be wrapped into act(...):

act(() => {
  /* fire events that update state */
});
/* assert on the output */

This ensures that you're testing the behavior the user would see in the browser. Learn more at https://react.dev/link/wrap-tests-with-act
An update to PriorityQueue inside a test was not wrapped in act(...).

When testing, code that causes React state updates should be wrapped into act(...):

act(() => {
  /* fire events that update state */
});
/* assert on the output */

This ensures that you're testing the behavior the user would see in the browser. Learn more at https://react.dev/link/wrap-tests-with-act
An update to PriorityQueue inside a test was not wrapped in act(...).

When testing, code that causes React state updates should be wrapped into act(...):

act(() => {
  /* fire events that update state */
});
/* assert on the output */

This ensures that you're testing the behavior the user would see in the browser. Learn more at https://react.dev/link/wrap-tests-with-act
An update to AdvertisingOperations inside a test was not wrapped in act(...).

When testing, code that causes React state updates should be wrapped into act(...):

act(() => {
  /* fire events that update state */
});
/* assert on the output */

This ensures that you're testing the behavior the user would see in the browser. Learn more at https://react.dev/link/wrap-tests-with-act

stderr | src/__tests__/AppSession.test.tsx > TC-UI-040 nothing operational is shown before a session exists > treats an expired session as no session
An update to HealthShell inside a test was not wrapped in act(...).

When testing, code that causes React state updates should be wrapped into act(...):

act(() => {
  /* fire events that update state */
});
/* assert on the output */

This ensures that you're testing the behavior the user would see in the browser. Learn more at https://react.dev/link/wrap-tests-with-act
An update to HealthShell inside a test was not wrapped in act(...).

When testing, code that causes React state updates should be wrapped into act(...):

act(() => {
  /* fire events that update state */
});
/* assert on the output */

This ensures that you're testing the behavior the user would see in the browser. Learn more at https://react.dev/link/wrap-tests-with-act

 ✓ src/__tests__/AdvertisingControl.test.tsx (19 tests) 459ms
 ✓ src/__tests__/AdvertisingExecution.test.tsx (34 tests) 505ms
stderr | src/__tests__/AppSession.test.tsx > TC-UI-042 the journey runs in the order the work happens > lets an operator sign out
An update to AvailabilityQueue inside a test was not wrapped in act(...).

When testing, code that causes React state updates should be wrapped into act(...):

act(() => {
  /* fire events that update state */
});
/* assert on the output */

This ensures that you're testing the behavior the user would see in the browser. Learn more at https://react.dev/link/wrap-tests-with-act
An update to AvailabilityQueue inside a test was not wrapped in act(...).

When testing, code that causes React state updates should be wrapped into act(...):

act(() => {
  /* fire events that update state */
});
/* assert on the output */

This ensures that you're testing the behavior the user would see in the browser. Learn more at https://react.dev/link/wrap-tests-with-act
An update to AvailabilityCases inside a test was not wrapped in act(...).

When testing, code that causes React state updates should be wrapped into act(...):

act(() => {
  /* fire events that update state */
});
/* assert on the output */

This ensures that you're testing the behavior the user would see in the browser. Learn more at https://react.dev/link/wrap-tests-with-act
An update to AvailabilityCases inside a test was not wrapped in act(...).

When testing, code that causes React state updates should be wrapped into act(...):

act(() => {
  /* fire events that update state */
});
/* assert on the output */

This ensures that you're testing the behavior the user would see in the browser. Learn more at https://react.dev/link/wrap-tests-with-act
An update to AdvertisingBriefView inside a test was not wrapped in act(...).

When testing, code that causes React state updates should be wrapped into act(...):

act(() => {
  /* fire events that update state */
});
/* assert on the output */

This ensures that you're testing the behavior the user would see in the browser. Learn more at https://react.dev/link/wrap-tests-with-act
An update to AdvertisingQueue inside a test was not wrapped in act(...).

When testing, code that causes React state updates should be wrapped into act(...):

act(() => {
  /* fire events that update state */
});
/* assert on the output */

This ensures that you're testing the behavior the user would see in the browser. Learn more at https://react.dev/link/wrap-tests-with-act
An update to AdvertisingQueue inside a test was not wrapped in act(...).

When testing, code that causes React state updates should be wrapped into act(...):

act(() => {
  /* fire events that update state */
});
/* assert on the output */

This ensures that you're testing the behavior the user would see in the browser. Learn more at https://react.dev/link/wrap-tests-with-act
An update to PriorityQueue inside a test was not wrapped in act(...).

When testing, code that causes React state updates should be wrapped into act(...):

act(() => {
  /* fire events that update state */
});
/* assert on the output */

This ensures that you're testing the behavior the user would see in the browser. Learn more at https://react.dev/link/wrap-tests-with-act
An update to PriorityQueue inside a test was not wrapped in act(...).

When testing, code that causes React state updates should be wrapped into act(...):

act(() => {
  /* fire events that update state */
});
/* assert on the output */

This ensures that you're testing the behavior the user would see in the browser. Learn more at https://react.dev/link/wrap-tests-with-act
An update to AdvertisingOperations inside a test was not wrapped in act(...).

When testing, code that causes React state updates should be wrapped into act(...):

act(() => {
  /* fire events that update state */
});
/* assert on the output */

This ensures that you're testing the behavior the user would see in the browser. Learn more at https://react.dev/link/wrap-tests-with-act

 ✓ src/__tests__/AdvertisingWorkflow.test.tsx (7 tests) 622ms
 ✓ src/__tests__/AppSession.test.tsx (14 tests) 407ms
 ✓ src/__tests__/ConsoleJourney.test.tsx (34 tests) 960ms
 ✓ src/__tests__/AvailabilityCases.test.tsx (14 tests) 335ms
 ✓ src/__tests__/AdvertisingBrief.test.tsx (8 tests) 188ms
 ✓ src/__tests__/AdvertisingRecoveryWorkflow.test.tsx (8 tests) 420ms
 ✓ src/__tests__/AvailabilityAuthorityPanel.test.tsx (3 tests) 198ms
 ✓ src/__tests__/AvailabilityQueue.test.tsx (14 tests) 275ms
 ✓ src/__tests__/App.test.tsx (2 tests) 124ms
 ✓ src/__tests__/consoleApi.test.ts (67 tests) 51ms
 ✓ src/__tests__/oidc.test.ts (12 tests) 29ms
 ✓ src/__tests__/sourceIdentity.test.ts (7 tests) 93ms
 ✓ src/__tests__/viteConfig.test.ts (12 tests) 10ms
 ✓ src/__tests__/metaStatus.test.ts (10 tests) 22ms
 ✓ src/__tests__/healthState.test.ts (9 tests) 9ms
 ✓ src/__tests__/buildInfo.test.ts (2 tests) 5ms
 ✓ src/__tests__/confidence.test.ts (10 tests) 4ms
 ✓ src/__tests__/config.test.ts (4 tests) 4ms

 Test Files  22 passed (22)
      Tests  308 passed (308)
   Start at  18:02:39
   Duration  5.41s (transform 1.82s, setup 3.30s, import 2.64s, tests 5.34s, environment 16.38s)

JSON report written to /Users/chzhengx/Code/personal/marketops-platform/docs/07-phase-evidence/SLICE-V1-003/rework-r1/workstreams/post-w4-ui/exposure-quality-r3/vitest.json
 % Coverage report from v8

=============================== Coverage summary ===============================
Statements   : 86.09% ( 1851/2150 )
Branches     : 79% ( 1787/2262 )
Functions    : 87.3% ( 509/583 )
Lines        : 86.82% ( 1793/2065 )
================================================================================
