marketops-console@0.1.0 /private/tmp/marketops-legacy-browser-8nrjjc2z/source/frontend/marketops-console
├─┬ @cyclonedx/cyclonedx-npm@6.0.1
│ ├─┬ @cyclonedx/cyclonedx-library@10.1.1
│ │ ├── ajv-formats-draft2019@1.6.1 deduped
│ │ ├── ajv-formats@3.0.1 deduped
│ │ ├── ajv@8.20.0 deduped
│ │ ├── libxmljs2@0.37.0 deduped
│ │ ├── packageurl-js@2.0.1 deduped
│ │ ├── spdx-expression-parse@4.0.0 deduped
│ │ └── xmlbuilder2@4.0.3 deduped
│ ├─┬ ajv-formats-draft2019@1.6.1
│ │ ├── ajv@8.20.0 deduped
│ │ ├── punycode@2.3.1
│ │ ├─┬ schemes@1.4.0
│ │ │ └── extend@3.0.2
│ │ ├─┬ smtp-address-parser@1.1.0
│ │ │ └─┬ nearley@2.20.1
│ │ │   ├── commander@2.20.3
│ │ │   ├── moo@0.5.3
│ │ │   ├── railroad-diagrams@1.0.0
│ │ │   └─┬ randexp@0.4.6
│ │ │     ├── discontinuous-range@1.0.0
│ │ │     └── ret@0.1.15
│ │ └─┬ uri-js@4.4.1
│ │   └── punycode@2.3.1 deduped
│ ├─┬ ajv-formats@3.0.1
│ │ └── ajv@8.20.0 deduped
│ ├─┬ ajv@8.20.0
│ │ ├── fast-deep-equal@3.1.3 deduped
│ │ ├── fast-uri@3.1.6
│ │ ├── json-schema-traverse@1.0.0
│ │ └── require-from-string@2.0.2
│ ├── commander@14.0.3
│ ├─┬ libxmljs2@0.37.0
│ │ ├─┬ bindings@1.5.0
│ │ │ └── file-uri-to-path@1.0.0
│ │ ├── nan@2.22.2
│ │ ├─┬ node-gyp@11.5.0
│ │ │ ├── env-paths@2.2.1
│ │ │ ├── exponential-backoff@3.1.3
│ │ │ ├── graceful-fs@4.2.11
│ │ │ ├─┬ make-fetch-happen@14.0.3
│ │ │ │ ├─┬ @npmcli/agent@3.0.0
│ │ │ │ │ ├── agent-base@7.1.4
│ │ │ │ │ ├─┬ http-proxy-agent@7.0.2
│ │ │ │ │ │ ├── agent-base@7.1.4 deduped
│ │ │ │ │ │ └── debug@4.4.3 deduped
│ │ │ │ │ ├─┬ https-proxy-agent@7.0.6
│ │ │ │ │ │ ├── agent-base@7.1.4 deduped
│ │ │ │ │ │ └── debug@4.4.3 deduped
│ │ │ │ │ ├── lru-cache@10.4.3
│ │ │ │ │ └─┬ socks-proxy-agent@8.0.5
│ │ │ │ │   ├── agent-base@7.1.4 deduped
│ │ │ │ │   ├── debug@4.4.3 deduped
│ │ │ │ │   └─┬ socks@2.8.9
│ │ │ │ │     ├── ip-address@10.5.0
│ │ │ │ │     └── smart-buffer@4.2.0
│ │ │ │ ├─┬ cacache@19.0.1
│ │ │ │ │ ├─┬ @npmcli/fs@4.0.0
│ │ │ │ │ │ └── semver@7.8.5 deduped
│ │ │ │ │ ├─┬ fs-minipass@3.0.3
│ │ │ │ │ │ └── minipass@7.1.3 deduped
│ │ │ │ │ ├─┬ glob@10.5.0
│ │ │ │ │ │ ├─┬ foreground-child@3.3.1
│ │ │ │ │ │ │ ├── cross-spawn@7.0.6 deduped
│ │ │ │ │ │ │ └── signal-exit@4.1.0
│ │ │ │ │ │ ├─┬ jackspeak@3.4.3
│ │ │ │ │ │ │ ├─┬ @isaacs/cliui@8.0.2
│ │ │ │ │ │ │ │ ├─┬ string-width-cjs@npm:string-width@4.2.3
│ │ │ │ │ │ │ │ │ ├── emoji-regex@8.0.0
│ │ │ │ │ │ │ │ │ ├── is-fullwidth-code-point@3.0.0
│ │ │ │ │ │ │ │ │ └─┬ strip-ansi@6.0.1
│ │ │ │ │ │ │ │ │   └── ansi-regex@5.0.1 deduped
│ │ │ │ │ │ │ │ ├─┬ string-width@5.1.2
│ │ │ │ │ │ │ │ │ ├── eastasianwidth@0.2.0
│ │ │ │ │ │ │ │ │ ├── emoji-regex@9.2.2
│ │ │ │ │ │ │ │ │ └── strip-ansi@7.2.0 deduped
│ │ │ │ │ │ │ │ ├─┬ strip-ansi-cjs@npm:strip-ansi@6.0.1
│ │ │ │ │ │ │ │ │ └── ansi-regex@5.0.1 deduped
│ │ │ │ │ │ │ │ ├─┬ strip-ansi@7.2.0
│ │ │ │ │ │ │ │ │ └── ansi-regex@6.3.0
│ │ │ │ │ │ │ │ ├─┬ wrap-ansi-cjs@npm:wrap-ansi@7.0.0
│ │ │ │ │ │ │ │ │ ├─┬ ansi-styles@4.3.0
│ │ │ │ │ │ │ │ │ │ └─┬ color-convert@2.0.1
│ │ │ │ │ │ │ │ │ │   └── color-name@1.1.4
│ │ │ │ │ │ │ │ │ ├─┬ string-width@4.2.3
│ │ │ │ │ │ │ │ │ │ ├── emoji-regex@8.0.0
│ │ │ │ │ │ │ │ │ │ ├── is-fullwidth-code-point@3.0.0 deduped
│ │ │ │ │ │ │ │ │ │ └── strip-ansi@6.0.1 deduped
│ │ │ │ │ │ │ │ │ └─┬ strip-ansi@6.0.1
│ │ │ │ │ │ │ │ │   └── ansi-regex@5.0.1 deduped
│ │ │ │ │ │ │ │ └─┬ wrap-ansi@8.1.0
│ │ │ │ │ │ │ │   ├── ansi-styles@6.2.3
│ │ │ │ │ │ │ │   ├── string-width@5.1.2 deduped
│ │ │ │ │ │ │ │   └── strip-ansi@7.2.0 deduped
│ │ │ │ │ │ │ └── @pkgjs/parseargs@0.11.0
│ │ │ │ │ │ ├─┬ minimatch@9.0.9
│ │ │ │ │ │ │ └─┬ brace-expansion@2.1.4
│ │ │ │ │ │ │   └── balanced-match@1.0.2
│ │ │ │ │ │ ├── minipass@7.1.3 deduped
│ │ │ │ │ │ ├── package-json-from-dist@1.0.1
│ │ │ │ │ │ └─┬ path-scurry@1.11.1
│ │ │ │ │ │   ├── lru-cache@10.4.3
│ │ │ │ │ │   └── minipass@7.1.3 deduped
│ │ │ │ │ ├── lru-cache@10.4.3
│ │ │ │ │ ├─┬ minipass-collect@2.0.1
│ │ │ │ │ │ └── minipass@7.1.3 deduped
│ │ │ │ │ ├── minipass-flush@1.0.7 deduped
│ │ │ │ │ ├── minipass-pipeline@1.2.4 deduped
│ │ │ │ │ ├── minipass@7.1.3 deduped
│ │ │ │ │ ├── p-map@7.0.6
│ │ │ │ │ ├── ssri@12.0.0 deduped
│ │ │ │ │ ├── tar@7.5.22 deduped
│ │ │ │ │ └─┬ unique-filename@4.0.0
│ │ │ │ │   └─┬ unique-slug@5.0.0
│ │ │ │ │     └── imurmurhash@0.1.4 deduped
│ │ │ │ ├── http-cache-semantics@4.2.0
│ │ │ │ ├─┬ minipass-fetch@4.0.1
│ │ │ │ │ ├─┬ encoding@0.1.13
│ │ │ │ │ │ └─┬ iconv-lite@0.6.3
│ │ │ │ │ │   └── safer-buffer@2.1.2
│ │ │ │ │ ├─┬ minipass-sized@1.0.3
│ │ │ │ │ │ └─┬ minipass@3.3.6
│ │ │ │ │ │   └── yallist@4.0.0
│ │ │ │ │ ├── minipass@7.1.3 deduped
│ │ │ │ │ └── minizlib@3.1.0 deduped
│ │ │ │ ├─┬ minipass-flush@1.0.7
│ │ │ │ │ └─┬ minipass@3.3.6
│ │ │ │ │   └── yallist@4.0.0
│ │ │ │ ├─┬ minipass-pipeline@1.2.4
│ │ │ │ │ └─┬ minipass@3.3.6
│ │ │ │ │   └── yallist@4.0.0
│ │ │ │ ├── minipass@7.1.3
│ │ │ │ ├── negotiator@1.0.0
│ │ │ │ ├── proc-log@5.0.0 deduped
│ │ │ │ ├─┬ promise-retry@2.0.1
│ │ │ │ │ ├── err-code@2.0.3
│ │ │ │ │ └── retry@0.12.0
│ │ │ │ └─┬ ssri@12.0.0
│ │ │ │   └── minipass@7.1.3 deduped
│ │ │ ├─┬ nopt@8.1.0
│ │ │ │ └── abbrev@3.0.1
│ │ │ ├── proc-log@5.0.0
│ │ │ ├── semver@7.8.5 deduped
│ │ │ ├─┬ tar@7.5.22
│ │ │ │ ├─┬ @isaacs/fs-minipass@4.0.1
│ │ │ │ │ └── minipass@7.1.3 deduped
│ │ │ │ ├── chownr@3.0.0
│ │ │ │ ├── minipass@7.1.3 deduped
│ │ │ │ ├─┬ minizlib@3.1.0
│ │ │ │ │ └── minipass@7.1.3 deduped
│ │ │ │ └── yallist@5.0.0
│ │ │ ├── tinyglobby@0.2.17 deduped
│ │ │ └─┬ which@5.0.0
│ │ │   └── isexe@3.1.5
│ │ └─┬ prebuild-install@7.1.3
│ │   ├── detect-libc@2.1.2 deduped
│ │   ├── expand-template@2.0.3
│ │   ├── github-from-package@0.0.0
│ │   ├── minimist@1.2.8
│ │   ├── mkdirp-classic@0.5.3
│ │   ├── napi-build-utils@2.0.0
│ │   ├─┬ node-abi@3.94.0
│ │   │ └── semver@7.8.5 deduped
│ │   ├─┬ pump@3.0.4
│ │   │ ├─┬ end-of-stream@1.4.5
│ │   │ │ └── once@1.4.0 deduped
│ │   │ └─┬ once@1.4.0
│ │   │   └── wrappy@1.0.2
│ │   ├─┬ rc@1.2.8
│ │   │ ├── deep-extend@0.6.0
│ │   │ ├── ini@1.3.8
│ │   │ ├── minimist@1.2.8 deduped
│ │   │ └── strip-json-comments@2.0.1
│ │   ├─┬ simple-get@4.0.1
│ │   │ ├─┬ decompress-response@6.0.0
│ │   │ │ └── mimic-response@3.1.0
│ │   │ ├── once@1.4.0 deduped
│ │   │ └── simple-concat@1.0.1
│ │   ├─┬ tar-fs@2.1.5
│ │   │ ├── chownr@1.1.4
│ │   │ ├── mkdirp-classic@0.5.3 deduped
│ │   │ ├── pump@3.0.4 deduped
│ │   │ └─┬ tar-stream@2.2.0
│ │   │   ├─┬ bl@4.1.0
│ │   │   │ ├─┬ buffer@5.7.1
│ │   │   │ │ ├── base64-js@1.5.1
│ │   │   │ │ └── ieee754@1.2.1
│ │   │   │ ├── inherits@2.0.4 deduped
│ │   │   │ └── readable-stream@3.6.2 deduped
│ │   │   ├── end-of-stream@1.4.5 deduped
│ │   │   ├── fs-constants@1.0.0
│ │   │   ├── inherits@2.0.4
│ │   │   └─┬ readable-stream@3.6.2
│ │   │     ├── inherits@2.0.4 deduped
│ │   │     ├─┬ string_decoder@1.3.0
│ │   │     │ └── safe-buffer@5.2.1 deduped
│ │   │     └── util-deprecate@1.0.2
│ │   └─┬ tunnel-agent@0.6.0
│ │     └── safe-buffer@5.2.1
│ ├─┬ normalize-package-data@8.0.0
│ │ ├─┬ hosted-git-info@9.0.3
│ │ │ └── lru-cache@11.5.2 deduped
│ │ ├── semver@7.8.5
│ │ └─┬ validate-npm-package-license@3.0.4
│ │   ├─┬ spdx-correct@3.2.0
│ │   │ ├─┬ spdx-expression-parse@3.0.1
│ │   │ │ ├── spdx-exceptions@2.5.0 deduped
│ │   │ │ └── spdx-license-ids@3.0.23 deduped
│ │   │ └── spdx-license-ids@3.0.23 deduped
│ │   └─┬ spdx-expression-parse@3.0.1
│ │     ├── spdx-exceptions@2.5.0 deduped
│ │     └── spdx-license-ids@3.0.23 deduped
│ ├── packageurl-js@2.0.1
│ ├─┬ spdx-expression-parse@4.0.0
│ │ ├── spdx-exceptions@2.5.0
│ │ └── spdx-license-ids@3.0.23
│ └─┬ xmlbuilder2@4.0.3
│   ├─┬ @oozcitak/dom@2.0.2
│   │ ├── @oozcitak/infra@2.0.2 deduped
│   │ ├─┬ @oozcitak/url@3.0.0
│   │ │ ├── @oozcitak/infra@2.0.2 deduped
│   │ │ └── @oozcitak/util@10.0.0 deduped
│   │ └── @oozcitak/util@10.0.0 deduped
│   ├─┬ @oozcitak/infra@2.0.2
│   │ └── @oozcitak/util@10.0.0 deduped
│   ├── @oozcitak/util@10.0.0
│   └─┬ js-yaml@4.3.1
│     └── argparse@2.0.1
├─┬ @eslint/js@10.0.1
│ └── eslint@10.8.1 deduped
├─┬ @playwright/test@1.62.1
│ └─┬ playwright@1.62.1
│   ├── fsevents@2.3.2
│   └── playwright-core@1.62.1
├─┬ @testing-library/dom@10.4.1
│ ├─┬ @babel/code-frame@7.29.7
│ │ ├── @babel/helper-validator-identifier@7.29.7
│ │ ├── js-tokens@4.0.0
│ │ └── picocolors@1.1.1 deduped
│ ├── @babel/runtime@7.29.7
│ ├── @types/aria-query@5.0.4
│ ├─┬ aria-query@5.3.0
│ │ └── dequal@2.0.3
│ ├── dom-accessibility-api@0.5.16
│ ├── lz-string@1.5.0
│ ├── picocolors@1.1.1
│ └─┬ pretty-format@27.5.1
│   ├── ansi-regex@5.0.1
│   ├── ansi-styles@5.2.0
│   └── react-is@17.0.2
├─┬ @testing-library/jest-dom@7.0.1
│ ├── @adobe/css-tools@4.5.0
│ ├── @testing-library/dom@10.4.1 deduped
│ ├── aria-query@5.3.0 deduped
│ ├── css.escape@1.5.1
│ ├── dom-accessibility-api@0.6.3
│ ├── picocolors@1.1.1 deduped
│ ├─┬ redent@3.0.0
│ │ ├── indent-string@4.0.0
│ │ └─┬ strip-indent@3.0.0
│ │   └── min-indent@1.0.1
│ └── vitest@4.1.10 deduped
├─┬ @testing-library/react@16.3.2
│ ├── @babel/runtime@7.29.7 deduped
│ ├── @testing-library/dom@10.4.1 deduped
│ ├── @types/react-dom@19.2.4 deduped
│ ├── @types/react@19.2.18 deduped
│ ├── react-dom@19.2.8 deduped
│ └── react@19.2.8 deduped
├─┬ @types/node@24.10.1
│ └── undici-types@7.16.0
├─┬ @types/react-dom@19.2.4
│ └── @types/react@19.2.18 deduped
├─┬ @types/react@19.2.18
│ └── csstype@3.2.3
├─┬ @vitejs/plugin-react@6.0.5
│ ├── UNMET OPTIONAL DEPENDENCY @rolldown/plugin-babel@^0.1.7 || ^0.2.0
│ ├── @rolldown/pluginutils@1.0.1
│ ├── UNMET OPTIONAL DEPENDENCY babel-plugin-react-compiler@^1.0.0
│ └── vite@8.2.1 deduped
├─┬ @vitest/coverage-v8@4.1.10
│ ├── @bcoe/v8-coverage@1.0.2
│ ├── UNMET OPTIONAL DEPENDENCY @vitest/browser@4.1.10
│ ├─┬ @vitest/utils@4.1.10
│ │ ├── @vitest/pretty-format@4.1.10 deduped
│ │ ├── convert-source-map@2.0.0
│ │ └── tinyrainbow@3.1.1 deduped
│ ├─┬ ast-v8-to-istanbul@1.0.5
│ │ ├─┬ @jridgewell/trace-mapping@0.3.31
│ │ │ ├── @jridgewell/resolve-uri@3.1.2
│ │ │ └── @jridgewell/sourcemap-codec@1.5.5 deduped
│ │ ├─┬ estree-walker@3.0.3
│ │ │ └── @types/estree@1.0.9 deduped
│ │ └── js-tokens@10.0.0
│ ├── istanbul-lib-coverage@3.2.2
│ ├─┬ istanbul-lib-report@3.0.1
│ │ ├── istanbul-lib-coverage@3.2.2 deduped
│ │ ├─┬ make-dir@4.0.0
│ │ │ └── semver@7.8.5 deduped
│ │ └─┬ supports-color@7.2.0
│ │   └── has-flag@4.0.0
│ ├─┬ istanbul-reports@3.2.0
│ │ ├── html-escaper@2.0.2
│ │ └── istanbul-lib-report@3.0.1 deduped
│ ├─┬ magicast@0.5.4
│ │ ├─┬ @babel/parser@7.29.8
│ │ │ └── @babel/types@7.29.8 deduped
│ │ ├─┬ @babel/types@7.29.8
│ │ │ ├── @babel/helper-string-parser@7.29.7
│ │ │ └── @babel/helper-validator-identifier@7.29.7 deduped
│ │ └── source-map-js@1.2.1
│ ├── obug@2.1.4
│ ├── std-env@4.2.0
│ ├── tinyrainbow@3.1.1
│ └── vitest@4.1.10 deduped
├─┬ eslint-config-prettier@10.1.8
│ └── eslint@10.8.1 deduped
├─┬ eslint@10.8.1
│ ├─┬ @eslint-community/eslint-utils@4.10.1
│ │ ├── eslint-visitor-keys@3.4.3
│ │ └── eslint@10.8.1 deduped
│ ├── @eslint-community/regexpp@4.12.2
│ ├─┬ @eslint/config-array@0.23.5
│ │ ├── @eslint/object-schema@3.0.5
│ │ ├── debug@4.4.3 deduped
│ │ └── minimatch@10.2.6 deduped
│ ├─┬ @eslint/config-helpers@0.7.0
│ │ └── @eslint/core@1.2.1 deduped
│ ├─┬ @eslint/core@1.2.1
│ │ └── @types/json-schema@7.0.15
│ ├─┬ @eslint/plugin-kit@0.7.2
│ │ ├── @eslint/core@1.2.1 deduped
│ │ └─┬ levn@0.4.1
│ │   ├── prelude-ls@1.2.1 deduped
│ │   └── type-check@0.4.0 deduped
│ ├─┬ @humanfs/node@0.16.8
│ │ ├─┬ @humanfs/core@0.19.2
│ │ │ └── @humanfs/types@0.15.0 deduped
│ │ ├── @humanfs/types@0.15.0
│ │ └── @humanwhocodes/retry@0.4.3 deduped
│ ├── @humanwhocodes/module-importer@1.0.1
│ ├── @humanwhocodes/retry@0.4.3
│ ├── @types/estree@1.0.9
│ ├─┬ ajv@6.15.0
│ │ ├── fast-deep-equal@3.1.3 deduped
│ │ ├── fast-json-stable-stringify@2.1.0
│ │ ├── json-schema-traverse@0.4.1
│ │ └── uri-js@4.4.1 deduped
│ ├─┬ cross-spawn@7.0.6
│ │ ├── path-key@3.1.1
│ │ ├─┬ shebang-command@2.0.0
│ │ │ └── shebang-regex@3.0.0
│ │ └─┬ which@2.0.2
│ │   └── isexe@2.0.0
│ ├─┬ debug@4.4.3
│ │ └── ms@2.1.3
│ ├── escape-string-regexp@4.0.0
│ ├─┬ eslint-scope@9.1.2
│ │ ├── @types/esrecurse@4.3.1
│ │ ├── @types/estree@1.0.9 deduped
│ │ ├─┬ esrecurse@4.3.0
│ │ │ └── estraverse@5.3.0 deduped
│ │ └── estraverse@5.3.0
│ ├── eslint-visitor-keys@5.0.1
│ ├─┬ espree@11.2.0
│ │ ├─┬ acorn-jsx@5.3.2
│ │ │ └── acorn@8.18.0 deduped
│ │ ├── acorn@8.18.0
│ │ └── eslint-visitor-keys@5.0.1 deduped
│ ├─┬ esquery@1.7.0
│ │ └── estraverse@5.3.0 deduped
│ ├── esutils@2.0.3
│ ├── fast-deep-equal@3.1.3
│ ├─┬ file-entry-cache@8.0.0
│ │ └─┬ flat-cache@4.0.1
│ │   ├── flatted@3.4.4
│ │   └─┬ keyv@4.5.4
│ │     └── json-buffer@3.0.1
│ ├─┬ find-up@5.0.0
│ │ ├─┬ locate-path@6.0.0
│ │ │ └─┬ p-locate@5.0.0
│ │ │   └─┬ p-limit@3.1.0
│ │ │     └── yocto-queue@0.1.0
│ │ └── path-exists@4.0.0
│ ├─┬ glob-parent@6.0.2
│ │ └── is-glob@4.0.3 deduped
│ ├── ignore@5.3.2
│ ├── imurmurhash@0.1.4
│ ├─┬ is-glob@4.0.3
│ │ └── is-extglob@2.1.1
│ ├── UNMET OPTIONAL DEPENDENCY jiti@*
│ ├── json-stable-stringify-without-jsonify@1.0.1
│ ├─┬ minimatch@10.2.6
│ │ └─┬ brace-expansion@5.0.9
│ │   └── balanced-match@4.0.4
│ ├── natural-compare@1.4.0
│ └─┬ optionator@0.9.4
│   ├── deep-is@0.1.4
│   ├── fast-levenshtein@2.0.6
│   ├── levn@0.4.1 deduped
│   ├── prelude-ls@1.2.1
│   ├─┬ type-check@0.4.0
│   │ └── prelude-ls@1.2.1 deduped
│   └── word-wrap@1.2.5
├─┬ jsdom@30.0.1
│ ├─┬ @asamuzakjp/css-color@6.0.7
│ │ ├─┬ @csstools/css-calc@3.3.0
│ │ │ ├── @csstools/css-parser-algorithms@4.0.0 deduped
│ │ │ └── @csstools/css-tokenizer@4.0.0 deduped
│ │ ├─┬ @csstools/css-color-parser@4.1.10
│ │ │ ├── @csstools/color-helpers@6.1.0
│ │ │ ├── @csstools/css-calc@3.3.0 deduped
│ │ │ ├── @csstools/css-parser-algorithms@4.0.0 deduped
│ │ │ └── @csstools/css-tokenizer@4.0.0 deduped
│ │ ├─┬ @csstools/css-parser-algorithms@4.0.0
│ │ │ └── @csstools/css-tokenizer@4.0.0 deduped
│ │ ├── @csstools/css-tokenizer@4.0.0
│ │ └── lru-cache@11.5.2 deduped
│ ├─┬ @asamuzakjp/dom-selector@8.3.2
│ │ ├─┬ bidi-js@1.0.3
│ │ │ └── require-from-string@2.0.2 deduped
│ │ ├── css-tree@3.2.1 deduped
│ │ ├── is-potential-custom-element-name@1.0.1 deduped
│ │ └── lru-cache@11.5.2 deduped
│ ├─┬ @bramus/specificity@2.4.2
│ │ └── css-tree@3.2.1 deduped
│ ├─┬ @csstools/css-syntax-patches-for-csstree@1.1.7
│ │ └── css-tree@3.2.1 deduped
│ ├─┬ @exodus/bytes@1.15.1
│ │ └── UNMET OPTIONAL DEPENDENCY @noble/hashes@^1.8.0 || ^2.0.0
│ ├── UNMET OPTIONAL DEPENDENCY canvas@^3.2.3
│ ├─┬ css-tree@3.2.1
│ │ ├── mdn-data@2.27.1
│ │ └── source-map-js@1.2.1 deduped
│ ├─┬ data-urls@7.0.0
│ │ ├── whatwg-mimetype@5.0.0 deduped
│ │ └─┬ whatwg-url@16.0.1
│ │   ├── @exodus/bytes@1.15.1 deduped
│ │   ├── tr46@6.0.0 deduped
│ │   └── webidl-conversions@8.0.1 deduped
│ ├── decimal.js@10.6.0
│ ├─┬ html-encoding-sniffer@6.0.0
│ │ └── @exodus/bytes@1.15.1 deduped
│ ├── is-potential-custom-element-name@1.0.1
│ ├── lru-cache@11.5.2
│ ├─┬ parse5@8.0.1
│ │ └── entities@8.0.0
│ ├─┬ saxes@6.0.0
│ │ └── xmlchars@2.2.0
│ ├── symbol-tree@3.2.4
│ ├─┬ tough-cookie@6.0.2
│ │ └─┬ tldts@7.4.10
│ │   └── tldts-core@7.4.10
│ ├── undici@8.10.0
│ ├─┬ w3c-xmlserializer@5.0.0
│ │ └── xml-name-validator@5.0.0 deduped
│ ├── webidl-conversions@8.0.1
│ ├── whatwg-mimetype@5.0.0
│ ├─┬ whatwg-url@17.1.0
│ │ ├── @exodus/bytes@1.15.1 deduped
│ │ ├─┬ tr46@6.0.0
│ │ │ └── punycode@2.3.1 deduped
│ │ └── webidl-conversions@8.0.1 deduped
│ └── xml-name-validator@5.0.0
├── prettier@3.9.6
├─┬ react-dom@19.2.8
│ ├── react@19.2.8 deduped
│ └── scheduler@0.27.0
├── react@19.2.8
├─┬ typescript-eslint@8.67.0
│ ├─┬ @typescript-eslint/eslint-plugin@8.67.0
│ │ ├── @eslint-community/regexpp@4.12.2 deduped
│ │ ├── @typescript-eslint/parser@8.67.0 deduped
│ │ ├─┬ @typescript-eslint/scope-manager@8.67.0
│ │ │ ├── @typescript-eslint/types@8.67.0 deduped
│ │ │ └── @typescript-eslint/visitor-keys@8.67.0 deduped
│ │ ├─┬ @typescript-eslint/type-utils@8.67.0
│ │ │ ├── @typescript-eslint/types@8.67.0 deduped
│ │ │ ├── @typescript-eslint/typescript-estree@8.67.0 deduped
│ │ │ ├── @typescript-eslint/utils@8.67.0 deduped
│ │ │ ├── debug@4.4.3 deduped
│ │ │ ├── eslint@10.8.1 deduped
│ │ │ ├── ts-api-utils@2.5.0 deduped
│ │ │ └── typescript@6.0.3 deduped
│ │ ├── @typescript-eslint/utils@8.67.0 deduped
│ │ ├─┬ @typescript-eslint/visitor-keys@8.67.0
│ │ │ ├── @typescript-eslint/types@8.67.0 deduped
│ │ │ └── eslint-visitor-keys@5.0.1 deduped
│ │ ├── eslint@10.8.1 deduped
│ │ ├── ignore@7.0.6
│ │ ├── natural-compare@1.4.0 deduped
│ │ ├─┬ ts-api-utils@2.5.0
│ │ │ └── typescript@6.0.3 deduped
│ │ └── typescript@6.0.3 deduped
│ ├─┬ @typescript-eslint/parser@8.67.0
│ │ ├── @typescript-eslint/scope-manager@8.67.0 deduped
│ │ ├── @typescript-eslint/types@8.67.0
│ │ ├── @typescript-eslint/typescript-estree@8.67.0 deduped
│ │ ├── @typescript-eslint/visitor-keys@8.67.0 deduped
│ │ ├── debug@4.4.3 deduped
│ │ ├── eslint@10.8.1 deduped
│ │ └── typescript@6.0.3 deduped
│ ├─┬ @typescript-eslint/typescript-estree@8.67.0
│ │ ├─┬ @typescript-eslint/project-service@8.67.0
│ │ │ ├── @typescript-eslint/tsconfig-utils@8.67.0 deduped
│ │ │ ├── @typescript-eslint/types@8.67.0 deduped
│ │ │ ├── debug@4.4.3 deduped
│ │ │ └── typescript@6.0.3 deduped
│ │ ├─┬ @typescript-eslint/tsconfig-utils@8.67.0
│ │ │ └── typescript@6.0.3 deduped
│ │ ├── @typescript-eslint/types@8.67.0 deduped
│ │ ├── @typescript-eslint/visitor-keys@8.67.0 deduped
│ │ ├── debug@4.4.3 deduped
│ │ ├── minimatch@10.2.6 deduped
│ │ ├── semver@7.8.5 deduped
│ │ ├── tinyglobby@0.2.17 deduped
│ │ ├── ts-api-utils@2.5.0 deduped
│ │ └── typescript@6.0.3 deduped
│ ├─┬ @typescript-eslint/utils@8.67.0
│ │ ├── @eslint-community/eslint-utils@4.10.1 deduped
│ │ ├── @typescript-eslint/scope-manager@8.67.0 deduped
│ │ ├── @typescript-eslint/types@8.67.0 deduped
│ │ ├── @typescript-eslint/typescript-estree@8.67.0 deduped
│ │ ├── eslint@10.8.1 deduped
│ │ └── typescript@6.0.3 deduped
│ ├── eslint@10.8.1 deduped
│ └── typescript@6.0.3 deduped
├── typescript@6.0.3
├─┬ vite@8.2.1
│ ├── @types/node@24.10.1 deduped
│ ├── UNMET OPTIONAL DEPENDENCY @vitejs/devtools@^0.4.0
│ ├── UNMET OPTIONAL DEPENDENCY esbuild@^0.27.0 || ^0.28.0
│ ├── fsevents@2.3.3
│ ├── UNMET OPTIONAL DEPENDENCY jiti@>=1.21.0
│ ├── UNMET OPTIONAL DEPENDENCY less@^4.0.0
│ ├─┬ lightningcss@1.33.0
│ │ ├── detect-libc@2.1.2
│ │ ├── UNMET OPTIONAL DEPENDENCY lightningcss-android-arm64@1.33.0
│ │ ├── lightningcss-darwin-arm64@1.33.0
│ │ ├── UNMET OPTIONAL DEPENDENCY lightningcss-darwin-x64@1.33.0
│ │ ├── UNMET OPTIONAL DEPENDENCY lightningcss-freebsd-x64@1.33.0
│ │ ├── UNMET OPTIONAL DEPENDENCY lightningcss-linux-arm-gnueabihf@1.33.0
│ │ ├── UNMET OPTIONAL DEPENDENCY lightningcss-linux-arm64-gnu@1.33.0
│ │ ├── UNMET OPTIONAL DEPENDENCY lightningcss-linux-arm64-musl@1.33.0
│ │ ├── UNMET OPTIONAL DEPENDENCY lightningcss-linux-x64-gnu@1.33.0
│ │ ├── UNMET OPTIONAL DEPENDENCY lightningcss-linux-x64-musl@1.33.0
│ │ ├── UNMET OPTIONAL DEPENDENCY lightningcss-win32-arm64-msvc@1.33.0
│ │ └── UNMET OPTIONAL DEPENDENCY lightningcss-win32-x64-msvc@1.33.0
│ ├── picomatch@4.0.5
│ ├─┬ postcss@8.5.26
│ │ ├── nanoid@3.3.18
│ │ ├── picocolors@1.1.1 deduped
│ │ └── source-map-js@1.2.1 deduped
│ ├─┬ rolldown@1.2.4
│ │ ├── @oxc-project/types@0.144.0
│ │ ├── UNMET OPTIONAL DEPENDENCY @rolldown/binding-android-arm64@1.2.4
│ │ ├── @rolldown/binding-darwin-arm64@1.2.4
│ │ ├── UNMET OPTIONAL DEPENDENCY @rolldown/binding-darwin-x64@1.2.4
│ │ ├── UNMET OPTIONAL DEPENDENCY @rolldown/binding-freebsd-x64@1.2.4
│ │ ├── UNMET OPTIONAL DEPENDENCY @rolldown/binding-linux-arm-gnueabihf@1.2.4
│ │ ├── UNMET OPTIONAL DEPENDENCY @rolldown/binding-linux-arm64-gnu@1.2.4
│ │ ├── UNMET OPTIONAL DEPENDENCY @rolldown/binding-linux-arm64-musl@1.2.4
│ │ ├── UNMET OPTIONAL DEPENDENCY @rolldown/binding-linux-ppc64-gnu@1.2.4
│ │ ├── UNMET OPTIONAL DEPENDENCY @rolldown/binding-linux-s390x-gnu@1.2.4
│ │ ├── UNMET OPTIONAL DEPENDENCY @rolldown/binding-linux-x64-gnu@1.2.4
│ │ ├── UNMET OPTIONAL DEPENDENCY @rolldown/binding-linux-x64-musl@1.2.4
│ │ ├── UNMET OPTIONAL DEPENDENCY @rolldown/binding-openharmony-arm64@1.2.4
│ │ ├── UNMET OPTIONAL DEPENDENCY @rolldown/binding-win32-arm64-msvc@1.2.4
│ │ ├── UNMET OPTIONAL DEPENDENCY @rolldown/binding-win32-x64-msvc@1.2.4
│ │ └── @rolldown/pluginutils@1.0.1 deduped
│ ├── UNMET OPTIONAL DEPENDENCY sass-embedded@^1.70.0
│ ├── UNMET OPTIONAL DEPENDENCY sass@^1.70.0
│ ├── UNMET OPTIONAL DEPENDENCY stylus@>=0.54.8
│ ├── UNMET OPTIONAL DEPENDENCY sugarss@^5.0.0
│ ├── UNMET OPTIONAL DEPENDENCY terser@^5.16.0
│ ├─┬ tinyglobby@0.2.17
│ │ ├─┬ fdir@6.5.0
│ │ │ └── picomatch@4.0.5 deduped
│ │ └── picomatch@4.0.5 deduped
│ ├── UNMET OPTIONAL DEPENDENCY tsx@^4.8.1
│ └── UNMET OPTIONAL DEPENDENCY yaml@^2.4.2
└─┬ vitest@4.1.10
  ├── UNMET OPTIONAL DEPENDENCY @edge-runtime/vm@*
  ├── UNMET OPTIONAL DEPENDENCY @opentelemetry/api@^1.9.0
  ├── @types/node@24.10.1 deduped
  ├── UNMET OPTIONAL DEPENDENCY @vitest/browser-playwright@4.1.10
  ├── UNMET OPTIONAL DEPENDENCY @vitest/browser-preview@4.1.10
  ├── UNMET OPTIONAL DEPENDENCY @vitest/browser-webdriverio@4.1.10
  ├── UNMET OPTIONAL DEPENDENCY @vitest/coverage-istanbul@4.1.10
  ├── @vitest/coverage-v8@4.1.10 deduped
  ├─┬ @vitest/expect@4.1.10
  │ ├── @standard-schema/spec@1.1.0
  │ ├─┬ @types/chai@5.2.3
  │ │ ├── @types/deep-eql@4.0.2
  │ │ └── assertion-error@2.0.1
  │ ├── @vitest/spy@4.1.10 deduped
  │ ├── @vitest/utils@4.1.10 deduped
  │ ├── chai@6.2.2
  │ └── tinyrainbow@3.1.1 deduped
  ├─┬ @vitest/mocker@4.1.10
  │ ├── @vitest/spy@4.1.10 deduped
  │ ├── estree-walker@3.0.3 deduped
  │ ├── magic-string@0.30.21 deduped
  │ ├── UNMET OPTIONAL DEPENDENCY msw@^2.4.9
  │ └── vite@8.2.1 deduped
  ├─┬ @vitest/pretty-format@4.1.10
  │ └── tinyrainbow@3.1.1 deduped
  ├─┬ @vitest/runner@4.1.10
  │ ├── @vitest/utils@4.1.10 deduped
  │ └── pathe@2.0.3 deduped
  ├─┬ @vitest/snapshot@4.1.10
  │ ├── @vitest/pretty-format@4.1.10 deduped
  │ ├── @vitest/utils@4.1.10 deduped
  │ ├── magic-string@0.30.21 deduped
  │ └── pathe@2.0.3 deduped
  ├── @vitest/spy@4.1.10
  ├── UNMET OPTIONAL DEPENDENCY @vitest/ui@4.1.10
  ├── @vitest/utils@4.1.10 deduped
  ├── es-module-lexer@2.3.1
  ├── expect-type@1.4.0
  ├── UNMET OPTIONAL DEPENDENCY happy-dom@*
  ├── jsdom@30.0.1 deduped
  ├─┬ magic-string@0.30.21
  │ └── @jridgewell/sourcemap-codec@1.5.5
  ├── obug@2.1.4 deduped
  ├── pathe@2.0.3
  ├── picomatch@4.0.5 deduped
  ├── std-env@4.2.0 deduped
  ├── tinybench@2.9.0
  ├── tinyexec@1.3.0
  ├── tinyglobby@0.2.17 deduped
  ├── tinyrainbow@3.1.1 deduped
  ├── vite@8.2.1 deduped
  └─┬ why-is-node-running@2.3.0
    ├── siginfo@2.0.0
    └── stackback@0.0.2

