
> marketops-console@0.1.0 test:ci
> vitest run --coverage --reporter=default --reporter=json --outputFile=../../build/supply-chain/frontend-tests.json


 RUN  v4.1.10 /private/tmp/marketops-legacy-browser-rwwswr9r/source/frontend/marketops-console
      Coverage enabled with v8

 ✓ src/__tests__/consoleApi.test.ts (67 tests) 35ms
 ✓ src/__tests__/HealthShell.test.tsx (13 tests) 316ms
 ✓ src/__tests__/AvailabilityCases.test.tsx (14 tests) 325ms
 ✓ src/__tests__/AdvertisingControl.test.tsx (19 tests) 461ms
 ✓ src/__tests__/AdvertisingExecution.test.tsx (34 tests) 510ms
 ✓ src/__tests__/AdvertisingWorkflow.test.tsx (7 tests) 578ms
 ✓ src/__tests__/ConsoleJourney.test.tsx (34 tests) 945ms
 ✓ src/__tests__/AdvertisingGovernedActions.test.tsx (5 tests) 479ms
     ✓ selects a system manual option using only its identities and human reason  329ms
 ✓ src/__tests__/oidc.test.ts (12 tests) 26ms
stderr | src/__tests__/AppSession.test.tsx > TC-UI-040 nothing operational is shown before a session exists > offers sign-in and the platform panel, and no operating data
An update to HealthShell inside a test was not wrapped in act(...).

When testing, code that causes React state updates should be wrapped into act(...):

act(() => {
  /* fire events that update state */
});
/* assert on the output */

This ensures that you're testing the behavior the user would see in the browser. Learn more at https://react.dev/link/wrap-tests-with-act
An update to HealthShell inside a test was not wrapped in act(...).

When testing, code that causes React state updates should be wrapped into act(...):

act(() => {
  /* fire events that update state */
});
/* assert on the output */

This ensures that you're testing the behavior the user would see in the browser. Learn more at https://react.dev/link/wrap-tests-with-act

stderr | src/__tests__/AppSession.test.tsx > TC-UI-040 nothing operational is shown before a session exists > says the operating console is not configured rather than offering a dead button
An update to HealthShell inside a test was not wrapped in act(...).

When testing, code that causes React state updates should be wrapped into act(...):

act(() => {
  /* fire events that update state */
});
/* assert on the output */

This ensures that you're testing the behavior the user would see in the browser. Learn more at https://react.dev/link/wrap-tests-with-act
An update to HealthShell inside a test was not wrapped in act(...).

When testing, code that causes React state updates should be wrapped into act(...):

act(() => {
  /* fire events that update state */
});
/* assert on the output */

This ensures that you're testing the behavior the user would see in the browser. Learn more at https://react.dev/link/wrap-tests-with-act

 ✓ src/__tests__/AdvertisingBrief.test.tsx (8 tests) 179ms
stderr | src/__tests__/AppSession.test.tsx > TC-UI-040 nothing operational is shown before a session exists > shows the operating console once a session exists
An update to AvailabilityQueue inside a test was not wrapped in act(...).

When testing, code that causes React state updates should be wrapped into act(...):

act(() => {
  /* fire events that update state */
});
/* assert on the output */

This ensures that you're testing the behavior the user would see in the browser. Learn more at https://react.dev/link/wrap-tests-with-act
An update to AvailabilityQueue inside a test was not wrapped in act(...).

When testing, code that causes React state updates should be wrapped into act(...):

act(() => {
  /* fire events that update state */
});
/* assert on the output */

This ensures that you're testing the behavior the user would see in the browser. Learn more at https://react.dev/link/wrap-tests-with-act
An update to AvailabilityCases inside a test was not wrapped in act(...).

When testing, code that causes React state updates should be wrapped into act(...):

act(() => {
  /* fire events that update state */
});
/* assert on the output */

This ensures that you're testing the behavior the user would see in the browser. Learn more at https://react.dev/link/wrap-tests-with-act
An update to AvailabilityCases inside a test was not wrapped in act(...).

When testing, code that causes React state updates should be wrapped into act(...):

act(() => {
  /* fire events that update state */
});
/* assert on the output */

This ensures that you're testing the behavior the user would see in the browser. Learn more at https://react.dev/link/wrap-tests-with-act
An update to AdvertisingBriefView inside a test was not wrapped in act(...).

When testing, code that causes React state updates should be wrapped into act(...):

act(() => {
  /* fire events that update state */
});
/* assert on the output */

This ensures that you're testing the behavior the user would see in the browser. Learn more at https://react.dev/link/wrap-tests-with-act
An update to AdvertisingQueue inside a test was not wrapped in act(...).

When testing, code that causes React state updates should be wrapped into act(...):

act(() => {
  /* fire events that update state */
});
/* assert on the output */

This ensures that you're testing the behavior the user would see in the browser. Learn more at https://react.dev/link/wrap-tests-with-act
An update to AdvertisingQueue inside a test was not wrapped in act(...).

When testing, code that causes React state updates should be wrapped into act(...):

act(() => {
  /* fire events that update state */
});
/* assert on the output */

This ensures that you're testing the behavior the user would see in the browser. Learn more at https://react.dev/link/wrap-tests-with-act
An update to PriorityQueue inside a test was not wrapped in act(...).

When testing, code that causes React state updates should be wrapped into act(...):

act(() => {
  /* fire events that update state */
});
/* assert on the output */

This ensures that you're testing the behavior the user would see in the browser. Learn more at https://react.dev/link/wrap-tests-with-act
An update to PriorityQueue inside a test was not wrapped in act(...).

When testing, code that causes React state updates should be wrapped into act(...):

act(() => {
  /* fire events that update state */
});
/* assert on the output */

This ensures that you're testing the behavior the user would see in the browser. Learn more at https://react.dev/link/wrap-tests-with-act
An update to AdvertisingOperations inside a test was not wrapped in act(...).

When testing, code that causes React state updates should be wrapped into act(...):

act(() => {
  /* fire events that update state */
});
/* assert on the output */

This ensures that you're testing the behavior the user would see in the browser. Learn more at https://react.dev/link/wrap-tests-with-act

stderr | src/__tests__/AppSession.test.tsx > TC-UI-040 nothing operational is shown before a session exists > treats an expired session as no session
An update to HealthShell inside a test was not wrapped in act(...).

When testing, code that causes React state updates should be wrapped into act(...):

act(() => {
  /* fire events that update state */
});
/* assert on the output */

This ensures that you're testing the behavior the user would see in the browser. Learn more at https://react.dev/link/wrap-tests-with-act
An update to HealthShell inside a test was not wrapped in act(...).

When testing, code that causes React state updates should be wrapped into act(...):

act(() => {
  /* fire events that update state */
});
/* assert on the output */

This ensures that you're testing the behavior the user would see in the browser. Learn more at https://react.dev/link/wrap-tests-with-act

 ✓ src/__tests__/AvailabilityQueue.test.tsx (14 tests) 277ms
 ✓ src/__tests__/AdvertisingRecoveryWorkflow.test.tsx (8 tests) 396ms
stderr | src/__tests__/AppSession.test.tsx > TC-UI-042 the journey runs in the order the work happens > lets an operator sign out
An update to AvailabilityQueue inside a test was not wrapped in act(...).

When testing, code that causes React state updates should be wrapped into act(...):

act(() => {
  /* fire events that update state */
});
/* assert on the output */

This ensures that you're testing the behavior the user would see in the browser. Learn more at https://react.dev/link/wrap-tests-with-act
An update to AvailabilityQueue inside a test was not wrapped in act(...).

When testing, code that causes React state updates should be wrapped into act(...):

act(() => {
  /* fire events that update state */
});
/* assert on the output */

This ensures that you're testing the behavior the user would see in the browser. Learn more at https://react.dev/link/wrap-tests-with-act
An update to AvailabilityCases inside a test was not wrapped in act(...).

When testing, code that causes React state updates should be wrapped into act(...):

act(() => {
  /* fire events that update state */
});
/* assert on the output */

This ensures that you're testing the behavior the user would see in the browser. Learn more at https://react.dev/link/wrap-tests-with-act
An update to AvailabilityCases inside a test was not wrapped in act(...).

When testing, code that causes React state updates should be wrapped into act(...):

act(() => {
  /* fire events that update state */
});
/* assert on the output */

This ensures that you're testing the behavior the user would see in the browser. Learn more at https://react.dev/link/wrap-tests-with-act
An update to AdvertisingBriefView inside a test was not wrapped in act(...).

When testing, code that causes React state updates should be wrapped into act(...):

act(() => {
  /* fire events that update state */
});
/* assert on the output */

This ensures that you're testing the behavior the user would see in the browser. Learn more at https://react.dev/link/wrap-tests-with-act
An update to AdvertisingQueue inside a test was not wrapped in act(...).

When testing, code that causes React state updates should be wrapped into act(...):

act(() => {
  /* fire events that update state */
});
/* assert on the output */

This ensures that you're testing the behavior the user would see in the browser. Learn more at https://react.dev/link/wrap-tests-with-act
An update to AdvertisingQueue inside a test was not wrapped in act(...).

When testing, code that causes React state updates should be wrapped into act(...):

act(() => {
  /* fire events that update state */
});
/* assert on the output */

This ensures that you're testing the behavior the user would see in the browser. Learn more at https://react.dev/link/wrap-tests-with-act
An update to PriorityQueue inside a test was not wrapped in act(...).

When testing, code that causes React state updates should be wrapped into act(...):

act(() => {
  /* fire events that update state */
});
/* assert on the output */

This ensures that you're testing the behavior the user would see in the browser. Learn more at https://react.dev/link/wrap-tests-with-act
An update to PriorityQueue inside a test was not wrapped in act(...).

When testing, code that causes React state updates should be wrapped into act(...):

act(() => {
  /* fire events that update state */
});
/* assert on the output */

This ensures that you're testing the behavior the user would see in the browser. Learn more at https://react.dev/link/wrap-tests-with-act
An update to AdvertisingOperations inside a test was not wrapped in act(...).

When testing, code that causes React state updates should be wrapped into act(...):

act(() => {
  /* fire events that update state */
});
/* assert on the output */

This ensures that you're testing the behavior the user would see in the browser. Learn more at https://react.dev/link/wrap-tests-with-act

 ✓ src/__tests__/AppSession.test.tsx (14 tests) 479ms
 ✓ src/__tests__/AvailabilityAuthorityPanel.test.tsx (3 tests) 170ms
 ✓ src/__tests__/metaStatus.test.ts (10 tests) 18ms
 ✓ src/__tests__/viteConfig.test.ts (12 tests) 16ms
 ✓ src/__tests__/healthState.test.ts (9 tests) 6ms
fatal: not a git repository (or any of the parent directories): .git
 ❯ src/__tests__/sourceIdentity.test.ts (7 tests | 1 failed) 29ms
     ✓ uses an explicit full contributor source SHA in CI 1ms
     ✓ fails closed when CI omits the contributor source SHA 1ms
     ✓ rejects the invalid explicit source identity abcdef0 0ms
     ✓ rejects the invalid explicit source identity gggggggggggggggggggggggggggggggggggggggg 0ms
     ✓ rejects the invalid explicit source identity AAAAAAAAAAAAAAAAAAAAAAAAAAAAAAAAAAAAAAAA 0ms
     × uses the full repository Head for a local run without an explicit identity 25ms
     ✓ rejects an invalid repository Head rather than publishing it 0ms
 ✓ src/__tests__/confidence.test.ts (10 tests) 5ms
 ✓ src/__tests__/config.test.ts (4 tests) 3ms
 ✓ src/__tests__/buildInfo.test.ts (2 tests) 4ms
 ✓ src/__tests__/App.test.tsx (2 tests) 84ms

⎯⎯⎯⎯⎯⎯⎯ Failed Tests 1 ⎯⎯⎯⎯⎯⎯⎯

 FAIL  src/__tests__/sourceIdentity.test.ts > browser source identity > uses the full repository Head for a local run without an explicit identity
Error: Command failed: git rev-parse HEAD
fatal: not a git repository (or any of the parent directories): .git

 ❯ src/__tests__/sourceIdentity.test.ts:40:28
     38|
     39|   it('uses the full repository Head for a local run without an explici…
     40|     const repositoryHead = execFileSync('git', ['rev-parse', 'HEAD'], {
       |                            ^
     41|       cwd: repositoryRoot,
     42|       encoding: 'utf8',

⎯⎯⎯⎯⎯⎯⎯⎯⎯⎯⎯⎯⎯⎯⎯⎯⎯⎯⎯⎯⎯⎯⎯⎯[1/1]⎯


 Test Files  1 failed | 21 passed (22)
      Tests  1 failed | 307 passed (308)
   Start at  18:25:28
   Duration  5.24s (transform 1.98s, setup 4.00s, import 2.49s, tests 5.34s, environment 16.27s)

JSON report written to /private/tmp/marketops-legacy-browser-rwwswr9r/source/build/supply-chain/frontend-tests.json
