
> marketops-console@0.1.0 test:ci
> vitest run --coverage --reporter=default --reporter=json --outputFile=/Users/chzhengx/Code/personal/marketops-platform/docs/07-phase-evidence/SLICE-V1-003/rework-r1/workstreams/post-w4-ui/exposure-quality-r4/vitest.json


 RUN  v4.1.10 /Users/chzhengx/Code/personal/marketops-platform/frontend/marketops-console
      Coverage enabled with v8

 ✓ src/__tests__/consoleApi.test.ts (67 tests) 212ms
 ✓ src/__tests__/HealthShell.test.tsx (13 tests) 1169ms
     ✓ asks again when the operator asks it to  604ms
 ✓ src/__tests__/AvailabilityCases.test.tsx (14 tests) 1186ms
     ✓ TC-UI-CASE-014 a refusal about this panel is still reported on this panel  388ms
 ✓ src/__tests__/AdvertisingControl.test.tsx (19 tests) 1747ms
     ✓ TC-UI-ADV-005 renders the backend order without re-sorting it  906ms
 ✓ src/__tests__/AdvertisingExecution.test.tsx (34 tests) 1818ms
     ✓ TC-UI-ADV-015 reports every axis against its own limit and never combines them  865ms
 ✓ src/__tests__/AdvertisingWorkflow.test.tsx (7 tests) 2152ms
     ✓ selects only an exact server candidate with reason and observed version  1240ms
     ✓ recovers an existing native command and preserves unresolved readback, exact units and absent outcome  380ms
 ✓ src/__tests__/ConsoleJourney.test.tsx (34 tests) 3303ms
     ✓ retries a lost submission with the same idempotency key  545ms
     ✓ reopens an existing command from COMMAND_CREATED without a decision or another write  305ms
     ✓ says a step-up is needed rather than that the action is not permitted  359ms
 ✓ src/__tests__/AdvertisingGovernedActions.test.tsx (5 tests) 1248ms
     ✓ selects a system manual option using only its identities and human reason  629ms
     ✓ live staffed SLO replaces static due dates and a 204 acknowledgement is a successful round trip  364ms
stderr | src/__tests__/AppSession.test.tsx > TC-UI-040 nothing operational is shown before a session exists > offers sign-in and the platform panel, and no operating data
An update to HealthShell inside a test was not wrapped in act(...).

When testing, code that causes React state updates should be wrapped into act(...):

act(() => {
  /* fire events that update state */
});
/* assert on the output */

This ensures that you're testing the behavior the user would see in the browser. Learn more at https://react.dev/link/wrap-tests-with-act
An update to HealthShell inside a test was not wrapped in act(...).

When testing, code that causes React state updates should be wrapped into act(...):

act(() => {
  /* fire events that update state */
});
/* assert on the output */

This ensures that you're testing the behavior the user would see in the browser. Learn more at https://react.dev/link/wrap-tests-with-act

stderr | src/__tests__/AppSession.test.tsx > TC-UI-040 nothing operational is shown before a session exists > says the operating console is not configured rather than offering a dead button
An update to HealthShell inside a test was not wrapped in act(...).

When testing, code that causes React state updates should be wrapped into act(...):

act(() => {
  /* fire events that update state */
});
/* assert on the output */

This ensures that you're testing the behavior the user would see in the browser. Learn more at https://react.dev/link/wrap-tests-with-act
An update to HealthShell inside a test was not wrapped in act(...).

When testing, code that causes React state updates should be wrapped into act(...):

act(() => {
  /* fire events that update state */
});
/* assert on the output */

This ensures that you're testing the behavior the user would see in the browser. Learn more at https://react.dev/link/wrap-tests-with-act

stderr | src/__tests__/AppSession.test.tsx > TC-UI-040 nothing operational is shown before a session exists > shows the operating console once a session exists
An update to AvailabilityQueue inside a test was not wrapped in act(...).

When testing, code that causes React state updates should be wrapped into act(...):

act(() => {
  /* fire events that update state */
});
/* assert on the output */

This ensures that you're testing the behavior the user would see in the browser. Learn more at https://react.dev/link/wrap-tests-with-act
An update to AvailabilityQueue inside a test was not wrapped in act(...).

When testing, code that causes React state updates should be wrapped into act(...):

act(() => {
  /* fire events that update state */
});
/* assert on the output */

This ensures that you're testing the behavior the user would see in the browser. Learn more at https://react.dev/link/wrap-tests-with-act
An update to AvailabilityCases inside a test was not wrapped in act(...).

When testing, code that causes React state updates should be wrapped into act(...):

act(() => {
  /* fire events that update state */
});
/* assert on the output */

This ensures that you're testing the behavior the user would see in the browser. Learn more at https://react.dev/link/wrap-tests-with-act
An update to AvailabilityCases inside a test was not wrapped in act(...).

When testing, code that causes React state updates should be wrapped into act(...):

act(() => {
  /* fire events that update state */
});
/* assert on the output */

This ensures that you're testing the behavior the user would see in the browser. Learn more at https://react.dev/link/wrap-tests-with-act
An update to AdvertisingBriefView inside a test was not wrapped in act(...).

When testing, code that causes React state updates should be wrapped into act(...):

act(() => {
  /* fire events that update state */
});
/* assert on the output */

This ensures that you're testing the behavior the user would see in the browser. Learn more at https://react.dev/link/wrap-tests-with-act
An update to AdvertisingQueue inside a test was not wrapped in act(...).

When testing, code that causes React state updates should be wrapped into act(...):

act(() => {
  /* fire events that update state */
});
/* assert on the output */

This ensures that you're testing the behavior the user would see in the browser. Learn more at https://react.dev/link/wrap-tests-with-act
An update to AdvertisingQueue inside a test was not wrapped in act(...).

When testing, code that causes React state updates should be wrapped into act(...):

act(() => {
  /* fire events that update state */
});
/* assert on the output */

This ensures that you're testing the behavior the user would see in the browser. Learn more at https://react.dev/link/wrap-tests-with-act
An update to PriorityQueue inside a test was not wrapped in act(...).

When testing, code that causes React state updates should be wrapped into act(...):

act(() => {
  /* fire events that update state */
});
/* assert on the output */

This ensures that you're testing the behavior the user would see in the browser. Learn more at https://react.dev/link/wrap-tests-with-act
An update to PriorityQueue inside a test was not wrapped in act(...).

When testing, code that causes React state updates should be wrapped into act(...):

act(() => {
  /* fire events that update state */
});
/* assert on the output */

This ensures that you're testing the behavior the user would see in the browser. Learn more at https://react.dev/link/wrap-tests-with-act
An update to AdvertisingOperations inside a test was not wrapped in act(...).

When testing, code that causes React state updates should be wrapped into act(...):

act(() => {
  /* fire events that update state */
});
/* assert on the output */

This ensures that you're testing the behavior the user would see in the browser. Learn more at https://react.dev/link/wrap-tests-with-act

stderr | src/__tests__/AppSession.test.tsx > TC-UI-040 nothing operational is shown before a session exists > treats an expired session as no session
An update to HealthShell inside a test was not wrapped in act(...).

When testing, code that causes React state updates should be wrapped into act(...):

act(() => {
  /* fire events that update state */
});
/* assert on the output */

This ensures that you're testing the behavior the user would see in the browser. Learn more at https://react.dev/link/wrap-tests-with-act
An update to HealthShell inside a test was not wrapped in act(...).

When testing, code that causes React state updates should be wrapped into act(...):

act(() => {
  /* fire events that update state */
});
/* assert on the output */

This ensures that you're testing the behavior the user would see in the browser. Learn more at https://react.dev/link/wrap-tests-with-act

 ✓ src/__tests__/AdvertisingBrief.test.tsx (8 tests) 862ms
     ✓ TC-UI-BRIEF-001 shows every section, including the ones that found nothing  311ms
     ✓ TC-UI-BRIEF-003 keeps the reading that was published on the day  504ms
 ✓ src/__tests__/AdvertisingRecoveryWorkflow.test.tsx (8 tests) 1883ms
     ✓ a Maker stop submits exact entity scope and an accountable reviewer, with no finance input  969ms
     ✓ assignment, start and journal use the task revision and retain attributed actor evidence  415ms
 ✓ src/__tests__/oidc.test.ts (12 tests) 57ms
 ✓ src/__tests__/AvailabilityQueue.test.tsx (14 tests) 992ms
     ✓ TC-UI-009 reports a refusal instead of an empty queue  353ms
stderr | src/__tests__/AppSession.test.tsx > TC-UI-042 the journey runs in the order the work happens > lets an operator sign out
An update to AvailabilityQueue inside a test was not wrapped in act(...).

When testing, code that causes React state updates should be wrapped into act(...):

act(() => {
  /* fire events that update state */
});
/* assert on the output */

This ensures that you're testing the behavior the user would see in the browser. Learn more at https://react.dev/link/wrap-tests-with-act
An update to AvailabilityQueue inside a test was not wrapped in act(...).

When testing, code that causes React state updates should be wrapped into act(...):

act(() => {
  /* fire events that update state */
});
/* assert on the output */

This ensures that you're testing the behavior the user would see in the browser. Learn more at https://react.dev/link/wrap-tests-with-act
An update to AvailabilityCases inside a test was not wrapped in act(...).

When testing, code that causes React state updates should be wrapped into act(...):

act(() => {
  /* fire events that update state */
});
/* assert on the output */

This ensures that you're testing the behavior the user would see in the browser. Learn more at https://react.dev/link/wrap-tests-with-act
An update to AvailabilityCases inside a test was not wrapped in act(...).

When testing, code that causes React state updates should be wrapped into act(...):

act(() => {
  /* fire events that update state */
});
/* assert on the output */

This ensures that you're testing the behavior the user would see in the browser. Learn more at https://react.dev/link/wrap-tests-with-act
An update to AdvertisingBriefView inside a test was not wrapped in act(...).

When testing, code that causes React state updates should be wrapped into act(...):

act(() => {
  /* fire events that update state */
});
/* assert on the output */

This ensures that you're testing the behavior the user would see in the browser. Learn more at https://react.dev/link/wrap-tests-with-act
An update to AdvertisingQueue inside a test was not wrapped in act(...).

When testing, code that causes React state updates should be wrapped into act(...):

act(() => {
  /* fire events that update state */
});
/* assert on the output */

This ensures that you're testing the behavior the user would see in the browser. Learn more at https://react.dev/link/wrap-tests-with-act
An update to AdvertisingQueue inside a test was not wrapped in act(...).

When testing, code that causes React state updates should be wrapped into act(...):

act(() => {
  /* fire events that update state */
});
/* assert on the output */

This ensures that you're testing the behavior the user would see in the browser. Learn more at https://react.dev/link/wrap-tests-with-act
An update to PriorityQueue inside a test was not wrapped in act(...).

When testing, code that causes React state updates should be wrapped into act(...):

act(() => {
  /* fire events that update state */
});
/* assert on the output */

This ensures that you're testing the behavior the user would see in the browser. Learn more at https://react.dev/link/wrap-tests-with-act
An update to PriorityQueue inside a test was not wrapped in act(...).

When testing, code that causes React state updates should be wrapped into act(...):

act(() => {
  /* fire events that update state */
});
/* assert on the output */

This ensures that you're testing the behavior the user would see in the browser. Learn more at https://react.dev/link/wrap-tests-with-act
An update to AdvertisingOperations inside a test was not wrapped in act(...).

When testing, code that causes React state updates should be wrapped into act(...):

act(() => {
  /* fire events that update state */
});
/* assert on the output */

This ensures that you're testing the behavior the user would see in the browser. Learn more at https://react.dev/link/wrap-tests-with-act

 ✓ src/__tests__/AppSession.test.tsx (14 tests) 1539ms
     ✓ offers sign-in and the platform panel, and no operating data  725ms
     ✓ moves from the work list to the subject a person picked  301ms
 ✓ src/__tests__/AvailabilityAuthorityPanel.test.tsx (3 tests) 267ms
 ✓ src/__tests__/metaStatus.test.ts (10 tests) 23ms
 ✓ src/__tests__/confidence.test.ts (10 tests) 7ms
 ✓ src/__tests__/healthState.test.ts (9 tests) 11ms
 ✓ src/__tests__/viteConfig.test.ts (12 tests) 13ms
 ✓ src/__tests__/config.test.ts (4 tests) 5ms
 ✓ src/__tests__/sourceIdentity.test.ts (7 tests) 61ms
 ✓ src/__tests__/buildInfo.test.ts (2 tests) 4ms
 ✓ src/__tests__/App.test.tsx (2 tests) 95ms

 Test Files  22 passed (22)
      Tests  308 passed (308)
   Start at  18:44:06
   Duration  14.78s (transform 6.98s, setup 9.65s, import 9.25s, tests 18.66s, environment 46.12s)

JSON report written to /Users/chzhengx/Code/personal/marketops-platform/docs/07-phase-evidence/SLICE-V1-003/rework-r1/workstreams/post-w4-ui/exposure-quality-r4/vitest.json
 % Coverage report from v8

=============================== Coverage summary ===============================
Statements   : 86.04% ( 1850/2150 )
Branches     : 78.95% ( 1786/2262 )
Functions    : 87.3% ( 509/583 )
Lines        : 86.77% ( 1792/2065 )
================================================================================
