#0 building with "default" instance using docker driver

#1 [internal] load build definition from migration.Dockerfile
#1 transferring dockerfile: 976B done
#1 DONE 0.0s

#2 [internal] load metadata for docker.io/library/eclipse-temurin:21-jre-noble@sha256:96975602e131485862eb8cd32927face8a06d7591a5e865944b634a701d9df72
#2 DONE 0.0s

#3 [internal] load .dockerignore
#3 transferring context: 2B done
#3 DONE 0.0s

#4 [1/6] FROM docker.io/library/eclipse-temurin:21-jre-noble@sha256:96975602e131485862eb8cd32927face8a06d7591a5e865944b634a701d9df72
#4 DONE 0.0s

#5 [internal] load build context
#5 transferring context: 1.02kB done
#5 DONE 0.0s

#6 [4/6] RUN test "$(sha256sum /opt/marketops/app.jar | cut -d ' ' -f1)" = "61b54a2b0e16724c83cdbfc14ad4dedfd10cd308a38d6b7546d623aba167e55b"
#6 CACHED

#7 [2/6] WORKDIR /opt/marketops
#7 CACHED

#8 [3/6] COPY --chown=10001:10001 --chmod=0444 backend/marketops-server/target/marketops-server-*.jar /opt/marketops/app.jar
#8 CACHED

#9 [5/6] COPY --chown=10001:10001 --chmod=0444 infra/yandex/runtime/certs/yandex-root.crt /opt/marketops/certs/yandex-root.crt
#9 CACHED

#10 [6/6] COPY --chown=10001:10001 --chmod=0444 infra/yandex/runtime/migration-logback.xml /opt/marketops/migration-logback.xml
#10 DONE 0.1s

#11 exporting to image
#11 exporting layers
#11 exporting layers 0.3s done
#11 writing image sha256:1285eb12202af170c41495858f3bd834062fb0726143763e6a43b1001f15f1b2 done
#11 naming to docker.io/library/marketops-migration-verification:61b54a2b0e16724c done
#11 DONE 0.3s
