{
  "scope": "LOCAL_PACKAGED_ARTIFACT_AND_ISOLATED_CONTAINER_VERIFICATION",
  "artifactSha256": "17e6325ae600d7cff0392b7dcf07852b00b1e9b92277e15e532c64f9bbc61ea4",
  "testedCheckoutCommit": "e278b1e3d8541aeb806e41d6cbef4deac8d16d06",
  "testedCheckoutTree": "178132dd32a92e59e320eb100774b5bb9f6fb248",
  "uncommittedWorktree": false,
  "buildContextInputs": {
    "backend/marketops-server/target/marketops-server-0.1.0-SNAPSHOT.jar": "17e6325ae600d7cff0392b7dcf07852b00b1e9b92277e15e532c64f9bbc61ea4",
    "infra/yandex/runtime/backend.Dockerfile": "f38bf71bd872639c02e771cc983124cd3c13c5341a1d3b4522b175f1bffb6078",
    "infra/yandex/runtime/migration.Dockerfile": "0d0cde7449099adec670a24e15733fdb1269b36a6bf355b84a7cf6cfe505ecc6",
    "infra/yandex/runtime/migration-logback.xml": "b3f4a28871d8e186534d90cf0b3c60fe37e8266c904d4ffbffe16d4446ff249e",
    "infra/yandex/runtime/certs/yandex-root.crt": "6d148f85b5213445b23ad22ff45e47e1aa2be968f183f9bd6ff39de54d47a8ef"
  },
  "images": {
    "backend": "sha256:f3c457cd011a13a2c588c5f3ba3a407de5cfaead1bc64894106482fefbaaeec5",
    "migration": "sha256:8594a714dd9d51682ed6d51c5cf87ff6a478024492a85cc56546a1b7b9965f84"
  },
  "result": "PASS",
  "databaseConnections": "NONE",
  "providerCalls": "NONE",
  "credentials": "NONE",
  "deployment": "NOT_EXECUTED"
}
