v24.19.0
11.17.0
npm warn deprecated prebuild-install@7.1.3: No longer maintained. Please contact the author of the relevant native addon; alternatives are available.
npm warn deprecated glob@10.5.0: Old versions of glob are not supported, and contain widely publicized security vulnerabilities, which have been fixed in the current version. Please update. Support for old versions may be purchased (at exorbitant rates) by contacting i@izs.me

added 375 packages in 6s

> marketops-console@0.1.0 lint
> eslint . --max-warnings 0


> marketops-console@0.1.0 format:check
> prettier --check .

Checking formatting...
All matched files use Prettier code style!

> marketops-console@0.1.0 typecheck
> tsc --noEmit --pretty


> marketops-console@0.1.0 test:ci
> vitest run --coverage --reporter=default --reporter=json --outputFile=/Users/chzhengx/Code/personal/marketops-platform/build/final-gate-r6-e278b1e/frontend/tests.json


[1m[30m[46m RUN [49m[39m[22m [36mv4.1.10 [39m[90m/Users/chzhengx/Code/personal/marketops-platform/frontend/marketops-console[39m
      [2mCoverage enabled with [22m[33mv8[39m

 [32m✓[39m src/__tests__/consoleApi.test.ts [2m([22m[2m67 tests[22m[2m)[22m[32m 176[2mms[22m[39m
 [32m✓[39m src/__tests__/AvailabilityCases.test.tsx [2m([22m[2m14 tests[22m[2m)[22m[33m 615[2mms[22m[39m
 [32m✓[39m src/__tests__/AdvertisingControl.test.tsx [2m([22m[2m19 tests[22m[2m)[22m[33m 1404[2mms[22m[39m
     [33m[2m✓[22m[39m TC-UI-ADV-005 renders the backend order without re-sorting it [33m 543[2mms[22m[39m
 [32m✓[39m src/__tests__/AdvertisingExecution.test.tsx [2m([22m[2m54 tests[22m[2m)[22m[33m 1682[2mms[22m[39m
     [33m[2m✓[22m[39m TC-UI-ADV-015 reports every axis against its own limit and never combines them [33m 601[2mms[22m[39m
 [32m✓[39m src/__tests__/AdvertisingGovernedActions.test.tsx [2m([22m[2m16 tests[22m[2m)[22m[33m 1763[2mms[22m[39m
     [33m[2m✓[22m[39m selects a system manual option using only its identities and human reason [33m 822[2mms[22m[39m
 [32m✓[39m src/__tests__/AdvertisingWorkflow.test.tsx [2m([22m[2m26 tests[22m[2m)[22m[33m 2346[2mms[22m[39m
     [33m[2m✓[22m[39m selects only an exact server candidate with reason and observed version [33m 854[2mms[22m[39m
     [33m[2m✓[22m[39m reads the actual GuardrailVerdict record and preserves complete blocked preview evidence [33m 306[2mms[22m[39m
 [32m✓[39m src/__tests__/ConsoleJourney.test.tsx [2m([22m[2m34 tests[22m[2m)[22m[33m 2201[2mms[22m[39m
     [33m[2m✓[22m[39m retries a lost submission with the same idempotency key [33m 548[2mms[22m[39m
 [32m✓[39m src/__tests__/HealthShell.test.tsx [2m([22m[2m13 tests[22m[2m)[22m[33m 723[2mms[22m[39m
[90mstderr[2m | src/__tests__/AppSession.test.tsx[2m > [22m[2mTC-UI-040 nothing operational is shown before a session exists[2m > [22m[2moffers sign-in and the platform panel, and no operating data
[22m[39mAn update to HealthShell inside a test was not wrapped in act(...).

When testing, code that causes React state updates should be wrapped into act(...):

act(() => {
  /* fire events that update state */
});
/* assert on the output */

This ensures that you're testing the behavior the user would see in the browser. Learn more at https://react.dev/link/wrap-tests-with-act
An update to HealthShell inside a test was not wrapped in act(...).

When testing, code that causes React state updates should be wrapped into act(...):

act(() => {
  /* fire events that update state */
});
/* assert on the output */

This ensures that you're testing the behavior the user would see in the browser. Learn more at https://react.dev/link/wrap-tests-with-act

[90mstderr[2m | src/__tests__/AppSession.test.tsx[2m > [22m[2mTC-UI-040 nothing operational is shown before a session exists[2m > [22m[2msays the operating console is not configured rather than offering a dead button
[22m[39mAn update to HealthShell inside a test was not wrapped in act(...).

When testing, code that causes React state updates should be wrapped into act(...):

act(() => {
  /* fire events that update state */
});
/* assert on the output */

This ensures that you're testing the behavior the user would see in the browser. Learn more at https://react.dev/link/wrap-tests-with-act
An update to HealthShell inside a test was not wrapped in act(...).

When testing, code that causes React state updates should be wrapped into act(...):

act(() => {
  /* fire events that update state */
});
/* assert on the output */

This ensures that you're testing the behavior the user would see in the browser. Learn more at https://react.dev/link/wrap-tests-with-act

[90mstderr[2m | src/__tests__/AppSession.test.tsx[2m > [22m[2mTC-UI-040 nothing operational is shown before a session exists[2m > [22m[2mshows the operating console once a session exists
[22m[39mAn update to AvailabilityQueue inside a test was not wrapped in act(...).

When testing, code that causes React state updates should be wrapped into act(...):

act(() => {
  /* fire events that update state */
});
/* assert on the output */

This ensures that you're testing the behavior the user would see in the browser. Learn more at https://react.dev/link/wrap-tests-with-act
An update to AvailabilityQueue inside a test was not wrapped in act(...).

When testing, code that causes React state updates should be wrapped into act(...):

act(() => {
  /* fire events that update state */
});
/* assert on the output */

This ensures that you're testing the behavior the user would see in the browser. Learn more at https://react.dev/link/wrap-tests-with-act
An update to AvailabilityCases inside a test was not wrapped in act(...).

When testing, code that causes React state updates should be wrapped into act(...):

act(() => {
  /* fire events that update state */
});
/* assert on the output */

This ensures that you're testing the behavior the user would see in the browser. Learn more at https://react.dev/link/wrap-tests-with-act
An update to AvailabilityCases inside a test was not wrapped in act(...).

When testing, code that causes React state updates should be wrapped into act(...):

act(() => {
  /* fire events that update state */
});
/* assert on the output */

This ensures that you're testing the behavior the user would see in the browser. Learn more at https://react.dev/link/wrap-tests-with-act
An update to AdvertisingBriefView inside a test was not wrapped in act(...).

When testing, code that causes React state updates should be wrapped into act(...):

act(() => {
  /* fire events that update state */
});
/* assert on the output */

This ensures that you're testing the behavior the user would see in the browser. Learn more at https://react.dev/link/wrap-tests-with-act
An update to AdvertisingQueue inside a test was not wrapped in act(...).

When testing, code that causes React state updates should be wrapped into act(...):

act(() => {
  /* fire events that update state */
});
/* assert on the output */

This ensures that you're testing the behavior the user would see in the browser. Learn more at https://react.dev/link/wrap-tests-with-act
An update to AdvertisingQueue inside a test was not wrapped in act(...).

When testing, code that causes React state updates should be wrapped into act(...):

act(() => {
  /* fire events that update state */
});
/* assert on the output */

This ensures that you're testing the behavior the user would see in the browser. Learn more at https://react.dev/link/wrap-tests-with-act
An update to PriorityQueue inside a test was not wrapped in act(...).

When testing, code that causes React state updates should be wrapped into act(...):

act(() => {
  /* fire events that update state */
});
/* assert on the output */

This ensures that you're testing the behavior the user would see in the browser. Learn more at https://react.dev/link/wrap-tests-with-act
An update to PriorityQueue inside a test was not wrapped in act(...).

When testing, code that causes React state updates should be wrapped into act(...):

act(() => {
  /* fire events that update state */
});
/* assert on the output */

This ensures that you're testing the behavior the user would see in the browser. Learn more at https://react.dev/link/wrap-tests-with-act
An update to AdvertisingOperations inside a test was not wrapped in act(...).

When testing, code that causes React state updates should be wrapped into act(...):

act(() => {
  /* fire events that update state */
});
/* assert on the output */

This ensures that you're testing the behavior the user would see in the browser. Learn more at https://react.dev/link/wrap-tests-with-act

[90mstderr[2m | src/__tests__/AppSession.test.tsx[2m > [22m[2mTC-UI-040 nothing operational is shown before a session exists[2m > [22m[2mtreats an expired session as no session
[22m[39mAn update to HealthShell inside a test was not wrapped in act(...).

When testing, code that causes React state updates should be wrapped into act(...):

act(() => {
  /* fire events that update state */
});
/* assert on the output */

This ensures that you're testing the behavior the user would see in the browser. Learn more at https://react.dev/link/wrap-tests-with-act
An update to HealthShell inside a test was not wrapped in act(...).

When testing, code that causes React state updates should be wrapped into act(...):

act(() => {
  /* fire events that update state */
});
/* assert on the output */

This ensures that you're testing the behavior the user would see in the browser. Learn more at https://react.dev/link/wrap-tests-with-act

 [32m✓[39m src/__tests__/AdvertisingBrief.test.tsx [2m([22m[2m8 tests[22m[2m)[22m[33m 304[2mms[22m[39m
 [32m✓[39m src/__tests__/AvailabilityQueue.test.tsx [2m([22m[2m14 tests[22m[2m)[22m[33m 429[2mms[22m[39m
[90mstderr[2m | src/__tests__/AppSession.test.tsx[2m > [22m[2mTC-UI-042 the journey runs in the order the work happens[2m > [22m[2mlets an operator sign out
[22m[39mAn update to AvailabilityQueue inside a test was not wrapped in act(...).

When testing, code that causes React state updates should be wrapped into act(...):

act(() => {
  /* fire events that update state */
});
/* assert on the output */

This ensures that you're testing the behavior the user would see in the browser. Learn more at https://react.dev/link/wrap-tests-with-act
An update to AvailabilityQueue inside a test was not wrapped in act(...).

When testing, code that causes React state updates should be wrapped into act(...):

act(() => {
  /* fire events that update state */
});
/* assert on the output */

This ensures that you're testing the behavior the user would see in the browser. Learn more at https://react.dev/link/wrap-tests-with-act
An update to AvailabilityCases inside a test was not wrapped in act(...).

When testing, code that causes React state updates should be wrapped into act(...):

act(() => {
  /* fire events that update state */
});
/* assert on the output */

This ensures that you're testing the behavior the user would see in the browser. Learn more at https://react.dev/link/wrap-tests-with-act
An update to AvailabilityCases inside a test was not wrapped in act(...).

When testing, code that causes React state updates should be wrapped into act(...):

act(() => {
  /* fire events that update state */
});
/* assert on the output */

This ensures that you're testing the behavior the user would see in the browser. Learn more at https://react.dev/link/wrap-tests-with-act
An update to AdvertisingBriefView inside a test was not wrapped in act(...).

When testing, code that causes React state updates should be wrapped into act(...):

act(() => {
  /* fire events that update state */
});
/* assert on the output */

This ensures that you're testing the behavior the user would see in the browser. Learn more at https://react.dev/link/wrap-tests-with-act
An update to AdvertisingQueue inside a test was not wrapped in act(...).

When testing, code that causes React state updates should be wrapped into act(...):

act(() => {
  /* fire events that update state */
});
/* assert on the output */

This ensures that you're testing the behavior the user would see in the browser. Learn more at https://react.dev/link/wrap-tests-with-act
An update to AdvertisingQueue inside a test was not wrapped in act(...).

When testing, code that causes React state updates should be wrapped into act(...):

act(() => {
  /* fire events that update state */
});
/* assert on the output */

This ensures that you're testing the behavior the user would see in the browser. Learn more at https://react.dev/link/wrap-tests-with-act
An update to PriorityQueue inside a test was not wrapped in act(...).

When testing, code that causes React state updates should be wrapped into act(...):

act(() => {
  /* fire events that update state */
});
/* assert on the output */

This ensures that you're testing the behavior the user would see in the browser. Learn more at https://react.dev/link/wrap-tests-with-act
An update to PriorityQueue inside a test was not wrapped in act(...).

When testing, code that causes React state updates should be wrapped into act(...):

act(() => {
  /* fire events that update state */
});
/* assert on the output */

This ensures that you're testing the behavior the user would see in the browser. Learn more at https://react.dev/link/wrap-tests-with-act
An update to AdvertisingOperations inside a test was not wrapped in act(...).

When testing, code that causes React state updates should be wrapped into act(...):

act(() => {
  /* fire events that update state */
});
/* assert on the output */

This ensures that you're testing the behavior the user would see in the browser. Learn more at https://react.dev/link/wrap-tests-with-act

 [32m✓[39m src/__tests__/AppSession.test.tsx [2m([22m[2m14 tests[22m[2m)[22m[33m 884[2mms[22m[39m
 [32m✓[39m src/__tests__/AdvertisingRecoveryWorkflow.test.tsx [2m([22m[2m8 tests[22m[2m)[22m[33m 649[2mms[22m[39m
 [32m✓[39m src/__tests__/oidc.test.ts [2m([22m[2m12 tests[22m[2m)[22m[32m 47[2mms[22m[39m
 [32m✓[39m src/__tests__/AvailabilityAuthorityPanel.test.tsx [2m([22m[2m3 tests[22m[2m)[22m[32m 290[2mms[22m[39m
 [32m✓[39m src/__tests__/metaStatus.test.ts [2m([22m[2m10 tests[22m[2m)[22m[32m 21[2mms[22m[39m
 [32m✓[39m src/__tests__/healthState.test.ts [2m([22m[2m9 tests[22m[2m)[22m[32m 11[2mms[22m[39m
 [32m✓[39m src/__tests__/viteConfig.test.ts [2m([22m[2m12 tests[22m[2m)[22m[32m 10[2mms[22m[39m
 [32m✓[39m src/__tests__/confidence.test.ts [2m([22m[2m10 tests[22m[2m)[22m[32m 4[2mms[22m[39m
 [32m✓[39m src/__tests__/sourceIdentity.test.ts [2m([22m[2m7 tests[22m[2m)[22m[32m 66[2mms[22m[39m
 [32m✓[39m src/__tests__/config.test.ts [2m([22m[2m4 tests[22m[2m)[22m[32m 3[2mms[22m[39m
 [32m✓[39m src/__tests__/buildInfo.test.ts [2m([22m[2m2 tests[22m[2m)[22m[32m 8[2mms[22m[39m
 [32m✓[39m src/__tests__/App.test.tsx [2m([22m[2m2 tests[22m[2m)[22m[32m 86[2mms[22m[39m

[2m Test Files [22m [1m[32m22 passed[39m[22m[90m (22)[39m
[2m      Tests [22m [1m[32m358 passed[39m[22m[90m (358)[39m
[2m   Start at [22m 09:44:26
[2m   Duration [22m 10.19s[2m (transform 5.89s, setup 6.79s, import 8.43s, tests 13.73s, environment 28.41s)[22m

JSON report written to /Users/chzhengx/Code/personal/marketops-platform/build/final-gate-r6-e278b1e/frontend/tests.json
[34m % [39m[2mCoverage report from [22m[33mv8[39m

=============================== Coverage summary ===============================
Statements   : 86.48% ( 1914/2213 )
Branches     : 80.84% ( 1950/2412 )
Functions    : 87.71% ( 521/594 )
Lines        : 87.19% ( 1852/2124 )
================================================================================

> marketops-console@0.1.0 verify:bundle
> node scripts/verify-bundle-isolation.mjs


> marketops-console@0.1.0 build
> tsc --noEmit && vite build

[36mvite v8.2.1 [32mbuilding client environment for production...[36m[39m
[2Ktransforming...✓ 60 modules transformed.
rendering chunks...
dist/index.html                  1.32 kB
dist/assets/index-94lS3Q5T.js  350.89 kB

[32m✓ built in 80ms[39m
bundle isolation PASS: only prefixed values reached the bundle

> marketops-console@0.1.0 build
> tsc --noEmit && vite build

[36mvite v8.2.1 [32mbuilding client environment for production...[36m[39m
[2Ktransforming...✓ 60 modules transformed.
rendering chunks...
dist/index.html                  1.32 kB
dist/assets/index-Z5XEvblO.js  350.88 kB

[32m✓ built in 88ms[39m
