#0 building with "default" instance using docker driver

#1 [internal] load build definition from backend.Dockerfile
#1 transferring dockerfile: 790B done
#1 DONE 0.0s

#2 [internal] load metadata for docker.io/library/eclipse-temurin:21-jre-noble@sha256:96975602e131485862eb8cd32927face8a06d7591a5e865944b634a701d9df72
#2 DONE 0.0s

#3 [internal] load .dockerignore
#3 transferring context: 2B done
#3 DONE 0.0s

#4 [1/5] FROM docker.io/library/eclipse-temurin:21-jre-noble@sha256:96975602e131485862eb8cd32927face8a06d7591a5e865944b634a701d9df72
#4 DONE 0.2s

#5 [2/5] WORKDIR /opt/marketops
#5 ...

#6 [internal] load build context
#6 transferring context: 42.47MB 0.1s done
#6 DONE 1.1s

#5 [2/5] WORKDIR /opt/marketops
#5 DONE 1.5s

#7 [3/5] COPY --chown=10001:10001 --chmod=0444 backend/marketops-server/target/marketops-server-*.jar /opt/marketops/app.jar
#7 DONE 0.2s

#8 [4/5] RUN test "$(sha256sum /opt/marketops/app.jar | cut -d ' ' -f1)" = "61b54a2b0e16724c83cdbfc14ad4dedfd10cd308a38d6b7546d623aba167e55b"
#8 DONE 0.2s

#9 [5/5] COPY --chown=10001:10001 --chmod=0444 infra/yandex/runtime/certs/yandex-root.crt /opt/marketops/certs/yandex-root.crt
#9 DONE 0.0s

#10 exporting to image
#10 exporting layers
#10 exporting layers 1.4s done
#10 writing image sha256:9a18ec5022fdae6c58be7c9758636ee525809947eff1fc0aefedd300212519a0 done
#10 naming to docker.io/library/marketops-backend-verification:61b54a2b0e16724c done
#10 DONE 1.4s
