{
  "terraform": "1.14.9",
  "provider": "yandex-cloud/yandex 0.220.0",
  "plans": [
    {
      "environment": "bootstrap",
      "resource_count": 11,
      "state_custody": "PASS",
      "external_verification": "NOT_PERFORMED",
      "plan_sha256": "ab96eae5363c858bd09080e5986554486b3e2f2736b533d101fe9952a8a73839",
      "apply": "NOT_EXECUTED"
    },
    {
      "environment": "staging",
      "resource_count": 75,
      "network": "PASS",
      "runtime": "PASS",
      "secret_plan_persistence": "ABSENT",
      "external_verification": "NOT_PERFORMED",
      "foundation": {
        "environment": "staging",
        "resource_count": 67,
        "network": "PASS",
        "runtime": "NOT_CREATED_BEFORE_MIGRATION",
        "secret_plan_persistence": "ABSENT",
        "external_verification": "NOT_PERFORMED"
      },
      "unproven_runtime": "REFUSED_EXPECTED_MISSING_MIGRATION_EVIDENCE",
      "plan_sha256": "6b7d9925b7f78bf875757fdc81bdbbb55396f0060f7aaddab30111e9ab695c03",
      "apply": "NOT_EXECUTED"
    },
    {
      "environment": "production",
      "resource_count": 75,
      "network": "PASS",
      "runtime": "PASS",
      "secret_plan_persistence": "ABSENT",
      "external_verification": "NOT_PERFORMED",
      "foundation": {
        "environment": "production",
        "resource_count": 67,
        "network": "PASS",
        "runtime": "NOT_CREATED_BEFORE_MIGRATION",
        "secret_plan_persistence": "ABSENT",
        "external_verification": "NOT_PERFORMED"
      },
      "unproven_runtime": "REFUSED_EXPECTED_MISSING_MIGRATION_EVIDENCE",
      "plan_sha256": "52c0503cd37a2a687a3f6a55cefa4f142bd0e1c01125a3c79132c41aa21a0da5",
      "apply": "NOT_EXECUTED"
    }
  ],
  "provider_installation": "LOCKFILE_VERIFIED_LOCAL_MIRROR",
  "lockfiles": {
    "infra/yandex/bootstrap/.terraform.lock.hcl": "ad2cbf55acc008b0c54953b67a073a7ba494624cdfcb2c8d0d0af6a518669a37",
    "infra/yandex/environments/staging/.terraform.lock.hcl": "ad2cbf55acc008b0c54953b67a073a7ba494624cdfcb2c8d0d0af6a518669a37",
    "infra/yandex/environments/production/.terraform.lock.hcl": "ad2cbf55acc008b0c54953b67a073a7ba494624cdfcb2c8d0d0af6a518669a37"
  },
  "real_provider_api_calls": "NONE_MOCK_PROVIDER",
  "deployment": "NOT_AUTHORIZED",
  "state_inspection_scope": "WRITE_ONLY_SCHEMA_AND_SYNTHETIC_PLAN_VALUES_NO_REAL_STATE"
}
.........
----------------------------------------------------------------------
Ran 9 tests in 0.428s

OK
.............
----------------------------------------------------------------------
Ran 13 tests in 0.051s

OK
.......
----------------------------------------------------------------------
Ran 7 tests in 0.003s

OK
