test_actual_binder_independently_rejects_relabelled_old_raw (test_composite_execution_scopes.CompositeScopes) ... ok
test_actual_binder_rejects_wrong_run_identity_or_receipt_metadata (test_composite_execution_scopes.CompositeScopes) ... ok
test_actual_catalog_and_binder_join_real_own_raw_and_keep_both_scopes (test_composite_execution_scopes.CompositeScopes) ... ok
test_actual_catalog_rejects_the_old22_adapter_even_with_unchanged_test_sha (test_composite_execution_scopes.CompositeScopes) ... ok
test_actual_new_raw_preserves_separate_product_and_execution_identity (test_composite_execution_scopes.CompositeScopes) ... ok
test_actual_pending_assembly_preserves_execution_scope_and_receipt_publication (test_composite_execution_scopes.CompositeScopes) ... ok
test_additional_node_cannot_use_a_direct_non_composite_layer (test_composite_execution_scopes.CompositeScopes) ... ok
test_changed_raw_bytes_are_rejected (test_composite_execution_scopes.CompositeScopes) ... ok
test_duplicate_raw_registration_within_receipt_is_ambiguous (test_composite_execution_scopes.CompositeScopes) ... ok
test_duplicate_run_id_across_scopes_is_rejected (test_composite_execution_scopes.CompositeScopes) ... ok
test_duplicate_tool_execution_registration_is_rejected (test_composite_execution_scopes.CompositeScopes) ... ok
test_failed_original_product_parent_is_not_laundered_by_tools (test_composite_execution_scopes.CompositeScopes) ... ok
test_identical_test_sha_cannot_move_old22_raw_to_new_tool_receipt (test_composite_execution_scopes.CompositeScopes) ... ok
test_missing_tool_execution_refuses (test_composite_execution_scopes.CompositeScopes) ... ok
test_same_raw_bytes_at_another_path_are_not_execution_membership (test_composite_execution_scopes.CompositeScopes) ... ok
test_shared_raw_registration_between_product_and_derivation_is_ambiguous (test_composite_execution_scopes.CompositeScopes) ... ok
test_source_pin_must_be_in_the_exact_own_receipt (test_composite_execution_scopes.CompositeScopes) ... ok
test_tool_receipt_not_registered_by_an_additional_input_is_rejected (test_composite_execution_scopes.CompositeScopes) ... ok
test_wrapper_cannot_invent_aggregate_execution_fields (test_composite_execution_scopes.CompositeScopes) ... ok
test_wrong_product_parent_identity_is_rejected (test_composite_execution_scopes.CompositeScopes) ... ok
test_assembly_independently_refuses_derivation_raw_disguised_as_runtime (test_composite_execution_scopes.ProductRawScopeAndLegacyAdditional) ... ok
test_assembly_keeps_legitimate_original_parent_runtime_scope (test_composite_execution_scopes.ProductRawScopeAndLegacyAdditional) ... ok
test_binder_repeats_runtime_raw_membership_even_for_unselected_nodes (test_composite_execution_scopes.ProductRawScopeAndLegacyAdditional) ... ok
test_catalog_refuses_derivation_raw_masquerading_as_runtime_structure (test_composite_execution_scopes.ProductRawScopeAndLegacyAdditional) ... ok
test_exact_measured_inventory_reference_is_a_product_reference (test_composite_execution_scopes.ProductRawScopeAndLegacyAdditional) ... ok
test_original_parent_receipt_itself_is_a_product_reference (test_composite_execution_scopes.ProductRawScopeAndLegacyAdditional) ... ok
test_original_parent_runtime_structured_raw_is_admitted (test_composite_execution_scopes.ProductRawScopeAndLegacyAdditional) ... ok
test_same_head_additional_source_still_refuses_wrong_parent_run (test_composite_execution_scopes.ProductRawScopeAndLegacyAdditional) ... ok
test_same_head_additional_unregistered_raw_fails_binder_and_direct_assembly (test_composite_execution_scopes.ProductRawScopeAndLegacyAdditional) ... ok
test_same_head_executed_additional_source_uses_original_parent_without_D_wrapper (test_composite_execution_scopes.ProductRawScopeAndLegacyAdditional) ... ok
test_wrong_inventory_reference_cannot_authorize_a_tool_raw_as_product (test_composite_execution_scopes.ProductRawScopeAndLegacyAdditional) ... ok
test_actual_assembler_and_binder_keep_product_nodes_and_independent_tool_identity (test_derivation_source_identity.DerivationIdentity) ... ok
test_arbitrary_crlf_exception_is_rejected (test_derivation_source_identity.DerivationIdentity) ... ok
test_captured_original_product_identity_cannot_be_swapped (test_derivation_source_identity.DerivationIdentity) ... ok
test_changed_existing_runtime_code_in_descendant_is_rejected (test_derivation_source_identity.DerivationIdentity) ... ok
test_changed_inventoried_document_collector_is_not_an_evidence_exception (test_derivation_source_identity.DerivationIdentity) ... ok
test_dirty_runtime_or_helper_cannot_use_clean_commit_receipt (test_derivation_source_identity.DerivationIdentity) ... ok
test_duplicate_crlf_exception_is_rejected (test_derivation_source_identity.DerivationIdentity) ... ok
test_duplicate_inventory_path_is_rejected (test_derivation_source_identity.DerivationIdentity) ... ok
test_evidence_only_descendant_preserves_product_identity_and_all_git_runtime_blobs (test_derivation_source_identity.DerivationIdentity) ... ok
test_failed_incomplete_future_or_changed_log_receipt_is_rejected (test_derivation_source_identity.DerivationIdentity) ... ok
test_helper_cannot_claim_old_product_head (test_derivation_source_identity.DerivationIdentity) ... ok
test_incomplete_runtime_inventory_is_rejected (test_derivation_source_identity.DerivationIdentity) ... ok
test_missing_receipt_is_rejected (test_derivation_source_identity.DerivationIdentity) ... ok
test_new_runtime_file_outside_original_inventory_is_rejected (test_derivation_source_identity.DerivationIdentity) ... ok
test_new_top_level_executable_is_rejected (test_derivation_source_identity.DerivationIdentity) ... ok
test_non_descendant_tool_commit_is_rejected (test_derivation_source_identity.DerivationIdentity) ... ok
test_only_two_declared_crlf_checkout_paths_are_allowed (test_derivation_source_identity.DerivationIdentity) ... ok
test_product_head_cannot_be_relabelled_as_new_tool_commit (test_derivation_source_identity.DerivationIdentity) ... ok
test_receipt_cannot_be_a_product_run (test_derivation_source_identity.DerivationIdentity) ... ok
test_runtime_file_mode_change_is_rejected (test_derivation_source_identity.DerivationIdentity) ... ok
test_same_head_legacy_additional_pin_is_not_silently_moved_to_derivation_identity (test_derivation_source_identity.DerivationIdentity) ... ok
test_unexecuted_helper_and_wrong_executed_source_are_rejected (test_derivation_source_identity.DerivationIdentity) ... ok
test_wrong_derivation_tree_is_rejected (test_derivation_source_identity.DerivationIdentity) ... ok
test_wrong_helper_git_blob_is_rejected (test_derivation_source_identity.DerivationIdentity) ... ok
test_wrong_helper_sha_is_rejected (test_derivation_source_identity.DerivationIdentity) ... ok
test_wrong_product_inventory_hash_is_rejected (test_derivation_source_identity.DerivationIdentity) ... ok
test_actual_catalog_ambiguous_source_stays_unbound (test_nested_junit_source.AssemblerCatalog) ... ok
test_actual_catalog_changed_shared_resolver_is_refused (test_nested_junit_source.AssemblerCatalog) ... ok
test_actual_catalog_conventional_without_root_is_unchanged (test_nested_junit_source.AssemblerCatalog) ... ok
test_actual_catalog_duplicate_exact_node_stays_unbound (test_nested_junit_source.AssemblerCatalog) ... ok
test_actual_catalog_missing_root_ignores_display_override_config (test_nested_junit_source.AssemblerCatalog) ... ok
test_actual_catalog_preserves_raw_display_and_ordinal_with_bound_suite_source (test_nested_junit_source.AssemblerCatalog) ... ok
test_actual_catalog_repeated_nested_method_stays_unbound (test_nested_junit_source.AssemblerCatalog) ... ok
test_actual_catalog_root_class_conflict_stays_unbound (test_nested_junit_source.AssemblerCatalog) ... ok
test_actual_catalog_unmeasured_shared_resolver_is_refused (test_nested_junit_source.AssemblerCatalog) ... ok
test_display_named_family_binds_each_original_parameter (test_nested_junit_source.BinderRawFamily) ... ok
test_duplicate_original_display_instance_stays_ambiguous (test_nested_junit_source.BinderRawFamily) ... ok
test_forged_catalog_root_resolution_metadata_is_rejected (test_nested_junit_source.BinderRawFamily) ... ok
test_forged_catalog_source_cannot_override_missing_root (test_nested_junit_source.BinderRawFamily) ... ok
test_hidden_same_method_in_second_nested_class_is_ambiguous (test_nested_junit_source.BinderRawFamily) ... ok
test_hidden_second_suite_report_failure_cannot_be_missed_by_display_class (test_nested_junit_source.BinderRawFamily) ... ok
test_omitted_display_parameter_still_blocks_whole_family (test_nested_junit_source.BinderRawFamily) ... ok
test_same_display_in_different_source_is_not_silently_merged (test_nested_junit_source.BinderRawFamily) ... ok
test_explicit_browser_source_keeps_original_non_java_junit_identity (test_nested_junit_source.BrowserRawFamily) ... ok
test_forged_browser_ordinal_still_refuses (test_nested_junit_source.BrowserRawFamily) ... ok
test_ambiguous_inventory_source_cannot_fallback (test_nested_junit_source.SourceResolution) ... ok
test_conventional_class_with_or_without_root_stays_direct (test_nested_junit_source.SourceResolution) ... ok
test_display_class_uses_original_root_suite_only (test_nested_junit_source.SourceResolution) ... ok
test_missing_or_non_java_root_cannot_bind_display (test_nested_junit_source.SourceResolution) ... ok
test_nested_testsuites_container_is_not_an_invented_root_authority (test_nested_junit_source.SourceResolution) ... ok
test_raw_fields_ordinal_status_and_xml_bytes_are_preserved (test_nested_junit_source.SourceResolution) ... ok
test_root_and_conventional_class_conflict_refuses (test_nested_junit_source.SourceResolution) ... ok
test_unknown_java_testcase_cannot_borrow_another_valid_root (test_nested_junit_source.SourceResolution) ... ok
test_ambiguous_duplicate_instance_no_proposal (test_propose_method_bindings.Boundaries) ... ok
test_blocked_policy_rows_not_proposed (test_propose_method_bindings.Boundaries) ... ok
test_catalog_failed_instance_blocks_whole_method (test_propose_method_bindings.Boundaries) ... ok
test_catalog_skipped_instance_blocks_whole_method (test_propose_method_bindings.Boundaries) ... ok
test_duplicate_node_id_rejected (test_propose_method_bindings.Boundaries) ... ok
test_exact_java_all_parameters_proposed (test_propose_method_bindings.Boundaries) ... ok
test_existing_selections_cannot_be_silently_replaced (test_propose_method_bindings.Boundaries) ... ok
test_failed_checkpoint_rejected (test_propose_method_bindings.Boundaries) ... ok
test_failed_parent_layer_no_proposal (test_propose_method_bindings.Boundaries) ... ok
test_no_historical_fallback (test_propose_method_bindings.Boundaries) ... ok
test_nonmember_catalog_source_rejected_even_unselected (test_propose_method_bindings.Boundaries) ... ok
test_omitted_raw_parameter_blocks_whole_method (test_propose_method_bindings.Boundaries) ... ok
test_omitted_second_report_failure_blocks (test_propose_method_bindings.Boundaries) ... ok
test_python_and_browser_full_name_only (test_propose_method_bindings.Boundaries) ... ok
test_raw_pointer_type_is_strict (test_propose_method_bindings.Boundaries) ... ok
test_raw_xml_sha_change_rejected (test_propose_method_bindings.Boundaries) ... ok
test_running_parent_layer_no_proposal (test_propose_method_bindings.Boundaries) ... ok
test_selector_wrong_source_sha_unbound (test_propose_method_bindings.Boundaries) ... ok
test_unexecuted_additional_source_no_proposal (test_propose_method_bindings.Boundaries) ... ok
test_wrong_catalog_tree_rejected (test_propose_method_bindings.Boundaries) ... ok
test_wrong_parent_inventory_no_proposal (test_propose_method_bindings.Boundaries) ... ok
test_wrong_plan_head_rejected (test_propose_method_bindings.Boundaries) ... ok

----------------------------------------------------------------------
Ran 106 tests in 59.169s

OK
